<!doctype html public "-//w3c//dtd html 4.0 transitional//en">
<html><head>
<title>Static Call Graph - [.\HT32\53a367a\Obj\HT32.axf]</title></head>
<body><HR>
<H1>Static Call Graph for image .\HT32\53a367a\Obj\HT32.axf</H1><HR>
<BR><P>#&#060CALLGRAPH&#062# ARM Linker, 6240002: Last Updated: Fri Apr 17 16:18:55 2026
<BR><P>
<H3>Maximum Stack Usage =        440 bytes + Unknown(Cycles, Untraceable Function Pointers)</H3><H3>
Call chain for Maximum Stack Depth:</H3>
main &rArr; System_Configuration &rArr; I2C_Init &rArr; CKCU_GetPeripFrequency &rArr; CKCU_GetClocksFrequency &rArr; CKCU_GetPLLFrequency
<P>
<H3>
Mutually Recursive functions
</H3> <LI><a href="#[e]">ADC_IRQHandler</a>&nbsp;&nbsp;&nbsp;&rArr;&nbsp;&nbsp;&nbsp;<a href="#[e]">ADC_IRQHandler</a><BR>
</UL>
<P>
<H3>
Function Pointers
</H3><UL>
 <LI><a href="#[e]">ADC_IRQHandler</a> from startup_ht32f5xxxx_03.o(RESET) referenced from startup_ht32f5xxxx_03.o(RESET)
 <LI><a href="#[f]">AES_IRQHandler</a> from startup_ht32f5xxxx_03.o(RESET) referenced from startup_ht32f5xxxx_03.o(RESET)
 <LI><a href="#[17]">BFTM0_IRQHandler</a> from startup_ht32f5xxxx_03.o(RESET) referenced from startup_ht32f5xxxx_03.o(RESET)
 <LI><a href="#[18]">BFTM1_IRQHandler</a> from startup_ht32f5xxxx_03.o(RESET) referenced from startup_ht32f5xxxx_03.o(RESET)
 <LI><a href="#[26]">BootProcess</a> from startup_ht32f5xxxx_03.o(RESET) referenced from startup_ht32f5xxxx_03.o(RESET)
 <LI><a href="#[d]">COMP_DAC_IRQHandler</a> from startup_ht32f5xxxx_03.o(RESET) referenced from startup_ht32f5xxxx_03.o(RESET)
 <LI><a href="#[9]">EVWUP_IRQHandler</a> from startup_ht32f5xxxx_03.o(RESET) referenced from startup_ht32f5xxxx_03.o(RESET)
 <LI><a href="#[a]">EXTI0_1_IRQHandler</a> from startup_ht32f5xxxx_03.o(RESET) referenced from startup_ht32f5xxxx_03.o(RESET)
 <LI><a href="#[b]">EXTI2_3_IRQHandler</a> from startup_ht32f5xxxx_03.o(RESET) referenced from startup_ht32f5xxxx_03.o(RESET)
 <LI><a href="#[c]">EXTI4_15_IRQHandler</a> from startup_ht32f5xxxx_03.o(RESET) referenced from startup_ht32f5xxxx_03.o(RESET)
 <LI><a href="#[8]">FLASH_IRQHandler</a> from startup_ht32f5xxxx_03.o(RESET) referenced from startup_ht32f5xxxx_03.o(RESET)
 <LI><a href="#[12]">GPTM0_IRQHandler</a> from startup_ht32f5xxxx_03.o(RESET) referenced from startup_ht32f5xxxx_03.o(RESET)
 <LI><a href="#[2]">HardFault_Handler</a> from ht32f5xxxx_01_it.o(.text.HardFault_Handler) referenced from startup_ht32f5xxxx_03.o(RESET)
 <LI><a href="#[19]">I2C0_IRQHandler</a> from startup_ht32f5xxxx_03.o(RESET) referenced from startup_ht32f5xxxx_03.o(RESET)
 <LI><a href="#[1a]">I2C1_IRQHandler</a> from startup_ht32f5xxxx_03.o(RESET) referenced from startup_ht32f5xxxx_03.o(RESET)
 <LI><a href="#[22]">I2S_IRQHandler</a> from startup_ht32f5xxxx_03.o(RESET) referenced from startup_ht32f5xxxx_03.o(RESET)
 <LI><a href="#[6]">LVD_BOD_IRQHandler</a> from startup_ht32f5xxxx_03.o(RESET) referenced from startup_ht32f5xxxx_03.o(RESET)
 <LI><a href="#[10]">MCTM0_IRQHandler</a> from startup_ht32f5xxxx_03.o(RESET) referenced from startup_ht32f5xxxx_03.o(RESET)
 <LI><a href="#[1]">NMI_Handler</a> from ht32f5xxxx_01_it.o(.text.NMI_Handler) referenced from startup_ht32f5xxxx_03.o(RESET)
 <LI><a href="#[24]">PDMA_CH0_1_IRQHandler</a> from startup_ht32f5xxxx_03.o(RESET) referenced from startup_ht32f5xxxx_03.o(RESET)
 <LI><a href="#[25]">PDMA_CH2_5_IRQHandler</a> from startup_ht32f5xxxx_03.o(RESET) referenced from startup_ht32f5xxxx_03.o(RESET)
 <LI><a href="#[15]">PWM0_IRQHandler</a> from startup_ht32f5xxxx_03.o(RESET) referenced from startup_ht32f5xxxx_03.o(RESET)
 <LI><a href="#[16]">PWM1_IRQHandler</a> from startup_ht32f5xxxx_03.o(RESET) referenced from startup_ht32f5xxxx_03.o(RESET)
 <LI><a href="#[4]">PendSV_Handler</a> from ht32f5xxxx_01_it.o(.text.PendSV_Handler) referenced from startup_ht32f5xxxx_03.o(RESET)
 <LI><a href="#[11]">QSPI_IRQHandler</a> from startup_ht32f5xxxx_03.o(RESET) referenced from startup_ht32f5xxxx_03.o(RESET)
 <LI><a href="#[7]">RTC_IRQHandler</a> from startup_ht32f5xxxx_03.o(RESET) referenced from startup_ht32f5xxxx_03.o(RESET)
 <LI><a href="#[0]">Reset_Handler</a> from startup_ht32f5xxxx_03.o(RESET) referenced from startup_ht32f5xxxx_03.o(RESET)
 <LI><a href="#[21]">SCI_IRQHandler</a> from startup_ht32f5xxxx_03.o(RESET) referenced from startup_ht32f5xxxx_03.o(RESET)
 <LI><a href="#[13]">SCTM0_IRQHandler</a> from startup_ht32f5xxxx_03.o(RESET) referenced from startup_ht32f5xxxx_03.o(RESET)
 <LI><a href="#[14]">SCTM1_IRQHandler</a> from startup_ht32f5xxxx_03.o(RESET) referenced from startup_ht32f5xxxx_03.o(RESET)
 <LI><a href="#[1b]">SPI0_IRQHandler</a> from startup_ht32f5xxxx_03.o(RESET) referenced from startup_ht32f5xxxx_03.o(RESET)
 <LI><a href="#[1c]">SPI1_IRQHandler</a> from startup_ht32f5xxxx_03.o(RESET) referenced from startup_ht32f5xxxx_03.o(RESET)
 <LI><a href="#[3]">SVC_Handler</a> from ht32f5xxxx_01_it.o(.text.SVC_Handler) referenced from startup_ht32f5xxxx_03.o(RESET)
 <LI><a href="#[5]">SysTick_Handler</a> from ht32f5xxxx_01_it.o(.text.SysTick_Handler) referenced from startup_ht32f5xxxx_03.o(RESET)
 <LI><a href="#[27]">SystemInit</a> from system_ht32f5xxxx_03.o(.text.SystemInit) referenced from startup_ht32f5xxxx_03.o(RESET)
 <LI><a href="#[1f]">UART0_UART2_IRQHandler</a> from startup_ht32f5xxxx_03.o(RESET) referenced from startup_ht32f5xxxx_03.o(RESET)
 <LI><a href="#[20]">UART1_UART3_IRQHandler</a> from startup_ht32f5xxxx_03.o(RESET) referenced from startup_ht32f5xxxx_03.o(RESET)
 <LI><a href="#[1d]">USART0_IRQHandler</a> from startup_ht32f5xxxx_03.o(RESET) referenced from startup_ht32f5xxxx_03.o(RESET)
 <LI><a href="#[1e]">USART1_IRQHandler</a> from startup_ht32f5xxxx_03.o(RESET) referenced from startup_ht32f5xxxx_03.o(RESET)
 <LI><a href="#[23]">USB_IRQHandler</a> from startup_ht32f5xxxx_03.o(RESET) referenced from startup_ht32f5xxxx_03.o(RESET)
 <LI><a href="#[28]">__main</a> from entry.o(.ARM.Collect$$$$00000000) referenced from startup_ht32f5xxxx_03.o(RESET)
 <LI><a href="#[2b]">_sputc</a> from printfa.o(i._sputc) referenced from printfa.o(i.__0sprintf)
 <LI><a href="#[2a]">fputc</a> from ht32_retarget.o(.text.fputc) referenced from printfa.o(i.__0printf)
 <LI><a href="#[29]">main</a> from main.o(.text.main) referenced from entry9a.o(.ARM.Collect$$$$0000000B)
</UL>
<P>
<H3>
Global Symbols
</H3>
<P><STRONG><a name="[0]"></a>Reset_Handler</STRONG> (Thumb, 12 bytes, Stack size 0 bytes, startup_ht32f5xxxx_03.o(RESET))
<BR>[Address Reference Count : 1]<UL><LI> startup_ht32f5xxxx_03.o(RESET)
</UL>
<P><STRONG><a name="[e]"></a>ADC_IRQHandler</STRONG> (Thumb, 0 bytes, Stack size 0 bytes, startup_ht32f5xxxx_03.o(RESET))
<BR><BR>[Calls]<UL><LI><a href="#[e]">&gt;&gt;</a>&nbsp;&nbsp;&nbsp;ADC_IRQHandler
</UL>
<BR>[Called By]<UL><LI><a href="#[e]">&gt;&gt;</a>&nbsp;&nbsp;&nbsp;ADC_IRQHandler
</UL>
<BR>[Address Reference Count : 1]<UL><LI> startup_ht32f5xxxx_03.o(RESET)
</UL>
<P><STRONG><a name="[f]"></a>AES_IRQHandler</STRONG> (Thumb, 0 bytes, Stack size 0 bytes, startup_ht32f5xxxx_03.o(RESET))
<BR>[Address Reference Count : 1]<UL><LI> startup_ht32f5xxxx_03.o(RESET)
</UL>
<P><STRONG><a name="[17]"></a>BFTM0_IRQHandler</STRONG> (Thumb, 0 bytes, Stack size 0 bytes, startup_ht32f5xxxx_03.o(RESET))
<BR>[Address Reference Count : 1]<UL><LI> startup_ht32f5xxxx_03.o(RESET)
</UL>
<P><STRONG><a name="[18]"></a>BFTM1_IRQHandler</STRONG> (Thumb, 0 bytes, Stack size 0 bytes, startup_ht32f5xxxx_03.o(RESET))
<BR>[Address Reference Count : 1]<UL><LI> startup_ht32f5xxxx_03.o(RESET)
</UL>
<P><STRONG><a name="[d]"></a>COMP_DAC_IRQHandler</STRONG> (Thumb, 0 bytes, Stack size 0 bytes, startup_ht32f5xxxx_03.o(RESET))
<BR>[Address Reference Count : 1]<UL><LI> startup_ht32f5xxxx_03.o(RESET)
</UL>
<P><STRONG><a name="[2c]"></a>COMP_IRQHandler</STRONG> (Thumb, 0 bytes, Stack size 0 bytes, startup_ht32f5xxxx_03.o(RESET), UNUSED, KEPT)

<P><STRONG><a name="[9]"></a>EVWUP_IRQHandler</STRONG> (Thumb, 0 bytes, Stack size 0 bytes, startup_ht32f5xxxx_03.o(RESET))
<BR>[Address Reference Count : 1]<UL><LI> startup_ht32f5xxxx_03.o(RESET)
</UL>
<P><STRONG><a name="[a]"></a>EXTI0_1_IRQHandler</STRONG> (Thumb, 0 bytes, Stack size 0 bytes, startup_ht32f5xxxx_03.o(RESET))
<BR>[Address Reference Count : 1]<UL><LI> startup_ht32f5xxxx_03.o(RESET)
</UL>
<P><STRONG><a name="[b]"></a>EXTI2_3_IRQHandler</STRONG> (Thumb, 0 bytes, Stack size 0 bytes, startup_ht32f5xxxx_03.o(RESET))
<BR>[Address Reference Count : 1]<UL><LI> startup_ht32f5xxxx_03.o(RESET)
</UL>
<P><STRONG><a name="[c]"></a>EXTI4_15_IRQHandler</STRONG> (Thumb, 0 bytes, Stack size 0 bytes, startup_ht32f5xxxx_03.o(RESET))
<BR>[Address Reference Count : 1]<UL><LI> startup_ht32f5xxxx_03.o(RESET)
</UL>
<P><STRONG><a name="[8]"></a>FLASH_IRQHandler</STRONG> (Thumb, 0 bytes, Stack size 0 bytes, startup_ht32f5xxxx_03.o(RESET))
<BR>[Address Reference Count : 1]<UL><LI> startup_ht32f5xxxx_03.o(RESET)
</UL>
<P><STRONG><a name="[12]"></a>GPTM0_IRQHandler</STRONG> (Thumb, 0 bytes, Stack size 0 bytes, startup_ht32f5xxxx_03.o(RESET))
<BR>[Address Reference Count : 1]<UL><LI> startup_ht32f5xxxx_03.o(RESET)
</UL>
<P><STRONG><a name="[19]"></a>I2C0_IRQHandler</STRONG> (Thumb, 0 bytes, Stack size 0 bytes, startup_ht32f5xxxx_03.o(RESET))
<BR>[Address Reference Count : 1]<UL><LI> startup_ht32f5xxxx_03.o(RESET)
</UL>
<P><STRONG><a name="[1a]"></a>I2C1_IRQHandler</STRONG> (Thumb, 0 bytes, Stack size 0 bytes, startup_ht32f5xxxx_03.o(RESET))
<BR>[Address Reference Count : 1]<UL><LI> startup_ht32f5xxxx_03.o(RESET)
</UL>
<P><STRONG><a name="[22]"></a>I2S_IRQHandler</STRONG> (Thumb, 0 bytes, Stack size 0 bytes, startup_ht32f5xxxx_03.o(RESET))
<BR>[Address Reference Count : 1]<UL><LI> startup_ht32f5xxxx_03.o(RESET)
</UL>
<P><STRONG><a name="[6]"></a>LVD_BOD_IRQHandler</STRONG> (Thumb, 0 bytes, Stack size 0 bytes, startup_ht32f5xxxx_03.o(RESET))
<BR>[Address Reference Count : 1]<UL><LI> startup_ht32f5xxxx_03.o(RESET)
</UL>
<P><STRONG><a name="[10]"></a>MCTM0_IRQHandler</STRONG> (Thumb, 0 bytes, Stack size 0 bytes, startup_ht32f5xxxx_03.o(RESET))
<BR>[Address Reference Count : 1]<UL><LI> startup_ht32f5xxxx_03.o(RESET)
</UL>
<P><STRONG><a name="[24]"></a>PDMA_CH0_1_IRQHandler</STRONG> (Thumb, 0 bytes, Stack size 0 bytes, startup_ht32f5xxxx_03.o(RESET))
<BR>[Address Reference Count : 1]<UL><LI> startup_ht32f5xxxx_03.o(RESET)
</UL>
<P><STRONG><a name="[25]"></a>PDMA_CH2_5_IRQHandler</STRONG> (Thumb, 0 bytes, Stack size 0 bytes, startup_ht32f5xxxx_03.o(RESET))
<BR>[Address Reference Count : 1]<UL><LI> startup_ht32f5xxxx_03.o(RESET)
</UL>
<P><STRONG><a name="[15]"></a>PWM0_IRQHandler</STRONG> (Thumb, 0 bytes, Stack size 0 bytes, startup_ht32f5xxxx_03.o(RESET))
<BR>[Address Reference Count : 1]<UL><LI> startup_ht32f5xxxx_03.o(RESET)
</UL>
<P><STRONG><a name="[16]"></a>PWM1_IRQHandler</STRONG> (Thumb, 0 bytes, Stack size 0 bytes, startup_ht32f5xxxx_03.o(RESET))
<BR>[Address Reference Count : 1]<UL><LI> startup_ht32f5xxxx_03.o(RESET)
</UL>
<P><STRONG><a name="[11]"></a>QSPI_IRQHandler</STRONG> (Thumb, 0 bytes, Stack size 0 bytes, startup_ht32f5xxxx_03.o(RESET))
<BR>[Address Reference Count : 1]<UL><LI> startup_ht32f5xxxx_03.o(RESET)
</UL>
<P><STRONG><a name="[7]"></a>RTC_IRQHandler</STRONG> (Thumb, 0 bytes, Stack size 0 bytes, startup_ht32f5xxxx_03.o(RESET))
<BR>[Address Reference Count : 1]<UL><LI> startup_ht32f5xxxx_03.o(RESET)
</UL>
<P><STRONG><a name="[21]"></a>SCI_IRQHandler</STRONG> (Thumb, 0 bytes, Stack size 0 bytes, startup_ht32f5xxxx_03.o(RESET))
<BR>[Address Reference Count : 1]<UL><LI> startup_ht32f5xxxx_03.o(RESET)
</UL>
<P><STRONG><a name="[13]"></a>SCTM0_IRQHandler</STRONG> (Thumb, 0 bytes, Stack size 0 bytes, startup_ht32f5xxxx_03.o(RESET))
<BR>[Address Reference Count : 1]<UL><LI> startup_ht32f5xxxx_03.o(RESET)
</UL>
<P><STRONG><a name="[14]"></a>SCTM1_IRQHandler</STRONG> (Thumb, 0 bytes, Stack size 0 bytes, startup_ht32f5xxxx_03.o(RESET))
<BR>[Address Reference Count : 1]<UL><LI> startup_ht32f5xxxx_03.o(RESET)
</UL>
<P><STRONG><a name="[1b]"></a>SPI0_IRQHandler</STRONG> (Thumb, 0 bytes, Stack size 0 bytes, startup_ht32f5xxxx_03.o(RESET))
<BR>[Address Reference Count : 1]<UL><LI> startup_ht32f5xxxx_03.o(RESET)
</UL>
<P><STRONG><a name="[1c]"></a>SPI1_IRQHandler</STRONG> (Thumb, 0 bytes, Stack size 0 bytes, startup_ht32f5xxxx_03.o(RESET))
<BR>[Address Reference Count : 1]<UL><LI> startup_ht32f5xxxx_03.o(RESET)
</UL>
<P><STRONG><a name="[2d]"></a>UART0_IRQHandler</STRONG> (Thumb, 0 bytes, Stack size 0 bytes, startup_ht32f5xxxx_03.o(RESET), UNUSED, KEPT)

<P><STRONG><a name="[1f]"></a>UART0_UART2_IRQHandler</STRONG> (Thumb, 0 bytes, Stack size 0 bytes, startup_ht32f5xxxx_03.o(RESET))
<BR>[Address Reference Count : 1]<UL><LI> startup_ht32f5xxxx_03.o(RESET)
</UL>
<P><STRONG><a name="[2e]"></a>UART1_IRQHandler</STRONG> (Thumb, 0 bytes, Stack size 0 bytes, startup_ht32f5xxxx_03.o(RESET), UNUSED, KEPT)

<P><STRONG><a name="[20]"></a>UART1_UART3_IRQHandler</STRONG> (Thumb, 0 bytes, Stack size 0 bytes, startup_ht32f5xxxx_03.o(RESET))
<BR>[Address Reference Count : 1]<UL><LI> startup_ht32f5xxxx_03.o(RESET)
</UL>
<P><STRONG><a name="[1d]"></a>USART0_IRQHandler</STRONG> (Thumb, 0 bytes, Stack size 0 bytes, startup_ht32f5xxxx_03.o(RESET))
<BR>[Address Reference Count : 1]<UL><LI> startup_ht32f5xxxx_03.o(RESET)
</UL>
<P><STRONG><a name="[1e]"></a>USART1_IRQHandler</STRONG> (Thumb, 0 bytes, Stack size 0 bytes, startup_ht32f5xxxx_03.o(RESET))
<BR>[Address Reference Count : 1]<UL><LI> startup_ht32f5xxxx_03.o(RESET)
</UL>
<P><STRONG><a name="[23]"></a>USB_IRQHandler</STRONG> (Thumb, 0 bytes, Stack size 0 bytes, startup_ht32f5xxxx_03.o(RESET))
<BR>[Address Reference Count : 1]<UL><LI> startup_ht32f5xxxx_03.o(RESET)
</UL>
<P><STRONG><a name="[28]"></a>__main</STRONG> (Thumb, 0 bytes, Stack size unknown bytes, entry.o(.ARM.Collect$$$$00000000))
<BR>[Address Reference Count : 1]<UL><LI> startup_ht32f5xxxx_03.o(RESET)
</UL>
<P><STRONG><a name="[84]"></a>_main_stk</STRONG> (Thumb, 0 bytes, Stack size unknown bytes, entry2.o(.ARM.Collect$$$$00000001))

<P><STRONG><a name="[2f]"></a>_main_scatterload</STRONG> (Thumb, 0 bytes, Stack size unknown bytes, entry5.o(.ARM.Collect$$$$00000004))
<BR><BR>[Calls]<UL><LI><a href="#[30]">&gt;&gt;</a>&nbsp;&nbsp;&nbsp;__scatterload
</UL>

<P><STRONG><a name="[42]"></a>__main_after_scatterload</STRONG> (Thumb, 0 bytes, Stack size unknown bytes, entry5.o(.ARM.Collect$$$$00000004))
<BR><BR>[Called By]<UL><LI><a href="#[30]">&gt;&gt;</a>&nbsp;&nbsp;&nbsp;__scatterload
</UL>

<P><STRONG><a name="[85]"></a>_main_clock</STRONG> (Thumb, 0 bytes, Stack size unknown bytes, entry7b.o(.ARM.Collect$$$$00000008))

<P><STRONG><a name="[86]"></a>_main_cpp_init</STRONG> (Thumb, 0 bytes, Stack size unknown bytes, entry8b.o(.ARM.Collect$$$$0000000A))

<P><STRONG><a name="[87]"></a>_main_init</STRONG> (Thumb, 0 bytes, Stack size unknown bytes, entry9a.o(.ARM.Collect$$$$0000000B))

<P><STRONG><a name="[88]"></a>__rt_final_cpp</STRONG> (Thumb, 0 bytes, Stack size unknown bytes, entry10a.o(.ARM.Collect$$$$0000000D))

<P><STRONG><a name="[89]"></a>__rt_final_exit</STRONG> (Thumb, 0 bytes, Stack size unknown bytes, entry11a.o(.ARM.Collect$$$$0000000F))

<P><STRONG><a name="[4f]"></a>__aeabi_fmul</STRONG> (Thumb, 122 bytes, Stack size 16 bytes, fmul.o(.text))
<BR><BR>[Stack]<UL><LI>Max Depth = 16<LI>Call Chain = __aeabi_fmul
</UL>
<BR>[Called By]<UL><LI><a href="#[46]">&gt;&gt;</a>&nbsp;&nbsp;&nbsp;ADS1115_ReadVoltage_Diff_A0_A1
<LI><a href="#[29]">&gt;&gt;</a>&nbsp;&nbsp;&nbsp;main
</UL>

<P><STRONG><a name="[31]"></a>__aeabi_fdiv</STRONG> (Thumb, 124 bytes, Stack size 16 bytes, fdiv.o(.text))
<BR><BR>[Stack]<UL><LI>Max Depth = 16<LI>Call Chain = __aeabi_fdiv
</UL>
<BR>[Calls]<UL><LI><a href="#[32]">&gt;&gt;</a>&nbsp;&nbsp;&nbsp;_float_round
</UL>
<BR>[Called By]<UL><LI><a href="#[29]">&gt;&gt;</a>&nbsp;&nbsp;&nbsp;main
</UL>

<P><STRONG><a name="[33]"></a>__aeabi_i2f</STRONG> (Thumb, 22 bytes, Stack size 8 bytes, fflti.o(.text))
<BR><BR>[Stack]<UL><LI>Max Depth = 20<LI>Call Chain = __aeabi_i2f &rArr; _float_epilogue
</UL>
<BR>[Calls]<UL><LI><a href="#[34]">&gt;&gt;</a>&nbsp;&nbsp;&nbsp;_float_epilogue
</UL>
<BR>[Called By]<UL><LI><a href="#[46]">&gt;&gt;</a>&nbsp;&nbsp;&nbsp;ADS1115_ReadVoltage_Diff_A0_A1
</UL>

<P><STRONG><a name="[35]"></a>__aeabi_ui2f</STRONG> (Thumb, 14 bytes, Stack size 8 bytes, ffltui.o(.text))
<BR><BR>[Stack]<UL><LI>Max Depth = 20<LI>Call Chain = __aeabi_ui2f &rArr; _float_epilogue
</UL>
<BR>[Calls]<UL><LI><a href="#[34]">&gt;&gt;</a>&nbsp;&nbsp;&nbsp;_float_epilogue
</UL>
<BR>[Called By]<UL><LI><a href="#[29]">&gt;&gt;</a>&nbsp;&nbsp;&nbsp;main
</UL>

<P><STRONG><a name="[7a]"></a>__aeabi_f2d</STRONG> (Thumb, 40 bytes, Stack size 0 bytes, f2d.o(.text))
<BR><BR>[Called By]<UL><LI><a href="#[29]">&gt;&gt;</a>&nbsp;&nbsp;&nbsp;main
</UL>

<P><STRONG><a name="[59]"></a>__aeabi_uidiv</STRONG> (Thumb, 0 bytes, Stack size 16 bytes, uidiv_div0.o(.text))
<BR><BR>[Stack]<UL><LI>Max Depth = 16<LI>Call Chain = __aeabi_uidiv
</UL>
<BR>[Called By]<UL><LI><a href="#[58]">&gt;&gt;</a>&nbsp;&nbsp;&nbsp;I2C_Init
<LI><a href="#[56]">&gt;&gt;</a>&nbsp;&nbsp;&nbsp;USART_Init
</UL>

<P><STRONG><a name="[83]"></a>__aeabi_uidivmod</STRONG> (Thumb, 62 bytes, Stack size 16 bytes, uidiv_div0.o(.text), UNUSED)
<BR><BR>[Called By]<UL><LI><a href="#[7d]">&gt;&gt;</a>&nbsp;&nbsp;&nbsp;_printf_core
</UL>

<P><STRONG><a name="[36]"></a>__aeabi_uldivmod</STRONG> (Thumb, 96 bytes, Stack size 48 bytes, uldiv.o(.text), UNUSED)
<BR><BR>[Calls]<UL><LI><a href="#[37]">&gt;&gt;</a>&nbsp;&nbsp;&nbsp;__aeabi_llsr
<LI><a href="#[38]">&gt;&gt;</a>&nbsp;&nbsp;&nbsp;__aeabi_llsl
</UL>
<BR>[Called By]<UL><LI><a href="#[7d]">&gt;&gt;</a>&nbsp;&nbsp;&nbsp;_printf_core
<LI><a href="#[7f]">&gt;&gt;</a>&nbsp;&nbsp;&nbsp;_fp_digits
</UL>

<P><STRONG><a name="[8a]"></a>__I$use$fp</STRONG> (Thumb, 0 bytes, Stack size 0 bytes, iusefp.o(.text), UNUSED)

<P><STRONG><a name="[32]"></a>_float_round</STRONG> (Thumb, 16 bytes, Stack size 0 bytes, fepilogue.o(.text))
<BR><BR>[Called By]<UL><LI><a href="#[31]">&gt;&gt;</a>&nbsp;&nbsp;&nbsp;__aeabi_fdiv
</UL>

<P><STRONG><a name="[34]"></a>_float_epilogue</STRONG> (Thumb, 114 bytes, Stack size 12 bytes, fepilogue.o(.text))
<BR><BR>[Stack]<UL><LI>Max Depth = 12<LI>Call Chain = _float_epilogue
</UL>
<BR>[Called By]<UL><LI><a href="#[33]">&gt;&gt;</a>&nbsp;&nbsp;&nbsp;__aeabi_i2f
<LI><a href="#[35]">&gt;&gt;</a>&nbsp;&nbsp;&nbsp;__aeabi_ui2f
</UL>

<P><STRONG><a name="[39]"></a>__aeabi_dadd</STRONG> (Thumb, 328 bytes, Stack size 48 bytes, dadd.o(.text), UNUSED)
<BR><BR>[Calls]<UL><LI><a href="#[3a]">&gt;&gt;</a>&nbsp;&nbsp;&nbsp;__aeabi_lasr
<LI><a href="#[38]">&gt;&gt;</a>&nbsp;&nbsp;&nbsp;__aeabi_llsl
<LI><a href="#[3c]">&gt;&gt;</a>&nbsp;&nbsp;&nbsp;_double_round
<LI><a href="#[3b]">&gt;&gt;</a>&nbsp;&nbsp;&nbsp;_double_epilogue
</UL>
<BR>[Called By]<UL><LI><a href="#[3e]">&gt;&gt;</a>&nbsp;&nbsp;&nbsp;__aeabi_drsub
<LI><a href="#[3d]">&gt;&gt;</a>&nbsp;&nbsp;&nbsp;__aeabi_dsub
<LI><a href="#[7f]">&gt;&gt;</a>&nbsp;&nbsp;&nbsp;_fp_digits
</UL>

<P><STRONG><a name="[3d]"></a>__aeabi_dsub</STRONG> (Thumb, 12 bytes, Stack size 8 bytes, dadd.o(.text), UNUSED)
<BR><BR>[Calls]<UL><LI><a href="#[39]">&gt;&gt;</a>&nbsp;&nbsp;&nbsp;__aeabi_dadd
</UL>

<P><STRONG><a name="[3e]"></a>__aeabi_drsub</STRONG> (Thumb, 12 bytes, Stack size 8 bytes, dadd.o(.text), UNUSED)
<BR><BR>[Calls]<UL><LI><a href="#[39]">&gt;&gt;</a>&nbsp;&nbsp;&nbsp;__aeabi_dadd
</UL>

<P><STRONG><a name="[3f]"></a>__aeabi_dmul</STRONG> (Thumb, 202 bytes, Stack size 72 bytes, dmul.o(.text), UNUSED)
<BR><BR>[Calls]<UL><LI><a href="#[3b]">&gt;&gt;</a>&nbsp;&nbsp;&nbsp;_double_epilogue
</UL>
<BR>[Called By]<UL><LI><a href="#[7f]">&gt;&gt;</a>&nbsp;&nbsp;&nbsp;_fp_digits
</UL>

<P><STRONG><a name="[40]"></a>__aeabi_ddiv</STRONG> (Thumb, 234 bytes, Stack size 40 bytes, ddiv.o(.text), UNUSED)
<BR><BR>[Calls]<UL><LI><a href="#[3c]">&gt;&gt;</a>&nbsp;&nbsp;&nbsp;_double_round
</UL>
<BR>[Called By]<UL><LI><a href="#[7f]">&gt;&gt;</a>&nbsp;&nbsp;&nbsp;_fp_digits
</UL>

<P><STRONG><a name="[41]"></a>__aeabi_d2ulz</STRONG> (Thumb, 54 bytes, Stack size 8 bytes, dfixul.o(.text), UNUSED)
<BR><BR>[Calls]<UL><LI><a href="#[37]">&gt;&gt;</a>&nbsp;&nbsp;&nbsp;__aeabi_llsr
<LI><a href="#[38]">&gt;&gt;</a>&nbsp;&nbsp;&nbsp;__aeabi_llsl
</UL>
<BR>[Called By]<UL><LI><a href="#[7f]">&gt;&gt;</a>&nbsp;&nbsp;&nbsp;_fp_digits
</UL>

<P><STRONG><a name="[80]"></a>__aeabi_cdrcmple</STRONG> (Thumb, 38 bytes, Stack size 0 bytes, cdrcmple.o(.text), UNUSED)
<BR><BR>[Called By]<UL><LI><a href="#[7f]">&gt;&gt;</a>&nbsp;&nbsp;&nbsp;_fp_digits
</UL>

<P><STRONG><a name="[30]"></a>__scatterload</STRONG> (Thumb, 38 bytes, Stack size 0 bytes, init.o(.text))
<BR><BR>[Calls]<UL><LI><a href="#[42]">&gt;&gt;</a>&nbsp;&nbsp;&nbsp;__main_after_scatterload
</UL>
<BR>[Called By]<UL><LI><a href="#[2f]">&gt;&gt;</a>&nbsp;&nbsp;&nbsp;_main_scatterload
</UL>

<P><STRONG><a name="[8b]"></a>__scatterload_rt2</STRONG> (Thumb, 0 bytes, Stack size 0 bytes, init.o(.text), UNUSED)

<P><STRONG><a name="[38]"></a>__aeabi_llsl</STRONG> (Thumb, 32 bytes, Stack size 8 bytes, llshl.o(.text), UNUSED)
<BR><BR>[Called By]<UL><LI><a href="#[3b]">&gt;&gt;</a>&nbsp;&nbsp;&nbsp;_double_epilogue
<LI><a href="#[36]">&gt;&gt;</a>&nbsp;&nbsp;&nbsp;__aeabi_uldivmod
<LI><a href="#[39]">&gt;&gt;</a>&nbsp;&nbsp;&nbsp;__aeabi_dadd
<LI><a href="#[41]">&gt;&gt;</a>&nbsp;&nbsp;&nbsp;__aeabi_d2ulz
</UL>

<P><STRONG><a name="[8c]"></a>_ll_shift_l</STRONG> (Thumb, 0 bytes, Stack size 8 bytes, llshl.o(.text), UNUSED)

<P><STRONG><a name="[37]"></a>__aeabi_llsr</STRONG> (Thumb, 34 bytes, Stack size 8 bytes, llushr.o(.text), UNUSED)
<BR><BR>[Called By]<UL><LI><a href="#[3b]">&gt;&gt;</a>&nbsp;&nbsp;&nbsp;_double_epilogue
<LI><a href="#[36]">&gt;&gt;</a>&nbsp;&nbsp;&nbsp;__aeabi_uldivmod
<LI><a href="#[41]">&gt;&gt;</a>&nbsp;&nbsp;&nbsp;__aeabi_d2ulz
</UL>

<P><STRONG><a name="[8d]"></a>_ll_ushift_r</STRONG> (Thumb, 0 bytes, Stack size 8 bytes, llushr.o(.text), UNUSED)

<P><STRONG><a name="[3a]"></a>__aeabi_lasr</STRONG> (Thumb, 38 bytes, Stack size 8 bytes, llsshr.o(.text), UNUSED)
<BR><BR>[Called By]<UL><LI><a href="#[39]">&gt;&gt;</a>&nbsp;&nbsp;&nbsp;__aeabi_dadd
</UL>

<P><STRONG><a name="[8e]"></a>_ll_sshift_r</STRONG> (Thumb, 0 bytes, Stack size 8 bytes, llsshr.o(.text), UNUSED)

<P><STRONG><a name="[3c]"></a>_double_round</STRONG> (Thumb, 26 bytes, Stack size 8 bytes, depilogue.o(.text), UNUSED)
<BR><BR>[Called By]<UL><LI><a href="#[3b]">&gt;&gt;</a>&nbsp;&nbsp;&nbsp;_double_epilogue
<LI><a href="#[40]">&gt;&gt;</a>&nbsp;&nbsp;&nbsp;__aeabi_ddiv
<LI><a href="#[39]">&gt;&gt;</a>&nbsp;&nbsp;&nbsp;__aeabi_dadd
</UL>

<P><STRONG><a name="[3b]"></a>_double_epilogue</STRONG> (Thumb, 164 bytes, Stack size 48 bytes, depilogue.o(.text), UNUSED)
<BR><BR>[Calls]<UL><LI><a href="#[43]">&gt;&gt;</a>&nbsp;&nbsp;&nbsp;__ARM_clz
<LI><a href="#[37]">&gt;&gt;</a>&nbsp;&nbsp;&nbsp;__aeabi_llsr
<LI><a href="#[38]">&gt;&gt;</a>&nbsp;&nbsp;&nbsp;__aeabi_llsl
<LI><a href="#[3c]">&gt;&gt;</a>&nbsp;&nbsp;&nbsp;_double_round
</UL>
<BR>[Called By]<UL><LI><a href="#[3f]">&gt;&gt;</a>&nbsp;&nbsp;&nbsp;__aeabi_dmul
<LI><a href="#[39]">&gt;&gt;</a>&nbsp;&nbsp;&nbsp;__aeabi_dadd
</UL>

<P><STRONG><a name="[78]"></a>ADC_ClearIntPendingBit</STRONG> (Thumb, 18 bytes, Stack size 8 bytes, ht32f5xxxx_adc.o(.text.ADC_ClearIntPendingBit))
<BR><BR>[Stack]<UL><LI>Max Depth = 8<LI>Call Chain = ADC_ClearIntPendingBit
</UL>
<BR>[Called By]<UL><LI><a href="#[29]">&gt;&gt;</a>&nbsp;&nbsp;&nbsp;main
</UL>

<P><STRONG><a name="[44]"></a>ADC_Cmd</STRONG> (Thumb, 52 bytes, Stack size 16 bytes, ht32f5xxxx_adc.o(.text.ADC_Cmd))
<BR><BR>[Stack]<UL><LI>Max Depth = 20<LI>Call Chain = ADC_Cmd &rArr; ADC_Reset
</UL>
<BR>[Calls]<UL><LI><a href="#[45]">&gt;&gt;</a>&nbsp;&nbsp;&nbsp;ADC_Reset
</UL>
<BR>[Called By]<UL><LI><a href="#[68]">&gt;&gt;</a>&nbsp;&nbsp;&nbsp;System_Configuration
</UL>

<P><STRONG><a name="[79]"></a>ADC_GetConversionData</STRONG> (Thumb, 30 bytes, Stack size 12 bytes, ht32f5xxxx_adc.o(.text.ADC_GetConversionData))
<BR><BR>[Stack]<UL><LI>Max Depth = 12<LI>Call Chain = ADC_GetConversionData
</UL>
<BR>[Called By]<UL><LI><a href="#[29]">&gt;&gt;</a>&nbsp;&nbsp;&nbsp;main
</UL>

<P><STRONG><a name="[77]"></a>ADC_GetFlagStatus</STRONG> (Thumb, 44 bytes, Stack size 12 bytes, ht32f5xxxx_adc.o(.text.ADC_GetFlagStatus))
<BR><BR>[Stack]<UL><LI>Max Depth = 12<LI>Call Chain = ADC_GetFlagStatus
</UL>
<BR>[Called By]<UL><LI><a href="#[29]">&gt;&gt;</a>&nbsp;&nbsp;&nbsp;main
</UL>

<P><STRONG><a name="[72]"></a>ADC_RegularChannelConfig</STRONG> (Thumb, 90 bytes, Stack size 32 bytes, ht32f5xxxx_adc.o(.text.ADC_RegularChannelConfig))
<BR><BR>[Stack]<UL><LI>Max Depth = 32<LI>Call Chain = ADC_RegularChannelConfig
</UL>
<BR>[Called By]<UL><LI><a href="#[68]">&gt;&gt;</a>&nbsp;&nbsp;&nbsp;System_Configuration
</UL>

<P><STRONG><a name="[71]"></a>ADC_RegularGroupConfig</STRONG> (Thumb, 76 bytes, Stack size 24 bytes, ht32f5xxxx_adc.o(.text.ADC_RegularGroupConfig))
<BR><BR>[Stack]<UL><LI>Max Depth = 24<LI>Call Chain = ADC_RegularGroupConfig
</UL>
<BR>[Called By]<UL><LI><a href="#[68]">&gt;&gt;</a>&nbsp;&nbsp;&nbsp;System_Configuration
</UL>

<P><STRONG><a name="[73]"></a>ADC_RegularTrigConfig</STRONG> (Thumb, 28 bytes, Stack size 8 bytes, ht32f5xxxx_adc.o(.text.ADC_RegularTrigConfig))
<BR><BR>[Stack]<UL><LI>Max Depth = 8<LI>Call Chain = ADC_RegularTrigConfig
</UL>
<BR>[Called By]<UL><LI><a href="#[68]">&gt;&gt;</a>&nbsp;&nbsp;&nbsp;System_Configuration
</UL>

<P><STRONG><a name="[45]"></a>ADC_Reset</STRONG> (Thumb, 34 bytes, Stack size 4 bytes, ht32f5xxxx_adc.o(.text.ADC_Reset))
<BR><BR>[Stack]<UL><LI>Max Depth = 4<LI>Call Chain = ADC_Reset
</UL>
<BR>[Called By]<UL><LI><a href="#[44]">&gt;&gt;</a>&nbsp;&nbsp;&nbsp;ADC_Cmd
</UL>

<P><STRONG><a name="[76]"></a>ADC_SoftwareStartConvCmd</STRONG> (Thumb, 44 bytes, Stack size 8 bytes, ht32f5xxxx_adc.o(.text.ADC_SoftwareStartConvCmd))
<BR><BR>[Stack]<UL><LI>Max Depth = 8<LI>Call Chain = ADC_SoftwareStartConvCmd
</UL>
<BR>[Called By]<UL><LI><a href="#[29]">&gt;&gt;</a>&nbsp;&nbsp;&nbsp;main
</UL>

<P><STRONG><a name="[46]"></a>ADS1115_ReadVoltage_Diff_A0_A1</STRONG> (Thumb, 484 bytes, Stack size 40 bytes, main.o(.text.ADS1115_ReadVoltage_Diff_A0_A1))
<BR><BR>[Stack]<UL><LI>Max Depth = 60<LI>Call Chain = ADS1115_ReadVoltage_Diff_A0_A1 &rArr; __aeabi_i2f &rArr; _float_epilogue
</UL>
<BR>[Calls]<UL><LI><a href="#[33]">&gt;&gt;</a>&nbsp;&nbsp;&nbsp;__aeabi_i2f
<LI><a href="#[4e]">&gt;&gt;</a>&nbsp;&nbsp;&nbsp;I2C_ReceiveData
<LI><a href="#[4d]">&gt;&gt;</a>&nbsp;&nbsp;&nbsp;I2C_AckCmd
<LI><a href="#[4b]">&gt;&gt;</a>&nbsp;&nbsp;&nbsp;I2C_ReadRegister
<LI><a href="#[4a]">&gt;&gt;</a>&nbsp;&nbsp;&nbsp;I2C_GenerateSTOP
<LI><a href="#[49]">&gt;&gt;</a>&nbsp;&nbsp;&nbsp;I2C_SendData
<LI><a href="#[48]">&gt;&gt;</a>&nbsp;&nbsp;&nbsp;I2C_CheckStatus
<LI><a href="#[47]">&gt;&gt;</a>&nbsp;&nbsp;&nbsp;I2C_TargetAddressConfig
<LI><a href="#[4f]">&gt;&gt;</a>&nbsp;&nbsp;&nbsp;__aeabi_fmul
<LI><a href="#[4c]">&gt;&gt;</a>&nbsp;&nbsp;&nbsp;Delay_ms
</UL>
<BR>[Called By]<UL><LI><a href="#[29]">&gt;&gt;</a>&nbsp;&nbsp;&nbsp;main
</UL>

<P><STRONG><a name="[55]"></a>AFIO_GPxConfig</STRONG> (Thumb, 172 bytes, Stack size 32 bytes, ht32f5xxxx_gpio.o(.text.AFIO_GPxConfig))
<BR><BR>[Stack]<UL><LI>Max Depth = 32<LI>Call Chain = AFIO_GPxConfig
</UL>
<BR>[Called By]<UL><LI><a href="#[68]">&gt;&gt;</a>&nbsp;&nbsp;&nbsp;System_Configuration
<LI><a href="#[53]">&gt;&gt;</a>&nbsp;&nbsp;&nbsp;HT32F_DVB_COMInit
</UL>

<P><STRONG><a name="[50]"></a>CKCU_GetClocksFrequency</STRONG> (Thumb, 172 bytes, Stack size 32 bytes, ht32f5xxxx_ckcu.o(.text.CKCU_GetClocksFrequency))
<BR><BR>[Stack]<UL><LI>Max Depth = 64<LI>Call Chain = CKCU_GetClocksFrequency &rArr; CKCU_GetPLLFrequency
</UL>
<BR>[Calls]<UL><LI><a href="#[51]">&gt;&gt;</a>&nbsp;&nbsp;&nbsp;CKCU_GetPLLFrequency
</UL>
<BR>[Called By]<UL><LI><a href="#[52]">&gt;&gt;</a>&nbsp;&nbsp;&nbsp;CKCU_GetPeripFrequency
</UL>

<P><STRONG><a name="[51]"></a>CKCU_GetPLLFrequency</STRONG> (Thumb, 148 bytes, Stack size 32 bytes, ht32f5xxxx_ckcu.o(.text.CKCU_GetPLLFrequency))
<BR><BR>[Stack]<UL><LI>Max Depth = 32<LI>Call Chain = CKCU_GetPLLFrequency
</UL>
<BR>[Called By]<UL><LI><a href="#[50]">&gt;&gt;</a>&nbsp;&nbsp;&nbsp;CKCU_GetClocksFrequency
</UL>

<P><STRONG><a name="[52]"></a>CKCU_GetPeripFrequency</STRONG> (Thumb, 88 bytes, Stack size 32 bytes, ht32f5xxxx_ckcu.o(.text.CKCU_GetPeripFrequency))
<BR><BR>[Stack]<UL><LI>Max Depth = 96<LI>Call Chain = CKCU_GetPeripFrequency &rArr; CKCU_GetClocksFrequency &rArr; CKCU_GetPLLFrequency
</UL>
<BR>[Calls]<UL><LI><a href="#[50]">&gt;&gt;</a>&nbsp;&nbsp;&nbsp;CKCU_GetClocksFrequency
</UL>
<BR>[Called By]<UL><LI><a href="#[58]">&gt;&gt;</a>&nbsp;&nbsp;&nbsp;I2C_Init
<LI><a href="#[56]">&gt;&gt;</a>&nbsp;&nbsp;&nbsp;USART_Init
</UL>

<P><STRONG><a name="[54]"></a>CKCU_PeripClockConfig</STRONG> (Thumb, 112 bytes, Stack size 36 bytes, ht32f5xxxx_ckcu.o(.text.CKCU_PeripClockConfig))
<BR><BR>[Stack]<UL><LI>Max Depth = 36<LI>Call Chain = CKCU_PeripClockConfig
</UL>
<BR>[Called By]<UL><LI><a href="#[68]">&gt;&gt;</a>&nbsp;&nbsp;&nbsp;System_Configuration
<LI><a href="#[53]">&gt;&gt;</a>&nbsp;&nbsp;&nbsp;HT32F_DVB_COMInit
</UL>

<P><STRONG><a name="[70]"></a>CKCU_SetADCnPrescaler</STRONG> (Thumb, 36 bytes, Stack size 16 bytes, ht32f5xxxx_ckcu.o(.text.CKCU_SetADCnPrescaler))
<BR><BR>[Stack]<UL><LI>Max Depth = 16<LI>Call Chain = CKCU_SetADCnPrescaler
</UL>
<BR>[Called By]<UL><LI><a href="#[68]">&gt;&gt;</a>&nbsp;&nbsp;&nbsp;System_Configuration
</UL>

<P><STRONG><a name="[4c]"></a>Delay_ms</STRONG> (Thumb, 52 bytes, Stack size 8 bytes, main.o(.text.Delay_ms))
<BR><BR>[Stack]<UL><LI>Max Depth = 8<LI>Call Chain = Delay_ms
</UL>
<BR>[Called By]<UL><LI><a href="#[46]">&gt;&gt;</a>&nbsp;&nbsp;&nbsp;ADS1115_ReadVoltage_Diff_A0_A1
<LI><a href="#[61]">&gt;&gt;</a>&nbsp;&nbsp;&nbsp;OLED_Init
<LI><a href="#[29]">&gt;&gt;</a>&nbsp;&nbsp;&nbsp;main
</UL>

<P><STRONG><a name="[6a]"></a>GPIO_DirectionConfig</STRONG> (Thumb, 52 bytes, Stack size 12 bytes, ht32f5xxxx_gpio.o(.text.GPIO_DirectionConfig))
<BR><BR>[Stack]<UL><LI>Max Depth = 12<LI>Call Chain = GPIO_DirectionConfig
</UL>
<BR>[Called By]<UL><LI><a href="#[68]">&gt;&gt;</a>&nbsp;&nbsp;&nbsp;System_Configuration
</UL>

<P><STRONG><a name="[6f]"></a>GPIO_InputConfig</STRONG> (Thumb, 52 bytes, Stack size 12 bytes, ht32f5xxxx_gpio.o(.text.GPIO_InputConfig))
<BR><BR>[Stack]<UL><LI>Max Depth = 12<LI>Call Chain = GPIO_InputConfig
</UL>
<BR>[Called By]<UL><LI><a href="#[68]">&gt;&gt;</a>&nbsp;&nbsp;&nbsp;System_Configuration
</UL>

<P><STRONG><a name="[69]"></a>GPIO_PullResistorConfig</STRONG> (Thumb, 116 bytes, Stack size 28 bytes, ht32f5xxxx_gpio.o(.text.GPIO_PullResistorConfig))
<BR><BR>[Stack]<UL><LI>Max Depth = 28<LI>Call Chain = GPIO_PullResistorConfig
</UL>
<BR>[Called By]<UL><LI><a href="#[68]">&gt;&gt;</a>&nbsp;&nbsp;&nbsp;System_Configuration
</UL>

<P><STRONG><a name="[62]"></a>GPIO_WriteOutBits</STRONG> (Thumb, 44 bytes, Stack size 12 bytes, ht32f5xxxx_gpio.o(.text.GPIO_WriteOutBits))
<BR><BR>[Stack]<UL><LI>Max Depth = 12<LI>Call Chain = GPIO_WriteOutBits
</UL>
<BR>[Called By]<UL><LI><a href="#[5e]">&gt;&gt;</a>&nbsp;&nbsp;&nbsp;OLED_WriteData
<LI><a href="#[60]">&gt;&gt;</a>&nbsp;&nbsp;&nbsp;OLED_WriteCmd
<LI><a href="#[61]">&gt;&gt;</a>&nbsp;&nbsp;&nbsp;OLED_Init
<LI><a href="#[68]">&gt;&gt;</a>&nbsp;&nbsp;&nbsp;System_Configuration
</UL>

<P><STRONG><a name="[53]"></a>HT32F_DVB_COMInit</STRONG> (Thumb, 124 bytes, Stack size 40 bytes, ht32_board.o(.text.HT32F_DVB_COMInit))
<BR><BR>[Stack]<UL><LI>Max Depth = 168<LI>Call Chain = HT32F_DVB_COMInit &rArr; USART_Init &rArr; CKCU_GetPeripFrequency &rArr; CKCU_GetClocksFrequency &rArr; CKCU_GetPLLFrequency
</UL>
<BR>[Calls]<UL><LI><a href="#[55]">&gt;&gt;</a>&nbsp;&nbsp;&nbsp;AFIO_GPxConfig
<LI><a href="#[54]">&gt;&gt;</a>&nbsp;&nbsp;&nbsp;CKCU_PeripClockConfig
<LI><a href="#[57]">&gt;&gt;</a>&nbsp;&nbsp;&nbsp;USART_TxRxCmd
<LI><a href="#[56]">&gt;&gt;</a>&nbsp;&nbsp;&nbsp;USART_Init
</UL>
<BR>[Called By]<UL><LI><a href="#[64]">&gt;&gt;</a>&nbsp;&nbsp;&nbsp;RETARGET_Configuration
</UL>

<P><STRONG><a name="[2]"></a>HardFault_Handler</STRONG> (Thumb, 16 bytes, Stack size 0 bytes, ht32f5xxxx_01_it.o(.text.HardFault_Handler))
<BR>[Address Reference Count : 1]<UL><LI> startup_ht32f5xxxx_03.o(RESET)
</UL>
<P><STRONG><a name="[4d]"></a>I2C_AckCmd</STRONG> (Thumb, 44 bytes, Stack size 8 bytes, ht32f5xxxx_i2c.o(.text.I2C_AckCmd))
<BR><BR>[Stack]<UL><LI>Max Depth = 8<LI>Call Chain = I2C_AckCmd
</UL>
<BR>[Called By]<UL><LI><a href="#[46]">&gt;&gt;</a>&nbsp;&nbsp;&nbsp;ADS1115_ReadVoltage_Diff_A0_A1
</UL>

<P><STRONG><a name="[48]"></a>I2C_CheckStatus</STRONG> (Thumb, 42 bytes, Stack size 12 bytes, ht32f5xxxx_i2c.o(.text.I2C_CheckStatus))
<BR><BR>[Stack]<UL><LI>Max Depth = 12<LI>Call Chain = I2C_CheckStatus
</UL>
<BR>[Called By]<UL><LI><a href="#[46]">&gt;&gt;</a>&nbsp;&nbsp;&nbsp;ADS1115_ReadVoltage_Diff_A0_A1
</UL>

<P><STRONG><a name="[6e]"></a>I2C_Cmd</STRONG> (Thumb, 44 bytes, Stack size 8 bytes, ht32f5xxxx_i2c.o(.text.I2C_Cmd))
<BR><BR>[Stack]<UL><LI>Max Depth = 8<LI>Call Chain = I2C_Cmd
</UL>
<BR>[Called By]<UL><LI><a href="#[68]">&gt;&gt;</a>&nbsp;&nbsp;&nbsp;System_Configuration
</UL>

<P><STRONG><a name="[4a]"></a>I2C_GenerateSTOP</STRONG> (Thumb, 18 bytes, Stack size 4 bytes, ht32f5xxxx_i2c.o(.text.I2C_GenerateSTOP))
<BR><BR>[Stack]<UL><LI>Max Depth = 4<LI>Call Chain = I2C_GenerateSTOP
</UL>
<BR>[Called By]<UL><LI><a href="#[46]">&gt;&gt;</a>&nbsp;&nbsp;&nbsp;ADS1115_ReadVoltage_Diff_A0_A1
</UL>

<P><STRONG><a name="[58]"></a>I2C_Init</STRONG> (Thumb, 284 bytes, Stack size 56 bytes, ht32f5xxxx_i2c.o(.text.I2C_Init))
<BR><BR>[Stack]<UL><LI>Max Depth = 152<LI>Call Chain = I2C_Init &rArr; CKCU_GetPeripFrequency &rArr; CKCU_GetClocksFrequency &rArr; CKCU_GetPLLFrequency
</UL>
<BR>[Calls]<UL><LI><a href="#[52]">&gt;&gt;</a>&nbsp;&nbsp;&nbsp;CKCU_GetPeripFrequency
<LI><a href="#[59]">&gt;&gt;</a>&nbsp;&nbsp;&nbsp;__aeabi_uidiv
</UL>
<BR>[Called By]<UL><LI><a href="#[68]">&gt;&gt;</a>&nbsp;&nbsp;&nbsp;System_Configuration
</UL>

<P><STRONG><a name="[4b]"></a>I2C_ReadRegister</STRONG> (Thumb, 32 bytes, Stack size 12 bytes, ht32f5xxxx_i2c.o(.text.I2C_ReadRegister))
<BR><BR>[Stack]<UL><LI>Max Depth = 12<LI>Call Chain = I2C_ReadRegister
</UL>
<BR>[Called By]<UL><LI><a href="#[46]">&gt;&gt;</a>&nbsp;&nbsp;&nbsp;ADS1115_ReadVoltage_Diff_A0_A1
</UL>

<P><STRONG><a name="[4e]"></a>I2C_ReceiveData</STRONG> (Thumb, 14 bytes, Stack size 4 bytes, ht32f5xxxx_i2c.o(.text.I2C_ReceiveData))
<BR><BR>[Stack]<UL><LI>Max Depth = 4<LI>Call Chain = I2C_ReceiveData
</UL>
<BR>[Called By]<UL><LI><a href="#[46]">&gt;&gt;</a>&nbsp;&nbsp;&nbsp;ADS1115_ReadVoltage_Diff_A0_A1
</UL>

<P><STRONG><a name="[49]"></a>I2C_SendData</STRONG> (Thumb, 18 bytes, Stack size 8 bytes, ht32f5xxxx_i2c.o(.text.I2C_SendData))
<BR><BR>[Stack]<UL><LI>Max Depth = 8<LI>Call Chain = I2C_SendData
</UL>
<BR>[Called By]<UL><LI><a href="#[46]">&gt;&gt;</a>&nbsp;&nbsp;&nbsp;ADS1115_ReadVoltage_Diff_A0_A1
</UL>

<P><STRONG><a name="[47]"></a>I2C_TargetAddressConfig</STRONG> (Thumb, 64 bytes, Stack size 12 bytes, ht32f5xxxx_i2c.o(.text.I2C_TargetAddressConfig))
<BR><BR>[Stack]<UL><LI>Max Depth = 12<LI>Call Chain = I2C_TargetAddressConfig
</UL>
<BR>[Called By]<UL><LI><a href="#[46]">&gt;&gt;</a>&nbsp;&nbsp;&nbsp;ADS1115_ReadVoltage_Diff_A0_A1
</UL>

<P><STRONG><a name="[1]"></a>NMI_Handler</STRONG> (Thumb, 2 bytes, Stack size 0 bytes, ht32f5xxxx_01_it.o(.text.NMI_Handler))
<BR>[Address Reference Count : 1]<UL><LI> startup_ht32f5xxxx_03.o(RESET)
</UL>
<P><STRONG><a name="[5a]"></a>OLED_Clear</STRONG> (Thumb, 10 bytes, Stack size 8 bytes, main.o(.text.OLED_Clear))
<BR><BR>[Stack]<UL><LI>Max Depth = 80<LI>Call Chain = OLED_Clear &rArr; OLED_Fill &rArr; OLED_WriteData &rArr; SPI_PollSendByte &rArr; SPI_GetFlagStatus
</UL>
<BR>[Calls]<UL><LI><a href="#[5b]">&gt;&gt;</a>&nbsp;&nbsp;&nbsp;OLED_Fill
</UL>
<BR>[Called By]<UL><LI><a href="#[29]">&gt;&gt;</a>&nbsp;&nbsp;&nbsp;main
</UL>

<P><STRONG><a name="[5c]"></a>OLED_DrawChar</STRONG> (Thumb, 116 bytes, Stack size 24 bytes, main.o(.text.OLED_DrawChar))
<BR><BR>[Stack]<UL><LI>Max Depth = 96<LI>Call Chain = OLED_DrawChar &rArr; OLED_SetCursor &rArr; OLED_WriteCmd &rArr; SPI_PollSendByte &rArr; SPI_GetFlagStatus
</UL>
<BR>[Calls]<UL><LI><a href="#[5d]">&gt;&gt;</a>&nbsp;&nbsp;&nbsp;OLED_SetCursor
<LI><a href="#[5e]">&gt;&gt;</a>&nbsp;&nbsp;&nbsp;OLED_WriteData
</UL>
<BR>[Called By]<UL><LI><a href="#[5f]">&gt;&gt;</a>&nbsp;&nbsp;&nbsp;OLED_DrawString
</UL>

<P><STRONG><a name="[5f]"></a>OLED_DrawString</STRONG> (Thumb, 76 bytes, Stack size 24 bytes, main.o(.text.OLED_DrawString))
<BR><BR>[Stack]<UL><LI>Max Depth = 120<LI>Call Chain = OLED_DrawString &rArr; OLED_DrawChar &rArr; OLED_SetCursor &rArr; OLED_WriteCmd &rArr; SPI_PollSendByte &rArr; SPI_GetFlagStatus
</UL>
<BR>[Calls]<UL><LI><a href="#[5c]">&gt;&gt;</a>&nbsp;&nbsp;&nbsp;OLED_DrawChar
</UL>
<BR>[Called By]<UL><LI><a href="#[29]">&gt;&gt;</a>&nbsp;&nbsp;&nbsp;main
</UL>

<P><STRONG><a name="[5b]"></a>OLED_Fill</STRONG> (Thumb, 92 bytes, Stack size 24 bytes, main.o(.text.OLED_Fill))
<BR><BR>[Stack]<UL><LI>Max Depth = 72<LI>Call Chain = OLED_Fill &rArr; OLED_WriteData &rArr; SPI_PollSendByte &rArr; SPI_GetFlagStatus
</UL>
<BR>[Calls]<UL><LI><a href="#[5e]">&gt;&gt;</a>&nbsp;&nbsp;&nbsp;OLED_WriteData
<LI><a href="#[60]">&gt;&gt;</a>&nbsp;&nbsp;&nbsp;OLED_WriteCmd
</UL>
<BR>[Called By]<UL><LI><a href="#[5a]">&gt;&gt;</a>&nbsp;&nbsp;&nbsp;OLED_Clear
</UL>

<P><STRONG><a name="[61]"></a>OLED_Init</STRONG> (Thumb, 144 bytes, Stack size 32 bytes, main.o(.text.OLED_Init))
<BR><BR>[Stack]<UL><LI>Max Depth = 80<LI>Call Chain = OLED_Init &rArr; OLED_WriteCmd &rArr; SPI_PollSendByte &rArr; SPI_GetFlagStatus
</UL>
<BR>[Calls]<UL><LI><a href="#[60]">&gt;&gt;</a>&nbsp;&nbsp;&nbsp;OLED_WriteCmd
<LI><a href="#[62]">&gt;&gt;</a>&nbsp;&nbsp;&nbsp;GPIO_WriteOutBits
<LI><a href="#[4c]">&gt;&gt;</a>&nbsp;&nbsp;&nbsp;Delay_ms
</UL>
<BR>[Called By]<UL><LI><a href="#[29]">&gt;&gt;</a>&nbsp;&nbsp;&nbsp;main
</UL>

<P><STRONG><a name="[5d]"></a>OLED_SetCursor</STRONG> (Thumb, 60 bytes, Stack size 24 bytes, main.o(.text.OLED_SetCursor))
<BR><BR>[Stack]<UL><LI>Max Depth = 72<LI>Call Chain = OLED_SetCursor &rArr; OLED_WriteCmd &rArr; SPI_PollSendByte &rArr; SPI_GetFlagStatus
</UL>
<BR>[Calls]<UL><LI><a href="#[60]">&gt;&gt;</a>&nbsp;&nbsp;&nbsp;OLED_WriteCmd
</UL>
<BR>[Called By]<UL><LI><a href="#[5c]">&gt;&gt;</a>&nbsp;&nbsp;&nbsp;OLED_DrawChar
</UL>

<P><STRONG><a name="[60]"></a>OLED_WriteCmd</STRONG> (Thumb, 36 bytes, Stack size 16 bytes, main.o(.text.OLED_WriteCmd))
<BR><BR>[Stack]<UL><LI>Max Depth = 48<LI>Call Chain = OLED_WriteCmd &rArr; SPI_PollSendByte &rArr; SPI_GetFlagStatus
</UL>
<BR>[Calls]<UL><LI><a href="#[63]">&gt;&gt;</a>&nbsp;&nbsp;&nbsp;SPI_PollSendByte
<LI><a href="#[62]">&gt;&gt;</a>&nbsp;&nbsp;&nbsp;GPIO_WriteOutBits
</UL>
<BR>[Called By]<UL><LI><a href="#[5d]">&gt;&gt;</a>&nbsp;&nbsp;&nbsp;OLED_SetCursor
<LI><a href="#[5b]">&gt;&gt;</a>&nbsp;&nbsp;&nbsp;OLED_Fill
<LI><a href="#[61]">&gt;&gt;</a>&nbsp;&nbsp;&nbsp;OLED_Init
</UL>

<P><STRONG><a name="[5e]"></a>OLED_WriteData</STRONG> (Thumb, 32 bytes, Stack size 16 bytes, main.o(.text.OLED_WriteData))
<BR><BR>[Stack]<UL><LI>Max Depth = 48<LI>Call Chain = OLED_WriteData &rArr; SPI_PollSendByte &rArr; SPI_GetFlagStatus
</UL>
<BR>[Calls]<UL><LI><a href="#[63]">&gt;&gt;</a>&nbsp;&nbsp;&nbsp;SPI_PollSendByte
<LI><a href="#[62]">&gt;&gt;</a>&nbsp;&nbsp;&nbsp;GPIO_WriteOutBits
</UL>
<BR>[Called By]<UL><LI><a href="#[5c]">&gt;&gt;</a>&nbsp;&nbsp;&nbsp;OLED_DrawChar
<LI><a href="#[5b]">&gt;&gt;</a>&nbsp;&nbsp;&nbsp;OLED_Fill
</UL>

<P><STRONG><a name="[4]"></a>PendSV_Handler</STRONG> (Thumb, 2 bytes, Stack size 0 bytes, ht32f5xxxx_01_it.o(.text.PendSV_Handler))
<BR>[Address Reference Count : 1]<UL><LI> startup_ht32f5xxxx_03.o(RESET)
</UL>
<P><STRONG><a name="[64]"></a>RETARGET_Configuration</STRONG> (Thumb, 34 bytes, Stack size 24 bytes, ht32_retarget.o(.text.RETARGET_Configuration))
<BR><BR>[Stack]<UL><LI>Max Depth = 192<LI>Call Chain = RETARGET_Configuration &rArr; HT32F_DVB_COMInit &rArr; USART_Init &rArr; CKCU_GetPeripFrequency &rArr; CKCU_GetClocksFrequency &rArr; CKCU_GetPLLFrequency
</UL>
<BR>[Calls]<UL><LI><a href="#[53]">&gt;&gt;</a>&nbsp;&nbsp;&nbsp;HT32F_DVB_COMInit
</UL>
<BR>[Called By]<UL><LI><a href="#[29]">&gt;&gt;</a>&nbsp;&nbsp;&nbsp;main
</UL>

<P><STRONG><a name="[74]"></a>SERIAL_PutChar</STRONG> (Thumb, 36 bytes, Stack size 4 bytes, ht32_serial.o(.text.SERIAL_PutChar))
<BR><BR>[Stack]<UL><LI>Max Depth = 4<LI>Call Chain = SERIAL_PutChar
</UL>
<BR>[Called By]<UL><LI><a href="#[2a]">&gt;&gt;</a>&nbsp;&nbsp;&nbsp;fputc
</UL>

<P><STRONG><a name="[6d]"></a>SPI_Cmd</STRONG> (Thumb, 44 bytes, Stack size 8 bytes, ht32f5xxxx_spi.o(.text.SPI_Cmd))
<BR><BR>[Stack]<UL><LI>Max Depth = 8<LI>Call Chain = SPI_Cmd
</UL>
<BR>[Called By]<UL><LI><a href="#[68]">&gt;&gt;</a>&nbsp;&nbsp;&nbsp;System_Configuration
</UL>

<P><STRONG><a name="[65]"></a>SPI_GetFlagStatus</STRONG> (Thumb, 54 bytes, Stack size 16 bytes, ht32f5xxxx_spi.o(.text.SPI_GetFlagStatus))
<BR><BR>[Stack]<UL><LI>Max Depth = 16<LI>Call Chain = SPI_GetFlagStatus
</UL>
<BR>[Called By]<UL><LI><a href="#[63]">&gt;&gt;</a>&nbsp;&nbsp;&nbsp;SPI_PollSendByte
</UL>

<P><STRONG><a name="[6b]"></a>SPI_Init</STRONG> (Thumb, 118 bytes, Stack size 12 bytes, ht32f5xxxx_spi.o(.text.SPI_Init))
<BR><BR>[Stack]<UL><LI>Max Depth = 12<LI>Call Chain = SPI_Init
</UL>
<BR>[Called By]<UL><LI><a href="#[68]">&gt;&gt;</a>&nbsp;&nbsp;&nbsp;System_Configuration
</UL>

<P><STRONG><a name="[63]"></a>SPI_PollSendByte</STRONG> (Thumb, 64 bytes, Stack size 16 bytes, main.o(.text.SPI_PollSendByte))
<BR><BR>[Stack]<UL><LI>Max Depth = 32<LI>Call Chain = SPI_PollSendByte &rArr; SPI_GetFlagStatus
</UL>
<BR>[Calls]<UL><LI><a href="#[67]">&gt;&gt;</a>&nbsp;&nbsp;&nbsp;SPI_ReceiveData
<LI><a href="#[66]">&gt;&gt;</a>&nbsp;&nbsp;&nbsp;SPI_SendData
<LI><a href="#[65]">&gt;&gt;</a>&nbsp;&nbsp;&nbsp;SPI_GetFlagStatus
</UL>
<BR>[Called By]<UL><LI><a href="#[5e]">&gt;&gt;</a>&nbsp;&nbsp;&nbsp;OLED_WriteData
<LI><a href="#[60]">&gt;&gt;</a>&nbsp;&nbsp;&nbsp;OLED_WriteCmd
</UL>

<P><STRONG><a name="[67]"></a>SPI_ReceiveData</STRONG> (Thumb, 14 bytes, Stack size 4 bytes, ht32f5xxxx_spi.o(.text.SPI_ReceiveData))
<BR><BR>[Stack]<UL><LI>Max Depth = 4<LI>Call Chain = SPI_ReceiveData
</UL>
<BR>[Called By]<UL><LI><a href="#[63]">&gt;&gt;</a>&nbsp;&nbsp;&nbsp;SPI_PollSendByte
</UL>

<P><STRONG><a name="[6c]"></a>SPI_SELOutputCmd</STRONG> (Thumb, 44 bytes, Stack size 8 bytes, ht32f5xxxx_spi.o(.text.SPI_SELOutputCmd))
<BR><BR>[Stack]<UL><LI>Max Depth = 8<LI>Call Chain = SPI_SELOutputCmd
</UL>
<BR>[Called By]<UL><LI><a href="#[68]">&gt;&gt;</a>&nbsp;&nbsp;&nbsp;System_Configuration
</UL>

<P><STRONG><a name="[66]"></a>SPI_SendData</STRONG> (Thumb, 18 bytes, Stack size 8 bytes, ht32f5xxxx_spi.o(.text.SPI_SendData))
<BR><BR>[Stack]<UL><LI>Max Depth = 8<LI>Call Chain = SPI_SendData
</UL>
<BR>[Called By]<UL><LI><a href="#[63]">&gt;&gt;</a>&nbsp;&nbsp;&nbsp;SPI_PollSendByte
</UL>

<P><STRONG><a name="[3]"></a>SVC_Handler</STRONG> (Thumb, 2 bytes, Stack size 0 bytes, ht32f5xxxx_01_it.o(.text.SVC_Handler))
<BR>[Address Reference Count : 1]<UL><LI> startup_ht32f5xxxx_03.o(RESET)
</UL>
<P><STRONG><a name="[5]"></a>SysTick_Handler</STRONG> (Thumb, 2 bytes, Stack size 0 bytes, ht32f5xxxx_01_it.o(.text.SysTick_Handler))
<BR>[Address Reference Count : 1]<UL><LI> startup_ht32f5xxxx_03.o(RESET)
</UL>
<P><STRONG><a name="[27]"></a>SystemInit</STRONG> (Thumb, 328 bytes, Stack size 16 bytes, system_ht32f5xxxx_03.o(.text.SystemInit))
<BR><BR>[Stack]<UL><LI>Max Depth = 16<LI>Call Chain = SystemInit
</UL>
<BR>[Address Reference Count : 1]<UL><LI> startup_ht32f5xxxx_03.o(RESET)
</UL>
<P><STRONG><a name="[68]"></a>System_Configuration</STRONG> (Thumb, 480 bytes, Stack size 152 bytes, main.o(.text.System_Configuration))
<BR><BR>[Stack]<UL><LI>Max Depth = 304<LI>Call Chain = System_Configuration &rArr; I2C_Init &rArr; CKCU_GetPeripFrequency &rArr; CKCU_GetClocksFrequency &rArr; CKCU_GetPLLFrequency
</UL>
<BR>[Calls]<UL><LI><a href="#[44]">&gt;&gt;</a>&nbsp;&nbsp;&nbsp;ADC_Cmd
<LI><a href="#[73]">&gt;&gt;</a>&nbsp;&nbsp;&nbsp;ADC_RegularTrigConfig
<LI><a href="#[72]">&gt;&gt;</a>&nbsp;&nbsp;&nbsp;ADC_RegularChannelConfig
<LI><a href="#[71]">&gt;&gt;</a>&nbsp;&nbsp;&nbsp;ADC_RegularGroupConfig
<LI><a href="#[70]">&gt;&gt;</a>&nbsp;&nbsp;&nbsp;CKCU_SetADCnPrescaler
<LI><a href="#[6f]">&gt;&gt;</a>&nbsp;&nbsp;&nbsp;GPIO_InputConfig
<LI><a href="#[6e]">&gt;&gt;</a>&nbsp;&nbsp;&nbsp;I2C_Cmd
<LI><a href="#[58]">&gt;&gt;</a>&nbsp;&nbsp;&nbsp;I2C_Init
<LI><a href="#[6d]">&gt;&gt;</a>&nbsp;&nbsp;&nbsp;SPI_Cmd
<LI><a href="#[6c]">&gt;&gt;</a>&nbsp;&nbsp;&nbsp;SPI_SELOutputCmd
<LI><a href="#[6b]">&gt;&gt;</a>&nbsp;&nbsp;&nbsp;SPI_Init
<LI><a href="#[62]">&gt;&gt;</a>&nbsp;&nbsp;&nbsp;GPIO_WriteOutBits
<LI><a href="#[6a]">&gt;&gt;</a>&nbsp;&nbsp;&nbsp;GPIO_DirectionConfig
<LI><a href="#[69]">&gt;&gt;</a>&nbsp;&nbsp;&nbsp;GPIO_PullResistorConfig
<LI><a href="#[55]">&gt;&gt;</a>&nbsp;&nbsp;&nbsp;AFIO_GPxConfig
<LI><a href="#[54]">&gt;&gt;</a>&nbsp;&nbsp;&nbsp;CKCU_PeripClockConfig
</UL>
<BR>[Called By]<UL><LI><a href="#[29]">&gt;&gt;</a>&nbsp;&nbsp;&nbsp;main
</UL>

<P><STRONG><a name="[56]"></a>USART_Init</STRONG> (Thumb, 188 bytes, Stack size 32 bytes, ht32f5xxxx_usart.o(.text.USART_Init))
<BR><BR>[Stack]<UL><LI>Max Depth = 128<LI>Call Chain = USART_Init &rArr; CKCU_GetPeripFrequency &rArr; CKCU_GetClocksFrequency &rArr; CKCU_GetPLLFrequency
</UL>
<BR>[Calls]<UL><LI><a href="#[52]">&gt;&gt;</a>&nbsp;&nbsp;&nbsp;CKCU_GetPeripFrequency
<LI><a href="#[59]">&gt;&gt;</a>&nbsp;&nbsp;&nbsp;__aeabi_uidiv
</UL>
<BR>[Called By]<UL><LI><a href="#[53]">&gt;&gt;</a>&nbsp;&nbsp;&nbsp;HT32F_DVB_COMInit
</UL>

<P><STRONG><a name="[57]"></a>USART_TxRxCmd</STRONG> (Thumb, 54 bytes, Stack size 12 bytes, ht32f5xxxx_usart.o(.text.USART_TxRxCmd))
<BR><BR>[Stack]<UL><LI>Max Depth = 12<LI>Call Chain = USART_TxRxCmd
</UL>
<BR>[Called By]<UL><LI><a href="#[53]">&gt;&gt;</a>&nbsp;&nbsp;&nbsp;HT32F_DVB_COMInit
</UL>

<P><STRONG><a name="[2a]"></a>fputc</STRONG> (Thumb, 18 bytes, Stack size 16 bytes, ht32_retarget.o(.text.fputc))
<BR><BR>[Stack]<UL><LI>Max Depth = 20<LI>Call Chain = fputc &rArr; SERIAL_PutChar
</UL>
<BR>[Calls]<UL><LI><a href="#[74]">&gt;&gt;</a>&nbsp;&nbsp;&nbsp;SERIAL_PutChar
</UL>
<BR>[Address Reference Count : 1]<UL><LI> printfa.o(i.__0printf)
</UL>
<P><STRONG><a name="[29]"></a>main</STRONG> (Thumb, 432 bytes, Stack size 136 bytes, main.o(.text.main))
<BR><BR>[Stack]<UL><LI>Max Depth = 440<LI>Call Chain = main &rArr; System_Configuration &rArr; I2C_Init &rArr; CKCU_GetPeripFrequency &rArr; CKCU_GetClocksFrequency &rArr; CKCU_GetPLLFrequency
</UL>
<BR>[Calls]<UL><LI><a href="#[7a]">&gt;&gt;</a>&nbsp;&nbsp;&nbsp;__aeabi_f2d
<LI><a href="#[46]">&gt;&gt;</a>&nbsp;&nbsp;&nbsp;ADS1115_ReadVoltage_Diff_A0_A1
<LI><a href="#[31]">&gt;&gt;</a>&nbsp;&nbsp;&nbsp;__aeabi_fdiv
<LI><a href="#[4f]">&gt;&gt;</a>&nbsp;&nbsp;&nbsp;__aeabi_fmul
<LI><a href="#[35]">&gt;&gt;</a>&nbsp;&nbsp;&nbsp;__aeabi_ui2f
<LI><a href="#[79]">&gt;&gt;</a>&nbsp;&nbsp;&nbsp;ADC_GetConversionData
<LI><a href="#[78]">&gt;&gt;</a>&nbsp;&nbsp;&nbsp;ADC_ClearIntPendingBit
<LI><a href="#[77]">&gt;&gt;</a>&nbsp;&nbsp;&nbsp;ADC_GetFlagStatus
<LI><a href="#[76]">&gt;&gt;</a>&nbsp;&nbsp;&nbsp;ADC_SoftwareStartConvCmd
<LI><a href="#[4c]">&gt;&gt;</a>&nbsp;&nbsp;&nbsp;Delay_ms
<LI><a href="#[5f]">&gt;&gt;</a>&nbsp;&nbsp;&nbsp;OLED_DrawString
<LI><a href="#[5a]">&gt;&gt;</a>&nbsp;&nbsp;&nbsp;OLED_Clear
<LI><a href="#[61]">&gt;&gt;</a>&nbsp;&nbsp;&nbsp;OLED_Init
<LI><a href="#[64]">&gt;&gt;</a>&nbsp;&nbsp;&nbsp;RETARGET_Configuration
<LI><a href="#[68]">&gt;&gt;</a>&nbsp;&nbsp;&nbsp;System_Configuration
<LI><a href="#[7b]">&gt;&gt;</a>&nbsp;&nbsp;&nbsp;sprintf
<LI><a href="#[75]">&gt;&gt;</a>&nbsp;&nbsp;&nbsp;printf
</UL>
<BR>[Address Reference Count : 1]<UL><LI> entry9a.o(.ARM.Collect$$$$0000000B)
</UL>
<P><STRONG><a name="[7c]"></a>__0printf</STRONG> (Thumb, 24 bytes, Stack size 24 bytes, printfa.o(i.__0printf), UNUSED)
<BR><BR>[Calls]<UL><LI><a href="#[7d]">&gt;&gt;</a>&nbsp;&nbsp;&nbsp;_printf_core
</UL>

<P><STRONG><a name="[8f]"></a>__1printf</STRONG> (Thumb, 0 bytes, Stack size 24 bytes, printfa.o(i.__0printf), UNUSED)

<P><STRONG><a name="[90]"></a>__2printf</STRONG> (Thumb, 0 bytes, Stack size 24 bytes, printfa.o(i.__0printf), UNUSED)

<P><STRONG><a name="[91]"></a>__c89printf</STRONG> (Thumb, 0 bytes, Stack size 24 bytes, printfa.o(i.__0printf), UNUSED)

<P><STRONG><a name="[75]"></a>printf</STRONG> (Thumb, 0 bytes, Stack size 24 bytes, printfa.o(i.__0printf))
<BR><BR>[Stack]<UL><LI>Max Depth = 24<LI>Call Chain = printf
</UL>
<BR>[Called By]<UL><LI><a href="#[29]">&gt;&gt;</a>&nbsp;&nbsp;&nbsp;main
</UL>

<P><STRONG><a name="[7e]"></a>__0sprintf</STRONG> (Thumb, 36 bytes, Stack size 24 bytes, printfa.o(i.__0sprintf), UNUSED)
<BR><BR>[Calls]<UL><LI><a href="#[2b]">&gt;&gt;</a>&nbsp;&nbsp;&nbsp;_sputc
<LI><a href="#[7d]">&gt;&gt;</a>&nbsp;&nbsp;&nbsp;_printf_core
</UL>

<P><STRONG><a name="[92]"></a>__1sprintf</STRONG> (Thumb, 0 bytes, Stack size 24 bytes, printfa.o(i.__0sprintf), UNUSED)

<P><STRONG><a name="[93]"></a>__2sprintf</STRONG> (Thumb, 0 bytes, Stack size 24 bytes, printfa.o(i.__0sprintf), UNUSED)

<P><STRONG><a name="[94]"></a>__c89sprintf</STRONG> (Thumb, 0 bytes, Stack size 24 bytes, printfa.o(i.__0sprintf), UNUSED)

<P><STRONG><a name="[7b]"></a>sprintf</STRONG> (Thumb, 0 bytes, Stack size 24 bytes, printfa.o(i.__0sprintf))
<BR><BR>[Stack]<UL><LI>Max Depth = 24<LI>Call Chain = sprintf
</UL>
<BR>[Called By]<UL><LI><a href="#[29]">&gt;&gt;</a>&nbsp;&nbsp;&nbsp;main
</UL>

<P><STRONG><a name="[43]"></a>__ARM_clz</STRONG> (Thumb, 46 bytes, Stack size 0 bytes, depilogue.o(i.__ARM_clz), UNUSED)
<BR><BR>[Called By]<UL><LI><a href="#[3b]">&gt;&gt;</a>&nbsp;&nbsp;&nbsp;_double_epilogue
</UL>

<P><STRONG><a name="[95]"></a>__scatterload_copy</STRONG> (Thumb, 14 bytes, Stack size unknown bytes, handlers.o(i.__scatterload_copy), UNUSED)

<P><STRONG><a name="[96]"></a>__scatterload_null</STRONG> (Thumb, 2 bytes, Stack size unknown bytes, handlers.o(i.__scatterload_null), UNUSED)

<P><STRONG><a name="[97]"></a>__scatterload_zeroinit</STRONG> (Thumb, 14 bytes, Stack size unknown bytes, handlers.o(i.__scatterload_zeroinit), UNUSED)
<P>
<H3>
Local Symbols
</H3>
<P><STRONG><a name="[26]"></a>BootProcess</STRONG> (Thumb, 94 bytes, Stack size 0 bytes, startup_ht32f5xxxx_03.o(RESET))
<BR>[Address Reference Count : 1]<UL><LI> startup_ht32f5xxxx_03.o(RESET)
</UL>
<P><STRONG><a name="[7f]"></a>_fp_digits</STRONG> (Thumb, 344 bytes, Stack size 64 bytes, printfa.o(i._fp_digits), UNUSED)
<BR><BR>[Calls]<UL><LI><a href="#[36]">&gt;&gt;</a>&nbsp;&nbsp;&nbsp;__aeabi_uldivmod
<LI><a href="#[3f]">&gt;&gt;</a>&nbsp;&nbsp;&nbsp;__aeabi_dmul
<LI><a href="#[40]">&gt;&gt;</a>&nbsp;&nbsp;&nbsp;__aeabi_ddiv
<LI><a href="#[39]">&gt;&gt;</a>&nbsp;&nbsp;&nbsp;__aeabi_dadd
<LI><a href="#[41]">&gt;&gt;</a>&nbsp;&nbsp;&nbsp;__aeabi_d2ulz
<LI><a href="#[80]">&gt;&gt;</a>&nbsp;&nbsp;&nbsp;__aeabi_cdrcmple
</UL>
<BR>[Called By]<UL><LI><a href="#[7d]">&gt;&gt;</a>&nbsp;&nbsp;&nbsp;_printf_core
</UL>

<P><STRONG><a name="[7d]"></a>_printf_core</STRONG> (Thumb, 1754 bytes, Stack size 128 bytes, printfa.o(i._printf_core), UNUSED)
<BR><BR>[Calls]<UL><LI><a href="#[36]">&gt;&gt;</a>&nbsp;&nbsp;&nbsp;__aeabi_uldivmod
<LI><a href="#[83]">&gt;&gt;</a>&nbsp;&nbsp;&nbsp;__aeabi_uidivmod
<LI><a href="#[81]">&gt;&gt;</a>&nbsp;&nbsp;&nbsp;_printf_pre_padding
<LI><a href="#[82]">&gt;&gt;</a>&nbsp;&nbsp;&nbsp;_printf_post_padding
<LI><a href="#[7f]">&gt;&gt;</a>&nbsp;&nbsp;&nbsp;_fp_digits
</UL>
<BR>[Called By]<UL><LI><a href="#[7e]">&gt;&gt;</a>&nbsp;&nbsp;&nbsp;__0sprintf
<LI><a href="#[7c]">&gt;&gt;</a>&nbsp;&nbsp;&nbsp;__0printf
</UL>

<P><STRONG><a name="[82]"></a>_printf_post_padding</STRONG> (Thumb, 32 bytes, Stack size 24 bytes, printfa.o(i._printf_post_padding), UNUSED)
<BR><BR>[Called By]<UL><LI><a href="#[7d]">&gt;&gt;</a>&nbsp;&nbsp;&nbsp;_printf_core
</UL>

<P><STRONG><a name="[81]"></a>_printf_pre_padding</STRONG> (Thumb, 44 bytes, Stack size 40 bytes, printfa.o(i._printf_pre_padding), UNUSED)
<BR><BR>[Called By]<UL><LI><a href="#[7d]">&gt;&gt;</a>&nbsp;&nbsp;&nbsp;_printf_core
</UL>

<P><STRONG><a name="[2b]"></a>_sputc</STRONG> (Thumb, 10 bytes, Stack size 0 bytes, printfa.o(i._sputc))
<BR><BR>[Called By]<UL><LI><a href="#[7e]">&gt;&gt;</a>&nbsp;&nbsp;&nbsp;__0sprintf
</UL>
<BR>[Address Reference Count : 1]<UL><LI> printfa.o(i.__0sprintf)
</UL><P>
<H3>
Undefined Global Symbols
</H3><HR></body></html>
