Component: Arm Compiler for Embedded 6.24 Tool: armlink [5f371500]

==============================================================================

Section Cross References

    main.o(.text.main) refers to ht32_retarget.o(.text.RETARGET_Configuration) for RETARGET_Configuration
    main.o(.text.main) refers to printfa.o(i.__0printf) for printf
    main.o(.text.main) refers to main.o(.text.I2C_Configuration) for I2C_Configuration
    main.o(.text.main) refers to main.o(.text.ADS1115_ReadVoltage_A0) for ADS1115_ReadVoltage_A0
    main.o(.text.main) refers to f2d.o(.text) for __aeabi_f2d
    main.o(.text.main) refers to main.o(.rodata.str1.1) for [Anonymous Symbol]
    main.o(.ARM.exidx.text.main) refers to main.o(.text.main) for [Anonymous Symbol]
    main.o(.text.I2C_Configuration) refers to ht32f5xxxx_ckcu.o(.text.CKCU_PeripClockConfig) for CKCU_PeripClockConfig
    main.o(.text.I2C_Configuration) refers to ht32f5xxxx_gpio.o(.text.AFIO_GPxConfig) for AFIO_GPxConfig
    main.o(.text.I2C_Configuration) refers to ht32f5xxxx_gpio.o(.text.GPIO_PullResistorConfig) for GPIO_PullResistorConfig
    main.o(.text.I2C_Configuration) refers to ht32f5xxxx_i2c.o(.text.I2C_Init) for I2C_Init
    main.o(.text.I2C_Configuration) refers to ht32f5xxxx_i2c.o(.text.I2C_Cmd) for I2C_Cmd
    main.o(.ARM.exidx.text.I2C_Configuration) refers to main.o(.text.I2C_Configuration) for [Anonymous Symbol]
    main.o(.text.ADS1115_ReadVoltage_A0) refers to ht32f5xxxx_i2c.o(.text.I2C_TargetAddressConfig) for I2C_TargetAddressConfig
    main.o(.text.ADS1115_ReadVoltage_A0) refers to ht32f5xxxx_i2c.o(.text.I2C_CheckStatus) for I2C_CheckStatus
    main.o(.text.ADS1115_ReadVoltage_A0) refers to ht32f5xxxx_i2c.o(.text.I2C_SendData) for I2C_SendData
    main.o(.text.ADS1115_ReadVoltage_A0) refers to ht32f5xxxx_i2c.o(.text.I2C_GenerateSTOP) for I2C_GenerateSTOP
    main.o(.text.ADS1115_ReadVoltage_A0) refers to ht32f5xxxx_i2c.o(.text.I2C_ReadRegister) for I2C_ReadRegister
    main.o(.text.ADS1115_ReadVoltage_A0) refers to main.o(.text.Delay) for Delay
    main.o(.text.ADS1115_ReadVoltage_A0) refers to ht32f5xxxx_i2c.o(.text.I2C_AckCmd) for I2C_AckCmd
    main.o(.text.ADS1115_ReadVoltage_A0) refers to ht32f5xxxx_i2c.o(.text.I2C_ReceiveData) for I2C_ReceiveData
    main.o(.text.ADS1115_ReadVoltage_A0) refers to fflti.o(.text) for __aeabi_i2f
    main.o(.text.ADS1115_ReadVoltage_A0) refers to fmul.o(.text) for __aeabi_fmul
    main.o(.ARM.exidx.text.ADS1115_ReadVoltage_A0) refers to main.o(.text.ADS1115_ReadVoltage_A0) for [Anonymous Symbol]
    main.o(.ARM.exidx.text.Delay) refers to main.o(.text.Delay) for [Anonymous Symbol]
    ht32f5xxxx_01_it.o(.ARM.exidx.text.NMI_Handler) refers to ht32f5xxxx_01_it.o(.text.NMI_Handler) for [Anonymous Symbol]
    ht32f5xxxx_01_it.o(.text.HardFault_Handler) refers to ht32f5xxxx_01_it.o(.bss.HardFault_Handler.gIsContinue) for [Anonymous Symbol]
    ht32f5xxxx_01_it.o(.ARM.exidx.text.HardFault_Handler) refers to ht32f5xxxx_01_it.o(.text.HardFault_Handler) for [Anonymous Symbol]
    ht32f5xxxx_01_it.o(.ARM.exidx.text.SVC_Handler) refers to ht32f5xxxx_01_it.o(.text.SVC_Handler) for [Anonymous Symbol]
    ht32f5xxxx_01_it.o(.ARM.exidx.text.PendSV_Handler) refers to ht32f5xxxx_01_it.o(.text.PendSV_Handler) for [Anonymous Symbol]
    ht32f5xxxx_01_it.o(.ARM.exidx.text.SysTick_Handler) refers to ht32f5xxxx_01_it.o(.text.SysTick_Handler) for [Anonymous Symbol]
    system_ht32f5xxxx_03.o(.ARM.exidx.text.SystemInit) refers to system_ht32f5xxxx_03.o(.text.SystemInit) for [Anonymous Symbol]
    system_ht32f5xxxx_03.o(.text.SystemCoreClockUpdate) refers to system_ht32f5xxxx_03.o(.data.SystemCoreClock) for SystemCoreClock
    system_ht32f5xxxx_03.o(.ARM.exidx.text.SystemCoreClockUpdate) refers to system_ht32f5xxxx_03.o(.text.SystemCoreClockUpdate) for [Anonymous Symbol]
    startup_ht32f5xxxx_03.o(RESET) refers to startup_ht32f5xxxx_03.o(STACK) for __initial_sp
    startup_ht32f5xxxx_03.o(RESET) refers to ht32f5xxxx_01_it.o(.text.NMI_Handler) for NMI_Handler
    startup_ht32f5xxxx_03.o(RESET) refers to ht32f5xxxx_01_it.o(.text.HardFault_Handler) for HardFault_Handler
    startup_ht32f5xxxx_03.o(RESET) refers to ht32f5xxxx_01_it.o(.text.SVC_Handler) for SVC_Handler
    startup_ht32f5xxxx_03.o(RESET) refers to ht32f5xxxx_01_it.o(.text.PendSV_Handler) for PendSV_Handler
    startup_ht32f5xxxx_03.o(RESET) refers to ht32f5xxxx_01_it.o(.text.SysTick_Handler) for SysTick_Handler
    startup_ht32f5xxxx_03.o(RESET) refers to system_ht32f5xxxx_03.o(.text.SystemInit) for SystemInit
    startup_ht32f5xxxx_03.o(RESET) refers to entry.o(.ARM.Collect$$$$00000000) for __main
    ht32_usbd_core.o(.text.USBDCore_Init) refers to ht32f5xxxx_usbd.o(.text.USBD_Init) for USBD_Init
    ht32_usbd_core.o(.text.USBDCore_Init) refers to ht32_usbd_core.o(.bss.pUSBCore) for pUSBCore
    ht32_usbd_core.o(.ARM.exidx.text.USBDCore_Init) refers to ht32_usbd_core.o(.text.USBDCore_Init) for [Anonymous Symbol]
[...]
    Removing ht32f5xxxx_i2s.o(.rodata..L__const.I2S_DeInit.RSTCUReset), (12 bytes).
    Removing ht32f5xxxx_mctm.o(.text), (0 bytes).
    Removing ht32f5xxxx_mctm.o(.text.MCTM_ChNPolarityConfig), (58 bytes).
    Removing ht32f5xxxx_mctm.o(.ARM.exidx.text.MCTM_ChNPolarityConfig), (8 bytes).
    Removing ht32f5xxxx_mctm.o(.text.MCTM_ChannelNConfig), (52 bytes).
    Removing ht32f5xxxx_mctm.o(.ARM.exidx.text.MCTM_ChannelNConfig), (8 bytes).
    Removing ht32f5xxxx_mctm.o(.text.MCTM_CHMOECmd), (44 bytes).
    Removing ht32f5xxxx_mctm.o(.ARM.exidx.text.MCTM_CHMOECmd), (8 bytes).
    Removing ht32f5xxxx_mctm.o(.text.MCTM_CHBRKCTRConfig), (86 bytes).
    Removing ht32f5xxxx_mctm.o(.ARM.exidx.text.MCTM_CHBRKCTRConfig), (8 bytes).
    Removing ht32f5xxxx_mctm.o(.text.MCTM_CHBRKCTRConfig2), (36 bytes).
    Removing ht32f5xxxx_mctm.o(.ARM.exidx.text.MCTM_CHBRKCTRConfig2), (8 bytes).
    Removing ht32f5xxxx_mctm.o(.text.MCTM_CHBRKCTRStructInit), (42 bytes).
    Removing ht32f5xxxx_mctm.o(.ARM.exidx.text.MCTM_CHBRKCTRStructInit), (8 bytes).
    Removing ht32f5xxxx_mctm.o(.text.MCTM_COMPRECmd), (48 bytes).
    Removing ht32f5xxxx_mctm.o(.ARM.exidx.text.MCTM_COMPRECmd), (8 bytes).
    Removing ht32f5xxxx_mctm.o(.text.MCTM_COMUSConfig), (48 bytes).
    Removing ht32f5xxxx_mctm.o(.ARM.exidx.text.MCTM_COMUSConfig), (8 bytes).
    Removing ht32f5xxxx_pdma.o(.text), (0 bytes).
    Removing ht32f5xxxx_pdma.o(.text.PDMA_DeInit), (36 bytes).
    Removing ht32f5xxxx_pdma.o(.ARM.exidx.text.PDMA_DeInit), (8 bytes).
    Removing ht32f5xxxx_pdma.o(.text.PDMA_Config), (72 bytes).
    Removing ht32f5xxxx_pdma.o(.ARM.exidx.text.PDMA_Config), (8 bytes).
    Removing ht32f5xxxx_pdma.o(.text.PDMA_AddrConfig), (40 bytes).
    Removing ht32f5xxxx_pdma.o(.ARM.exidx.text.PDMA_AddrConfig), (8 bytes).
    Removing ht32f5xxxx_pdma.o(.text.PDMA_SrcAddrConfig), (32 bytes).
    Removing ht32f5xxxx_pdma.o(.ARM.exidx.text.PDMA_SrcAddrConfig), (8 bytes).
    Removing ht32f5xxxx_pdma.o(.text.PDMA_DstAddrConfig), (32 bytes).
    Removing ht32f5xxxx_pdma.o(.ARM.exidx.text.PDMA_DstAddrConfig), (8 bytes).
    Removing ht32f5xxxx_pdma.o(.text.PDMA_TranSizeConfig), (44 bytes).
    Removing ht32f5xxxx_pdma.o(.ARM.exidx.text.PDMA_TranSizeConfig), (8 bytes).
    Removing ht32f5xxxx_pdma.o(.text.PDMA_IntConfig), (136 bytes).
    Removing ht32f5xxxx_pdma.o(.ARM.exidx.text.PDMA_IntConfig), (8 bytes).
    Removing ht32f5xxxx_pdma.o(.text.PDMA_EnaCmd), (60 bytes).
    Removing ht32f5xxxx_pdma.o(.ARM.exidx.text.PDMA_EnaCmd), (8 bytes).
    Removing ht32f5xxxx_pdma.o(.text.PDMA_SwTrigCmd), (60 bytes).
    Removing ht32f5xxxx_pdma.o(.ARM.exidx.text.PDMA_SwTrigCmd), (8 bytes).
    Removing ht32f5xxxx_pdma.o(.text.PDMA_GetFlagStatus), (56 bytes).
    Removing ht32f5xxxx_pdma.o(.ARM.exidx.text.PDMA_GetFlagStatus), (8 bytes).
    Removing ht32f5xxxx_pdma.o(.text.PDMA_ClearFlag), (32 bytes).
    Removing ht32f5xxxx_pdma.o(.ARM.exidx.text.PDMA_ClearFlag), (8 bytes).
    Removing ht32f5xxxx_pdma.o(.text.PDMA_GetRemainBlkCnt), (32 bytes).
    Removing ht32f5xxxx_pdma.o(.ARM.exidx.text.PDMA_GetRemainBlkCnt), (8 bytes).
    Removing ht32f5xxxx_pdma.o(.rodata..L__const.PDMA_DeInit.RSTCUReset), (12 bytes).
    Removing ht32f5xxxx_pwrcu.o(.text), (0 bytes).
    Removing ht32f5xxxx_pwrcu.o(.text.PWRCU_DeInit), (52 bytes).
    Removing ht32f5xxxx_pwrcu.o(.ARM.exidx.text.PWRCU_DeInit), (8 bytes).
    Removing ht32f5xxxx_pwrcu.o(.text.PWRCU_CheckReadyAccessed), (64 bytes).
    Removing ht32f5xxxx_pwrcu.o(.ARM.exidx.text.PWRCU_CheckReadyAccessed), (8 bytes).
    Removing ht32f5xxxx_pwrcu.o(.text.PWRCU_GetFlagStatus), (12 bytes).
    Removing ht32f5xxxx_pwrcu.o(.ARM.exidx.text.PWRCU_GetFlagStatus), (8 bytes).
    Removing ht32f5xxxx_pwrcu.o(.text.PWRCU_ReadBackupRegister), (24 bytes).
    Removing ht32f5xxxx_pwrcu.o(.ARM.exidx.text.PWRCU_ReadBackupRegister), (8 bytes).
    Removing ht32f5xxxx_pwrcu.o(.text.PWRCU_WriteBackupRegister), (32 bytes).
    Removing ht32f5xxxx_pwrcu.o(.ARM.exidx.text.PWRCU_WriteBackupRegister), (8 bytes).
    Removing ht32f5xxxx_pwrcu.o(.text.PWRCU_Sleep), (48 bytes).
    Removing ht32f5xxxx_pwrcu.o(.ARM.exidx.text.PWRCU_Sleep), (8 bytes).
    Removing ht32f5xxxx_pwrcu.o(.text.PWRCU_DeepSleep1), (124 bytes).
    Removing ht32f5xxxx_pwrcu.o(.ARM.exidx.text.PWRCU_DeepSleep1), (8 bytes).
    Removing ht32f5xxxx_pwrcu.o(.text.PWRCU_DeepSleep2), (148 bytes).
    Removing ht32f5xxxx_pwrcu.o(.ARM.exidx.text.PWRCU_DeepSleep2), (8 bytes).
    Removing ht32f5xxxx_pwrcu.o(.text.PWRCU_DeepSleep2Ex), (268 bytes).
    Removing ht32f5xxxx_pwrcu.o(.ARM.exidx.text.PWRCU_DeepSleep2Ex), (8 bytes).
    Removing ht32f5xxxx_pwrcu.o(.text.PWRCU_PowerDown), (116 bytes).
    Removing ht32f5xxxx_pwrcu.o(.ARM.exidx.text.PWRCU_PowerDown), (8 bytes).
    Removing ht32f5xxxx_pwrcu.o(.text.__NVIC_SystemReset), (28 bytes).
    Removing ht32f5xxxx_pwrcu.o(.ARM.exidx.text.__NVIC_SystemReset), (8 bytes).
    Removing ht32f5xxxx_pwrcu.o(.text.PWRCU_SetLVDS), (28 bytes).
    Removing ht32f5xxxx_pwrcu.o(.ARM.exidx.text.PWRCU_SetLVDS), (8 bytes).
    Removing ht32f5xxxx_pwrcu.o(.text.PWRCU_LVDCmd), (52 bytes).
    Removing ht32f5xxxx_pwrcu.o(.ARM.exidx.text.PWRCU_LVDCmd), (8 bytes).
    Removing ht32f5xxxx_pwrcu.o(.text.PWRCU_BODCmd), (48 bytes).
    Removing ht32f5xxxx_pwrcu.o(.ARM.exidx.text.PWRCU_BODCmd), (8 bytes).
    Removing ht32f5xxxx_pwrcu.o(.text.PWRCU_BODRISConfig), (48 bytes).
    Removing ht32f5xxxx_pwrcu.o(.ARM.exidx.text.PWRCU_BODRISConfig), (8 bytes).
    Removing ht32f5xxxx_pwrcu.o(.text.PWRCU_GetLVDFlagStatus), (16 bytes).
    Removing ht32f5xxxx_pwrcu.o(.ARM.exidx.text.PWRCU_GetLVDFlagStatus), (8 bytes).
    Removing ht32f5xxxx_pwrcu.o(.text.PWRCU_GetBODFlagStatus), (16 bytes).
    Removing ht32f5xxxx_pwrcu.o(.ARM.exidx.text.PWRCU_GetBODFlagStatus), (8 bytes).
    Removing ht32f5xxxx_pwrcu.o(.text.PWRCU_GetDMOSStatus), (72 bytes).
    Removing ht32f5xxxx_pwrcu.o(.ARM.exidx.text.PWRCU_GetDMOSStatus), (8 bytes).
    Removing ht32f5xxxx_pwrcu.o(.text.PWRCU_DMOSCmd), (76 bytes).
    Removing ht32f5xxxx_pwrcu.o(.ARM.exidx.text.PWRCU_DMOSCmd), (8 bytes).
    Removing ht32f5xxxx_pwrcu.o(.text.PWRCU_LDOConfig), (96 bytes).
    Removing ht32f5xxxx_pwrcu.o(.ARM.exidx.text.PWRCU_LDOConfig), (8 bytes).
    Removing ht32f5xxxx_pwrcu.o(.text.PWRCU_LVDIntWakeupConfig), (52 bytes).
    Removing ht32f5xxxx_pwrcu.o(.ARM.exidx.text.PWRCU_LVDIntWakeupConfig), (8 bytes).
    Removing ht32f5xxxx_pwrcu.o(.text.PWRCU_LVDEventWakeupConfig), (52 bytes).
    Removing ht32f5xxxx_pwrcu.o(.ARM.exidx.text.PWRCU_LVDEventWakeupConfig), (8 bytes).
    Removing ht32f5xxxx_pwrcu.o(.text.PWRCU_WakeupPinCmd), (52 bytes).
    Removing ht32f5xxxx_pwrcu.o(.ARM.exidx.text.PWRCU_WakeupPinCmd), (8 bytes).
    Removing ht32f5xxxx_rstcu.o(.text), (0 bytes).
    Removing ht32f5xxxx_rstcu.o(.text.RSTCU_GetResetFlagStatus), (56 bytes).
    Removing ht32f5xxxx_rstcu.o(.ARM.exidx.text.RSTCU_GetResetFlagStatus), (8 bytes).
    Removing ht32f5xxxx_rstcu.o(.text.RSTCU_ClearResetFlag), (28 bytes).
    Removing ht32f5xxxx_rstcu.o(.ARM.exidx.text.RSTCU_ClearResetFlag), (8 bytes).
    Removing ht32f5xxxx_rstcu.o(.text.RSTCU_ClearAllResetFlag), (12 bytes).
    Removing ht32f5xxxx_rstcu.o(.ARM.exidx.text.RSTCU_ClearAllResetFlag), (8 bytes).
    Removing ht32f5xxxx_rstcu.o(.text.RSTCU_PeripReset), (124 bytes).
    Removing ht32f5xxxx_rstcu.o(.ARM.exidx.text.RSTCU_PeripReset), (8 bytes).
    Removing ht32f5xxxx_rtc.o(.text), (0 bytes).
    Removing ht32f5xxxx_rtc.o(.text.RTC_DeInit), (76 bytes).
    Removing ht32f5xxxx_rtc.o(.ARM.exidx.text.RTC_DeInit), (8 bytes).
    Removing ht32f5xxxx_rtc.o(.text.RTC_ClockSourceConfig), (32 bytes).
    Removing ht32f5xxxx_rtc.o(.ARM.exidx.text.RTC_ClockSourceConfig), (8 bytes).
    Removing ht32f5xxxx_rtc.o(.text.RTC_LSESMConfig), (32 bytes).
    Removing ht32f5xxxx_rtc.o(.ARM.exidx.text.RTC_LSESMConfig), (8 bytes).
    Removing ht32f5xxxx_rtc.o(.text.RTC_LSECmd), (48 bytes).
    Removing ht32f5xxxx_rtc.o(.ARM.exidx.text.RTC_LSECmd), (8 bytes).
    Removing ht32f5xxxx_rtc.o(.text.RTC_CMPCLRCmd), (48 bytes).
    Removing ht32f5xxxx_rtc.o(.ARM.exidx.text.RTC_CMPCLRCmd), (8 bytes).
    Removing ht32f5xxxx_rtc.o(.text.RTC_SetPrescaler), (32 bytes).
    Removing ht32f5xxxx_rtc.o(.ARM.exidx.text.RTC_SetPrescaler), (8 bytes).
    Removing ht32f5xxxx_rtc.o(.text.RTC_GetPrescaler), (28 bytes).
    Removing ht32f5xxxx_rtc.o(.ARM.exidx.text.RTC_GetPrescaler), (8 bytes).
    Removing ht32f5xxxx_rtc.o(.text.RTC_Cmd), (48 bytes).
    Removing ht32f5xxxx_rtc.o(.ARM.exidx.text.RTC_Cmd), (8 bytes).
    Removing ht32f5xxxx_rtc.o(.text.RTC_GetCounter), (12 bytes).
    Removing ht32f5xxxx_rtc.o(.ARM.exidx.text.RTC_GetCounter), (8 bytes).
    Removing ht32f5xxxx_rtc.o(.text.RTC_SetCompare), (20 bytes).
    Removing ht32f5xxxx_rtc.o(.ARM.exidx.text.RTC_SetCompare), (8 bytes).
    Removing ht32f5xxxx_rtc.o(.text.RTC_GetCompare), (12 bytes).
    Removing ht32f5xxxx_rtc.o(.ARM.exidx.text.RTC_GetCompare), (8 bytes).
    Removing ht32f5xxxx_rtc.o(.text.RTC_WakeupConfig), (48 bytes).
    Removing ht32f5xxxx_rtc.o(.ARM.exidx.text.RTC_WakeupConfig), (8 bytes).
    Removing ht32f5xxxx_rtc.o(.text.RTC_IntConfig), (48 bytes).
    Removing ht32f5xxxx_rtc.o(.ARM.exidx.text.RTC_IntConfig), (8 bytes).
    Removing ht32f5xxxx_rtc.o(.text.RTC_GetFlagStatus), (12 bytes).
    Removing ht32f5xxxx_rtc.o(.ARM.exidx.text.RTC_GetFlagStatus), (8 bytes).
    Removing ht32f5xxxx_rtc.o(.text.RTC_OutConfig), (84 bytes).
    Removing ht32f5xxxx_rtc.o(.ARM.exidx.text.RTC_OutConfig), (8 bytes).
    Removing ht32f5xxxx_rtc.o(.text.RTC_OutCmd), (52 bytes).
    Removing ht32f5xxxx_rtc.o(.ARM.exidx.text.RTC_OutCmd), (8 bytes).
    Removing ht32f5xxxx_rtc.o(.text.RTC_GetOutStatus), (44 bytes).
    Removing ht32f5xxxx_rtc.o(.ARM.exidx.text.RTC_GetOutStatus), (8 bytes).
    Removing ht32f5xxxx_sci.o(.text), (0 bytes).
    Removing ht32f5xxxx_sci.o(.text.SCI_DeInit), (68 bytes).
    Removing ht32f5xxxx_sci.o(.ARM.exidx.text.SCI_DeInit), (8 bytes).
    Removing ht32f5xxxx_sci.o(.text.SCI_Init), (60 bytes).
    Removing ht32f5xxxx_sci.o(.ARM.exidx.text.SCI_Init), (8 bytes).
    Removing ht32f5xxxx_sci.o(.text.SCI_StructInit), (30 bytes).
    Removing ht32f5xxxx_sci.o(.ARM.exidx.text.SCI_StructInit), (8 bytes).
    Removing ht32f5xxxx_sci.o(.text.SCI_Cmd), (44 bytes).
    Removing ht32f5xxxx_sci.o(.ARM.exidx.text.SCI_Cmd), (8 bytes).
    Removing ht32f5xxxx_sci.o(.text.SCI_ETUConfig), (22 bytes).
    Removing ht32f5xxxx_sci.o(.ARM.exidx.text.SCI_ETUConfig), (8 bytes).
    Removing ht32f5xxxx_sci.o(.text.SCI_SetGuardTimeValue), (18 bytes).
    Removing ht32f5xxxx_sci.o(.ARM.exidx.text.SCI_SetGuardTimeValue), (8 bytes).
    Removing ht32f5xxxx_sci.o(.text.SCI_SetWaitingTimeValue), (16 bytes).
    Removing ht32f5xxxx_sci.o(.ARM.exidx.text.SCI_SetWaitingTimeValue), (8 bytes).
    Removing ht32f5xxxx_sci.o(.text.SCI_WaitingTimeCounterCmd), (44 bytes).
    Removing ht32f5xxxx_sci.o(.ARM.exidx.text.SCI_WaitingTimeCounterCmd), (8 bytes).
    Removing ht32f5xxxx_sci.o(.text.SCI_SendData), (18 bytes).
    Removing ht32f5xxxx_sci.o(.ARM.exidx.text.SCI_SendData), (8 bytes).
    Removing ht32f5xxxx_sci.o(.text.SCI_ReceiveData), (14 bytes).
    Removing ht32f5xxxx_sci.o(.ARM.exidx.text.SCI_ReceiveData), (8 bytes).
    Removing ht32f5xxxx_sci.o(.text.SCI_ClockModeConfig), (44 bytes).
    Removing ht32f5xxxx_sci.o(.ARM.exidx.text.SCI_ClockModeConfig), (8 bytes).
    Removing ht32f5xxxx_sci.o(.text.SCI_SoftwareClockCmd), (44 bytes).
    Removing ht32f5xxxx_sci.o(.ARM.exidx.text.SCI_SoftwareClockCmd), (8 bytes).
    Removing ht32f5xxxx_sci.o(.text.SCI_OutputDIO), (44 bytes).
    Removing ht32f5xxxx_sci.o(.ARM.exidx.text.SCI_OutputDIO), (8 bytes).
    Removing ht32f5xxxx_sci.o(.text.SCI_IntConfig), (46 bytes).
    Removing ht32f5xxxx_sci.o(.ARM.exidx.text.SCI_IntConfig), (8 bytes).
    Removing ht32f5xxxx_sci.o(.text.SCI_GetFlagStatus), (54 bytes).
    Removing ht32f5xxxx_sci.o(.ARM.exidx.text.SCI_GetFlagStatus), (8 bytes).
    Removing ht32f5xxxx_sci.o(.text.SCI_ClearFlag), (50 bytes).
    Removing ht32f5xxxx_sci.o(.ARM.exidx.text.SCI_ClearFlag), (8 bytes).
    Removing ht32f5xxxx_sci.o(.text.SCI_PDMACmd), (46 bytes).
    Removing ht32f5xxxx_sci.o(.ARM.exidx.text.SCI_PDMACmd), (8 bytes).
    Removing ht32f5xxxx_sci.o(.rodata..L__const.SCI_DeInit.RSTCUReset), (12 bytes).
    Removing ht32f5xxxx_spi.o(.text), (0 bytes).
    Removing ht32f5xxxx_spi.o(.text.SPI_DeInit), (112 bytes).
    Removing ht32f5xxxx_spi.o(.ARM.exidx.text.SPI_DeInit), (8 bytes).
    Removing ht32f5xxxx_spi.o(.text.SPI_Init), (118 bytes).
    Removing ht32f5xxxx_spi.o(.ARM.exidx.text.SPI_Init), (8 bytes).
    Removing ht32f5xxxx_spi.o(.text.SPI_StructInit), (56 bytes).
    Removing ht32f5xxxx_spi.o(.ARM.exidx.text.SPI_StructInit), (8 bytes).
    Removing ht32f5xxxx_spi.o(.text.SPI_Cmd), (44 bytes).
    Removing ht32f5xxxx_spi.o(.ARM.exidx.text.SPI_Cmd), (8 bytes).
    Removing ht32f5xxxx_spi.o(.text.SPI_SELOutputCmd), (44 bytes).
    Removing ht32f5xxxx_spi.o(.ARM.exidx.text.SPI_SELOutputCmd), (8 bytes).
    Removing ht32f5xxxx_spi.o(.text.SPI_FIFOCmd), (48 bytes).
    Removing ht32f5xxxx_spi.o(.ARM.exidx.text.SPI_FIFOCmd), (8 bytes).
    Removing ht32f5xxxx_spi.o(.text.SPI_SetDataLength), (32 bytes).
    Removing ht32f5xxxx_spi.o(.ARM.exidx.text.SPI_SetDataLength), (8 bytes).
    Removing ht32f5xxxx_spi.o(.text.SPI_SELModeConfig), (46 bytes).
    Removing ht32f5xxxx_spi.o(.ARM.exidx.text.SPI_SELModeConfig), (8 bytes).
    Removing ht32f5xxxx_spi.o(.text.SPI_SoftwareSELCmd), (44 bytes).
    Removing ht32f5xxxx_spi.o(.ARM.exidx.text.SPI_SoftwareSELCmd), (8 bytes).
    Removing ht32f5xxxx_spi.o(.text.SPI_SendData), (18 bytes).
    Removing ht32f5xxxx_spi.o(.ARM.exidx.text.SPI_SendData), (8 bytes).
    Removing ht32f5xxxx_spi.o(.text.SPI_ReceiveData), (14 bytes).
    Removing ht32f5xxxx_spi.o(.ARM.exidx.text.SPI_ReceiveData), (8 bytes).
    Removing ht32f5xxxx_spi.o(.text.SPI_SetTimeOutValue), (18 bytes).
    Removing ht32f5xxxx_spi.o(.ARM.exidx.text.SPI_SetTimeOutValue), (8 bytes).
    Removing ht32f5xxxx_spi.o(.text.SPI_IntConfig), (46 bytes).
    Removing ht32f5xxxx_spi.o(.ARM.exidx.text.SPI_IntConfig), (8 bytes).
    Removing ht32f5xxxx_spi.o(.text.SPI_GetFlagStatus), (54 bytes).
    Removing ht32f5xxxx_spi.o(.ARM.exidx.text.SPI_GetFlagStatus), (8 bytes).
    Removing ht32f5xxxx_spi.o(.text.SPI_GetFIFOStatus), (50 bytes).
    Removing ht32f5xxxx_spi.o(.ARM.exidx.text.SPI_GetFIFOStatus), (8 bytes).
    Removing ht32f5xxxx_spi.o(.text.SPI_ClearFlag), (16 bytes).
    Removing ht32f5xxxx_spi.o(.ARM.exidx.text.SPI_ClearFlag), (8 bytes).
    Removing ht32f5xxxx_spi.o(.text.SPI_FIFOTriggerLevelConfig), (76 bytes).
    Removing ht32f5xxxx_spi.o(.ARM.exidx.text.SPI_FIFOTriggerLevelConfig), (8 bytes).
    Removing ht32f5xxxx_spi.o(.text.SPI_PDMACmd), (46 bytes).
    Removing ht32f5xxxx_spi.o(.ARM.exidx.text.SPI_PDMACmd), (8 bytes).
    Removing ht32f5xxxx_spi.o(.text.SPI_DUALCmd), (62 bytes).
    Removing ht32f5xxxx_spi.o(.ARM.exidx.text.SPI_DUALCmd), (8 bytes).
    Removing ht32f5xxxx_spi.o(.text.QSPI_QuadCmd), (76 bytes).
    Removing ht32f5xxxx_spi.o(.ARM.exidx.text.QSPI_QuadCmd), (8 bytes).
    Removing ht32f5xxxx_spi.o(.text.QSPI_DirectionConfig), (66 bytes).
    Removing ht32f5xxxx_spi.o(.ARM.exidx.text.QSPI_DirectionConfig), (8 bytes).
    Removing ht32f5xxxx_spi.o(.text.SPI_GUARDTCmd), (44 bytes).
    Removing ht32f5xxxx_spi.o(.ARM.exidx.text.SPI_GUARDTCmd), (8 bytes).
    Removing ht32f5xxxx_spi.o(.text.SPI_GUARDTConfig), (32 bytes).
    Removing ht32f5xxxx_spi.o(.ARM.exidx.text.SPI_GUARDTConfig), (8 bytes).
    Removing ht32f5xxxx_spi.o(.text.SPI_SELHTConfig), (32 bytes).
    Removing ht32f5xxxx_spi.o(.ARM.exidx.text.SPI_SELHTConfig), (8 bytes).
    Removing ht32f5xxxx_spi.o(.rodata..L__const.SPI_DeInit.RSTCUReset), (12 bytes).
    Removing ht32f5xxxx_tm.o(.text), (0 bytes).
    Removing ht32f5xxxx_tm.o(.text.TM_DeInit), (192 bytes).
    Removing ht32f5xxxx_tm.o(.ARM.exidx.text.TM_DeInit), (8 bytes).
    Removing ht32f5xxxx_tm.o(.text.TM_TimeBaseInit), (100 bytes).
    Removing ht32f5xxxx_tm.o(.ARM.exidx.text.TM_TimeBaseInit), (8 bytes).
    Removing ht32f5xxxx_tm.o(.text.TM_OutputInit), (340 bytes).
    Removing ht32f5xxxx_tm.o(.ARM.exidx.text.TM_OutputInit), (8 bytes).
    Removing ht32f5xxxx_tm.o(.text.TM_CaptureInit), (50 bytes).
    Removing ht32f5xxxx_tm.o(.ARM.exidx.text.TM_CaptureInit), (8 bytes).
    Removing ht32f5xxxx_tm.o(.text._TM_CHx_Config), (148 bytes).
    Removing ht32f5xxxx_tm.o(.ARM.exidx.text._TM_CHx_Config), (8 bytes).
    Removing ht32f5xxxx_tm.o(.text.TM_CHPSCConfig), (54 bytes).
    Removing ht32f5xxxx_tm.o(.ARM.exidx.text.TM_CHPSCConfig), (8 bytes).
    Removing ht32f5xxxx_tm.o(.text.TM_PwmInputInit), (168 bytes).
    Removing ht32f5xxxx_tm.o(.ARM.exidx.text.TM_PwmInputInit), (8 bytes).
    Removing ht32f5xxxx_tm.o(.text.TM_TimeBaseStructInit), (40 bytes).
    Removing ht32f5xxxx_tm.o(.ARM.exidx.text.TM_TimeBaseStructInit), (8 bytes).
    Removing ht32f5xxxx_tm.o(.text.TM_OutputStructInit), (50 bytes).
    Removing ht32f5xxxx_tm.o(.ARM.exidx.text.TM_OutputStructInit), (8 bytes).
    Removing ht32f5xxxx_tm.o(.text.TM_CaptureStructInit), (34 bytes).
    Removing ht32f5xxxx_tm.o(.ARM.exidx.text.TM_CaptureStructInit), (8 bytes).
    Removing ht32f5xxxx_tm.o(.text.TM_Cmd), (44 bytes).
    Removing ht32f5xxxx_tm.o(.ARM.exidx.text.TM_Cmd), (8 bytes).
    Removing ht32f5xxxx_tm.o(.text.TM_ItiExternalClockConfig), (40 bytes).
    Removing ht32f5xxxx_tm.o(.ARM.exidx.text.TM_ItiExternalClockConfig), (8 bytes).
    Removing ht32f5xxxx_tm.o(.text.TM_StiConfig), (48 bytes).
    Removing ht32f5xxxx_tm.o(.ARM.exidx.text.TM_StiConfig), (8 bytes).
    Removing ht32f5xxxx_tm.o(.text.TM_ChExternalClockConfig), (98 bytes).
    Removing ht32f5xxxx_tm.o(.ARM.exidx.text.TM_ChExternalClockConfig), (8 bytes).
    Removing ht32f5xxxx_tm.o(.text.TM_PrescalerConfig), (36 bytes).
    Removing ht32f5xxxx_tm.o(.ARM.exidx.text.TM_PrescalerConfig), (8 bytes).
    Removing ht32f5xxxx_tm.o(.text.TM_CounterModeConfig), (44 bytes).
    Removing ht32f5xxxx_tm.o(.ARM.exidx.text.TM_CounterModeConfig), (8 bytes).
    Removing ht32f5xxxx_tm.o(.text.TM_DecoderConfig), (156 bytes).
    Removing ht32f5xxxx_tm.o(.ARM.exidx.text.TM_DecoderConfig), (8 bytes).
    Removing ht32f5xxxx_tm.o(.text.TM_ForcedOREF), (52 bytes).
    Removing ht32f5xxxx_tm.o(.ARM.exidx.text.TM_ForcedOREF), (8 bytes).
    Removing ht32f5xxxx_tm.o(.text.TM_CRRPreloadCmd), (44 bytes).
    Removing ht32f5xxxx_tm.o(.ARM.exidx.text.TM_CRRPreloadCmd), (8 bytes).
    Removing ht32f5xxxx_tm.o(.text.TM_CHCCRPreloadConfig), (72 bytes).
    Removing ht32f5xxxx_tm.o(.ARM.exidx.text.TM_CHCCRPreloadConfig), (8 bytes).
    Removing ht32f5xxxx_tm.o(.text.TM_ChPolarityConfig), (56 bytes).
    Removing ht32f5xxxx_tm.o(.ARM.exidx.text.TM_ChPolarityConfig), (8 bytes).
    Removing ht32f5xxxx_tm.o(.text.TM_ImmActiveConfig), (72 bytes).
    Removing ht32f5xxxx_tm.o(.ARM.exidx.text.TM_ImmActiveConfig), (8 bytes).
    Removing ht32f5xxxx_tm.o(.text.TM_ChannelConfig), (50 bytes).
    Removing ht32f5xxxx_tm.o(.ARM.exidx.text.TM_ChannelConfig), (8 bytes).
    Removing ht32f5xxxx_tm.o(.text.TM_OutputModeConfig), (62 bytes).
    Removing ht32f5xxxx_tm.o(.ARM.exidx.text.TM_OutputModeConfig), (8 bytes).
    Removing ht32f5xxxx_tm.o(.text.TM_UpdateCmd), (44 bytes).
    Removing ht32f5xxxx_tm.o(.ARM.exidx.text.TM_UpdateCmd), (8 bytes).
    Removing ht32f5xxxx_tm.o(.text.TM_UEVG_IntConfig), (44 bytes).
    Removing ht32f5xxxx_tm.o(.ARM.exidx.text.TM_UEVG_IntConfig), (8 bytes).
    Removing ht32f5xxxx_tm.o(.text.TM_HallInterfaceCmd), (48 bytes).
    Removing ht32f5xxxx_tm.o(.ARM.exidx.text.TM_HallInterfaceCmd), (8 bytes).
    Removing ht32f5xxxx_tm.o(.text.TM_SinglePulseModeCmd), (48 bytes).
    Removing ht32f5xxxx_tm.o(.ARM.exidx.text.TM_SinglePulseModeCmd), (8 bytes).
    Removing ht32f5xxxx_tm.o(.text.TM_MMSELConfig), (28 bytes).
    Removing ht32f5xxxx_tm.o(.ARM.exidx.text.TM_MMSELConfig), (8 bytes).
    Removing ht32f5xxxx_tm.o(.text.TM_SlaveModeConfig), (36 bytes).
    Removing ht32f5xxxx_tm.o(.ARM.exidx.text.TM_SlaveModeConfig), (8 bytes).
    Removing ht32f5xxxx_tm.o(.text.TM_TimSyncCmd), (44 bytes).
    Removing ht32f5xxxx_tm.o(.ARM.exidx.text.TM_TimSyncCmd), (8 bytes).
    Removing ht32f5xxxx_tm.o(.text.TM_SetCounter), (20 bytes).
    Removing ht32f5xxxx_tm.o(.ARM.exidx.text.TM_SetCounter), (8 bytes).
    Removing ht32f5xxxx_tm.o(.text.TM_SetCounterReload), (20 bytes).
    Removing ht32f5xxxx_tm.o(.ARM.exidx.text.TM_SetCounterReload), (8 bytes).
    Removing ht32f5xxxx_tm.o(.text.TM_SetCaptureCompare), (46 bytes).
    Removing ht32f5xxxx_tm.o(.ARM.exidx.text.TM_SetCaptureCompare), (8 bytes).
    Removing ht32f5xxxx_tm.o(.text.TM_SetAsymmetricCompare), (46 bytes).
    Removing ht32f5xxxx_tm.o(.ARM.exidx.text.TM_SetAsymmetricCompare), (8 bytes).
    Removing ht32f5xxxx_tm.o(.text.TM_CKDIVConfig), (34 bytes).
    Removing ht32f5xxxx_tm.o(.ARM.exidx.text.TM_CKDIVConfig), (8 bytes).
    Removing ht32f5xxxx_tm.o(.text.TM_GetCaptureCompare), (34 bytes).
    Removing ht32f5xxxx_tm.o(.ARM.exidx.text.TM_GetCaptureCompare), (8 bytes).
    Removing ht32f5xxxx_tm.o(.text.TM_GetCounter), (14 bytes).
    Removing ht32f5xxxx_tm.o(.ARM.exidx.text.TM_GetCounter), (8 bytes).
    Removing ht32f5xxxx_tm.o(.text.TM_GetPrescaler), (14 bytes).
    Removing ht32f5xxxx_tm.o(.ARM.exidx.text.TM_GetPrescaler), (8 bytes).
    Removing ht32f5xxxx_tm.o(.text.TM_GenerateEvent), (16 bytes).
    Removing ht32f5xxxx_tm.o(.ARM.exidx.text.TM_GenerateEvent), (8 bytes).
    Removing ht32f5xxxx_tm.o(.text.TM_GetFlagStatus), (42 bytes).
    Removing ht32f5xxxx_tm.o(.ARM.exidx.text.TM_GetFlagStatus), (8 bytes).
    Removing ht32f5xxxx_tm.o(.text.TM_ClearFlag), (22 bytes).
    Removing ht32f5xxxx_tm.o(.ARM.exidx.text.TM_ClearFlag), (8 bytes).
    Removing ht32f5xxxx_tm.o(.text.TM_IntConfig), (46 bytes).
    Removing ht32f5xxxx_tm.o(.ARM.exidx.text.TM_IntConfig), (8 bytes).
    Removing ht32f5xxxx_tm.o(.text.TM_GetIntStatus), (66 bytes).
    Removing ht32f5xxxx_tm.o(.ARM.exidx.text.TM_GetIntStatus), (8 bytes).
    Removing ht32f5xxxx_tm.o(.text.TM_ClearIntPendingBit), (22 bytes).
    Removing ht32f5xxxx_tm.o(.ARM.exidx.text.TM_ClearIntPendingBit), (8 bytes).
    Removing ht32f5xxxx_tm.o(.text.TM_InternalClockConfig), (20 bytes).
    Removing ht32f5xxxx_tm.o(.ARM.exidx.text.TM_InternalClockConfig), (8 bytes).
    Removing ht32f5xxxx_tm.o(.text.TM_CHCCDSConfig), (48 bytes).
    Removing ht32f5xxxx_tm.o(.ARM.exidx.text.TM_CHCCDSConfig), (8 bytes).
    Removing ht32f5xxxx_tm.o(.text.TM_PDMAConfig), (46 bytes).
    Removing ht32f5xxxx_tm.o(.ARM.exidx.text.TM_PDMAConfig), (8 bytes).
    Removing ht32f5xxxx_tm.o(.rodata..L__const.TM_DeInit.RSTCUReset), (12 bytes).
    Removing ht32f5xxxx_usart.o(.text), (0 bytes).
    Removing ht32f5xxxx_usart.o(.text.USART_DeInit), (192 bytes).
    Removing ht32f5xxxx_usart.o(.ARM.exidx.text.USART_DeInit), (8 bytes).
    Removing ht32f5xxxx_usart.o(.ARM.exidx.text.USART_Init), (8 bytes).
    Removing ht32f5xxxx_usart.o(.text.USART_StructInit), (38 bytes).
    Removing ht32f5xxxx_usart.o(.ARM.exidx.text.USART_StructInit), (8 bytes).
    Removing ht32f5xxxx_usart.o(.text.USART_SendData), (18 bytes).
    Removing ht32f5xxxx_usart.o(.ARM.exidx.text.USART_SendData), (8 bytes).
    Removing ht32f5xxxx_usart.o(.text.USART_ReceiveData), (14 bytes).
    Removing ht32f5xxxx_usart.o(.ARM.exidx.text.USART_ReceiveData), (8 bytes).
    Removing ht32f5xxxx_usart.o(.text.USART_GetFlagStatus), (42 bytes).
    Removing ht32f5xxxx_usart.o(.ARM.exidx.text.USART_GetFlagStatus), (8 bytes).
    Removing ht32f5xxxx_usart.o(.text.USART_GetIntStatus), (42 bytes).
    Removing ht32f5xxxx_usart.o(.ARM.exidx.text.USART_GetIntStatus), (8 bytes).
    Removing ht32f5xxxx_usart.o(.text.USART_ClearFlag), (20 bytes).
    Removing ht32f5xxxx_usart.o(.ARM.exidx.text.USART_ClearFlag), (8 bytes).
    Removing ht32f5xxxx_usart.o(.text.USART_IntConfig), (46 bytes).
    Removing ht32f5xxxx_usart.o(.ARM.exidx.text.USART_IntConfig), (8 bytes).
    Removing ht32f5xxxx_usart.o(.ARM.exidx.text.USART_TxRxCmd), (8 bytes).
    Removing ht32f5xxxx_usart.o(.text.USART_PDMACmd), (46 bytes).
    Removing ht32f5xxxx_usart.o(.ARM.exidx.text.USART_PDMACmd), (8 bytes).
    Removing ht32f5xxxx_usart.o(.text.USART_ForceBreakCmd), (48 bytes).
    Removing ht32f5xxxx_usart.o(.ARM.exidx.text.USART_ForceBreakCmd), (8 bytes).
    Removing ht32f5xxxx_usart.o(.text.USART_StickParityCmd), (48 bytes).
    Removing ht32f5xxxx_usart.o(.ARM.exidx.text.USART_StickParityCmd), (8 bytes).
    Removing ht32f5xxxx_usart.o(.text.USART_StickParityConfig), (52 bytes).
    Removing ht32f5xxxx_usart.o(.ARM.exidx.text.USART_StickParityConfig), (8 bytes).
    Removing ht32f5xxxx_usart.o(.text.USART_SetGuardTime), (30 bytes).
    Removing ht32f5xxxx_usart.o(.ARM.exidx.text.USART_SetGuardTime), (8 bytes).
    Removing ht32f5xxxx_usart.o(.text.USART_TXRXTLConfig), (36 bytes).
    Removing ht32f5xxxx_usart.o(.ARM.exidx.text.USART_TXRXTLConfig), (8 bytes).
    Removing ht32f5xxxx_usart.o(.text.USART_SetTimeOutValue), (30 bytes).
    Removing ht32f5xxxx_usart.o(.ARM.exidx.text.USART_SetTimeOutValue), (8 bytes).
    Removing ht32f5xxxx_usart.o(.text.USART_FIFOReset), (20 bytes).
    Removing ht32f5xxxx_usart.o(.ARM.exidx.text.USART_FIFOReset), (8 bytes).
    Removing ht32f5xxxx_usart.o(.text.USART_GetFIFOStatus), (58 bytes).
    Removing ht32f5xxxx_usart.o(.ARM.exidx.text.USART_GetFIFOStatus), (8 bytes).
    Removing ht32f5xxxx_usart.o(.text.USART_HardwareFlowControlCmd), (44 bytes).
    Removing ht32f5xxxx_usart.o(.ARM.exidx.text.USART_HardwareFlowControlCmd), (8 bytes).
    Removing ht32f5xxxx_usart.o(.text.USART_IrDACmd), (44 bytes).
    Removing ht32f5xxxx_usart.o(.ARM.exidx.text.USART_IrDACmd), (8 bytes).
    Removing ht32f5xxxx_usart.o(.text.USART_IrDAConfig), (44 bytes).
    Removing ht32f5xxxx_usart.o(.ARM.exidx.text.USART_IrDAConfig), (8 bytes).
    Removing ht32f5xxxx_usart.o(.text.USART_SetIrDAPrescaler), (30 bytes).
    Removing ht32f5xxxx_usart.o(.ARM.exidx.text.USART_SetIrDAPrescaler), (8 bytes).
    Removing ht32f5xxxx_usart.o(.text.USART_IrDADirectionConfig), (44 bytes).
    Removing ht32f5xxxx_usart.o(.ARM.exidx.text.USART_IrDADirectionConfig), (8 bytes).
    Removing ht32f5xxxx_usart.o(.text.USART_IrDAInvtCmd), (54 bytes).
    Removing ht32f5xxxx_usart.o(.ARM.exidx.text.USART_IrDAInvtCmd), (8 bytes).
    Removing ht32f5xxxx_usart.o(.text.USART_RS485TxEnablePolarityConfig), (44 bytes).
    Removing ht32f5xxxx_usart.o(.ARM.exidx.text.USART_RS485TxEnablePolarityConfig), (8 bytes).
    Removing ht32f5xxxx_usart.o(.text.USART_RS485NMMCmd), (44 bytes).
    Removing ht32f5xxxx_usart.o(.ARM.exidx.text.USART_RS485NMMCmd), (8 bytes).
    Removing ht32f5xxxx_usart.o(.text.USART_RS485AADCmd), (44 bytes).
    Removing ht32f5xxxx_usart.o(.ARM.exidx.text.USART_RS485AADCmd), (8 bytes).
    Removing ht32f5xxxx_usart.o(.text.USART_SetAddressMatchValue), (30 bytes).
    Removing ht32f5xxxx_usart.o(.ARM.exidx.text.USART_SetAddressMatchValue), (8 bytes).
    Removing ht32f5xxxx_usart.o(.text.USART_SynClockInit), (44 bytes).
    Removing ht32f5xxxx_usart.o(.ARM.exidx.text.USART_SynClockInit), (8 bytes).
    Removing ht32f5xxxx_usart.o(.text.USART_SynClockStructInit), (26 bytes).
    Removing ht32f5xxxx_usart.o(.ARM.exidx.text.USART_SynClockStructInit), (8 bytes).
    Removing ht32f5xxxx_usart.o(.rodata..L__const.USART_DeInit.RSTCUReset), (12 bytes).
    Removing ht32f5xxxx_usbd.o(.text), (0 bytes).
    Removing ht32f5xxxx_usbd.o(.text.USBD_PreInit), (36 bytes).
    Removing ht32f5xxxx_usbd.o(.ARM.exidx.text.USBD_PreInit), (8 bytes).
    Removing ht32f5xxxx_usbd.o(.text.USBD_Init), (20 bytes).
    Removing ht32f5xxxx_usbd.o(.ARM.exidx.text.USBD_Init), (8 bytes).
    Removing ht32f5xxxx_usbd.o(.text.USBD_DPpullupCmd), (52 bytes).
    Removing ht32f5xxxx_usbd.o(.ARM.exidx.text.USBD_DPpullupCmd), (8 bytes).
    Removing ht32f5xxxx_usbd.o(.text.USBD_DPWakeUpCmd), (52 bytes).
    Removing ht32f5xxxx_usbd.o(.ARM.exidx.text.USBD_DPWakeUpCmd), (8 bytes).
    Removing ht32f5xxxx_usbd.o(.text.USBD_DeInit), (38 bytes).
    Removing ht32f5xxxx_usbd.o(.ARM.exidx.text.USBD_DeInit), (8 bytes).
    Removing ht32f5xxxx_usbd.o(.text.USBD_PowerUp), (192 bytes).
    Removing ht32f5xxxx_usbd.o(.ARM.exidx.text.USBD_PowerUp), (8 bytes).
    Removing ht32f5xxxx_usbd.o(.text.USBD_EnableINT), (24 bytes).
    Removing ht32f5xxxx_usbd.o(.ARM.exidx.text.USBD_EnableINT), (8 bytes).
    Removing ht32f5xxxx_usbd.o(.text._delay), (34 bytes).
    Removing ht32f5xxxx_usbd.o(.ARM.exidx.text._delay), (8 bytes).
    Removing ht32f5xxxx_usbd.o(.text.USBD_PowerOff), (16 bytes).
    Removing ht32f5xxxx_usbd.o(.ARM.exidx.text.USBD_PowerOff), (8 bytes).
    Removing ht32f5xxxx_usbd.o(.text.USBD_PowerOn), (28 bytes).
    Removing ht32f5xxxx_usbd.o(.ARM.exidx.text.USBD_PowerOn), (8 bytes).
    Removing ht32f5xxxx_usbd.o(.text.USBD_SRAMResetConditionCmd), (52 bytes).
    Removing ht32f5xxxx_usbd.o(.ARM.exidx.text.USBD_SRAMResetConditionCmd), (8 bytes).
    Removing ht32f5xxxx_usbd.o(.text.USBD_DisableDefaultPull), (12 bytes).
    Removing ht32f5xxxx_usbd.o(.ARM.exidx.text.USBD_DisableDefaultPull), (8 bytes).
    Removing ht32f5xxxx_usbd.o(.text.USBD_RemoteWakeup), (16 bytes).
    Removing ht32f5xxxx_usbd.o(.ARM.exidx.text.USBD_RemoteWakeup), (8 bytes).
    Removing ht32f5xxxx_usbd.o(.text.USBD_ReadSETUPData), (32 bytes).
    Removing ht32f5xxxx_usbd.o(.ARM.exidx.text.USBD_ReadSETUPData), (8 bytes).
    Removing ht32f5xxxx_usbd.o(.text.USBD_SetAddress), (36 bytes).
    Removing ht32f5xxxx_usbd.o(.ARM.exidx.text.USBD_SetAddress), (8 bytes).
    Removing ht32f5xxxx_usbd.o(.text.USBD_DisableINT), (24 bytes).
    Removing ht32f5xxxx_usbd.o(.ARM.exidx.text.USBD_DisableINT), (8 bytes).
    Removing ht32f5xxxx_usbd.o(.text.USBD_GetINT), (32 bytes).
    Removing ht32f5xxxx_usbd.o(.ARM.exidx.text.USBD_GetINT), (8 bytes).
    Removing ht32f5xxxx_usbd.o(.text.USBD_ClearINT), (20 bytes).
    Removing ht32f5xxxx_usbd.o(.ARM.exidx.text.USBD_ClearINT), (8 bytes).
    Removing ht32f5xxxx_usbd.o(.text.USBD_GetEPTnINTNumber), (70 bytes).
    Removing ht32f5xxxx_usbd.o(.ARM.exidx.text.USBD_GetEPTnINTNumber), (8 bytes).
    Removing ht32f5xxxx_usbd.o(.text.USBD_EPTInit), (80 bytes).
    Removing ht32f5xxxx_usbd.o(.ARM.exidx.text.USBD_EPTInit), (8 bytes).
    Removing ht32f5xxxx_usbd.o(.text._USBD_GetEPTnAddr), (28 bytes).
    Removing ht32f5xxxx_usbd.o(.ARM.exidx.text._USBD_GetEPTnAddr), (8 bytes).
    Removing ht32f5xxxx_usbd.o(.text.USBD_EPTReset), (36 bytes).
    Removing ht32f5xxxx_usbd.o(.ARM.exidx.text.USBD_EPTReset), (8 bytes).
    Removing ht32f5xxxx_usbd.o(.text.USBD_EPTEnableINT), (34 bytes).
    Removing ht32f5xxxx_usbd.o(.ARM.exidx.text.USBD_EPTEnableINT), (8 bytes).
    Removing ht32f5xxxx_usbd.o(.text.USBD_EPTGetINT), (38 bytes).
    Removing ht32f5xxxx_usbd.o(.ARM.exidx.text.USBD_EPTGetINT), (8 bytes).
    Removing ht32f5xxxx_usbd.o(.text.USBD_EPTClearINT), (34 bytes).
    Removing ht32f5xxxx_usbd.o(.ARM.exidx.text.USBD_EPTClearINT), (8 bytes).
    Removing ht32f5xxxx_usbd.o(.text.USBD_EPTGetHalt), (74 bytes).
    Removing ht32f5xxxx_usbd.o(.ARM.exidx.text.USBD_EPTGetHalt), (8 bytes).
    Removing ht32f5xxxx_usbd.o(.text.USBD_EPTSendSTALL), (28 bytes).
    Removing ht32f5xxxx_usbd.o(.ARM.exidx.text.USBD_EPTSendSTALL), (8 bytes).
    Removing ht32f5xxxx_usbd.o(.text.USBD_EPTSetHalt), (42 bytes).
    Removing ht32f5xxxx_usbd.o(.ARM.exidx.text.USBD_EPTSetHalt), (8 bytes).
    Removing ht32f5xxxx_usbd.o(.text.USBD_EPTClearHalt), (36 bytes).
    Removing ht32f5xxxx_usbd.o(.ARM.exidx.text.USBD_EPTClearHalt), (8 bytes).
    Removing ht32f5xxxx_usbd.o(.text.USBD_EPTWaitSTALLSent), (98 bytes).
    Removing ht32f5xxxx_usbd.o(.ARM.exidx.text.USBD_EPTWaitSTALLSent), (8 bytes).
    Removing ht32f5xxxx_usbd.o(.text.USBD_EPTClearDTG), (36 bytes).
    Removing ht32f5xxxx_usbd.o(.ARM.exidx.text.USBD_EPTClearDTG), (8 bytes).
    Removing ht32f5xxxx_usbd.o(.text.USBD_EPTGetBuffer0Addr), (44 bytes).
    Removing ht32f5xxxx_usbd.o(.ARM.exidx.text.USBD_EPTGetBuffer0Addr), (8 bytes).
    Removing ht32f5xxxx_usbd.o(.text.USBD_EPTGetBuffer1Addr), (68 bytes).
    Removing ht32f5xxxx_usbd.o(.ARM.exidx.text.USBD_EPTGetBuffer1Addr), (8 bytes).
    Removing ht32f5xxxx_usbd.o(.text.USBD_EPTGetBufferLen), (36 bytes).
    Removing ht32f5xxxx_usbd.o(.ARM.exidx.text.USBD_EPTGetBufferLen), (8 bytes).
    Removing ht32f5xxxx_usbd.o(.text.USBD_EPTGetTransferCount), (44 bytes).
    Removing ht32f5xxxx_usbd.o(.ARM.exidx.text.USBD_EPTGetTransferCount), (8 bytes).
    Removing ht32f5xxxx_usbd.o(.text.USBD_EPTWriteINData), (162 bytes).
    Removing ht32f5xxxx_usbd.o(.ARM.exidx.text.USBD_EPTWriteINData), (8 bytes).
    Removing ht32f5xxxx_usbd.o(.text._USBD_CopyMemory), (384 bytes).
    Removing ht32f5xxxx_usbd.o(.ARM.exidx.text._USBD_CopyMemory), (8 bytes).
    Removing ht32f5xxxx_usbd.o(.text.USBD_EPTReadOUTData), (94 bytes).
    Removing ht32f5xxxx_usbd.o(.ARM.exidx.text.USBD_EPTReadOUTData), (8 bytes).
    Removing ht32f5xxxx_usbd.o(.text.USBD_EPTReadMemory), (136 bytes).
    Removing ht32f5xxxx_usbd.o(.ARM.exidx.text.USBD_EPTReadMemory), (8 bytes).
    Removing ht32f5xxxx_usbd.o(.rodata..L__const.USBD_DeInit.RSTCUReset), (12 bytes).
    Removing ht32f5xxxx_usbd.o(.data.gIsFirstPowered), (4 bytes).
    Removing ht32f5xxxx_wdt.o(.text), (0 bytes).
    Removing ht32f5xxxx_wdt.o(.text.WDT_DeInit), (38 bytes).
    Removing ht32f5xxxx_wdt.o(.ARM.exidx.text.WDT_DeInit), (8 bytes).
    Removing ht32f5xxxx_wdt.o(.text.WDT_Cmd), (52 bytes).
    Removing ht32f5xxxx_wdt.o(.ARM.exidx.text.WDT_Cmd), (8 bytes).
    Removing ht32f5xxxx_wdt.o(.text.WDT_HaltConfig), (32 bytes).
    Removing ht32f5xxxx_wdt.o(.ARM.exidx.text.WDT_HaltConfig), (8 bytes).
    Removing ht32f5xxxx_wdt.o(.text.WDT_ResetCmd), (52 bytes).
    Removing ht32f5xxxx_wdt.o(.ARM.exidx.text.WDT_ResetCmd), (8 bytes).
    Removing ht32f5xxxx_wdt.o(.text.WDT_ProtectCmd), (48 bytes).
    Removing ht32f5xxxx_wdt.o(.ARM.exidx.text.WDT_ProtectCmd), (8 bytes).
    Removing ht32f5xxxx_wdt.o(.text.WDT_SetReloadValue), (32 bytes).
    Removing ht32f5xxxx_wdt.o(.ARM.exidx.text.WDT_SetReloadValue), (8 bytes).
    Removing ht32f5xxxx_wdt.o(.text.WDT_GetReloadValue), (20 bytes).
    Removing ht32f5xxxx_wdt.o(.ARM.exidx.text.WDT_GetReloadValue), (8 bytes).
    Removing ht32f5xxxx_wdt.o(.text.WDT_SetDeltaValue), (32 bytes).
    Removing ht32f5xxxx_wdt.o(.ARM.exidx.text.WDT_SetDeltaValue), (8 bytes).
    Removing ht32f5xxxx_wdt.o(.text.WDT_GetDeltaValue), (20 bytes).
    Removing ht32f5xxxx_wdt.o(.ARM.exidx.text.WDT_GetDeltaValue), (8 bytes).
    Removing ht32f5xxxx_wdt.o(.text.WDT_SetPrescaler), (36 bytes).
    Removing ht32f5xxxx_wdt.o(.ARM.exidx.text.WDT_SetPrescaler), (8 bytes).
    Removing ht32f5xxxx_wdt.o(.text.WDT_GetPrescaler), (36 bytes).
    Removing ht32f5xxxx_wdt.o(.ARM.exidx.text.WDT_GetPrescaler), (8 bytes).
    Removing ht32f5xxxx_wdt.o(.text.WDT_Restart), (16 bytes).
    Removing ht32f5xxxx_wdt.o(.ARM.exidx.text.WDT_Restart), (8 bytes).
    Removing ht32f5xxxx_wdt.o(.text.WDT_GetFlagStatus), (56 bytes).
    Removing ht32f5xxxx_wdt.o(.ARM.exidx.text.WDT_GetFlagStatus), (8 bytes).
    Removing ht32f5xxxx_wdt.o(.text.WDT_LockCmd), (68 bytes).
    Removing ht32f5xxxx_wdt.o(.ARM.exidx.text.WDT_LockCmd), (8 bytes).
    Removing ht32f5xxxx_wdt.o(.text.WDT_SourceConfig), (36 bytes).
    Removing ht32f5xxxx_wdt.o(.ARM.exidx.text.WDT_SourceConfig), (8 bytes).
    Removing ht32f5xxxx_wdt.o(.rodata..L__const.WDT_DeInit.RSTCUReset), (12 bytes).
    Removing ht32_retarget.o(.text), (0 bytes).
    Removing ht32_retarget.o(.ARM.exidx.text.RETARGET_Configuration), (8 bytes).
    Removing ht32_retarget.o(.text.__backspace), (20 bytes).
    Removing ht32_retarget.o(.ARM.exidx.text.__backspace), (8 bytes).
    Removing ht32_retarget.o(.text._read), (74 bytes).
    Removing ht32_retarget.o(.ARM.exidx.text._read), (8 bytes).
    Removing ht32_retarget.o(.text._write), (52 bytes).
    Removing ht32_retarget.o(.ARM.exidx.text._write), (8 bytes).
    Removing ht32_retarget.o(.text.putchar), (16 bytes).
    Removing ht32_retarget.o(.ARM.exidx.text.putchar), (8 bytes).
    Removing ht32_retarget.o(.ARM.exidx.text.fputc), (8 bytes).
    Removing ht32_retarget.o(.text.fgetc), (14 bytes).
    Removing ht32_retarget.o(.ARM.exidx.text.fgetc), (8 bytes).
    Removing ht32_retarget.o(.text._ttywrch), (16 bytes).
    Removing ht32_retarget.o(.ARM.exidx.text._ttywrch), (8 bytes).
    Removing ht32_retarget.o(.text._sys_exit), (18 bytes).
    Removing ht32_retarget.o(.ARM.exidx.text._sys_exit), (8 bytes).
    Removing ht32_serial.o(.text), (0 bytes).
    Removing ht32_serial.o(.ARM.exidx.text.SERIAL_PutChar), (8 bytes).
    Removing ht32_serial.o(.text.SERIAL_GetChar), (32 bytes).
    Removing ht32_serial.o(.ARM.exidx.text.SERIAL_GetChar), (8 bytes).
    Removing ht32_board.o(.text), (0 bytes).
    Removing ht32_board.o(.text.HT32F_DVB_LEDInit), (140 bytes).
    Removing ht32_board.o(.ARM.exidx.text.HT32F_DVB_LEDInit), (8 bytes).
    Removing ht32_board.o(.text._HT32F_DVB_ClockConfig), (128 bytes).
    Removing ht32_board.o(.ARM.exidx.text._HT32F_DVB_ClockConfig), (8 bytes).
    Removing ht32_board.o(.text.HT32F_DVB_LEDOff), (44 bytes).
    Removing ht32_board.o(.ARM.exidx.text.HT32F_DVB_LEDOff), (8 bytes).
    Removing ht32_board.o(.text.HT32F_DVB_LEDOn), (44 bytes).
    Removing ht32_board.o(.ARM.exidx.text.HT32F_DVB_LEDOn), (8 bytes).
    Removing ht32_board.o(.text.HT32F_DVB_LEDToggle), (48 bytes).
    Removing ht32_board.o(.ARM.exidx.text.HT32F_DVB_LEDToggle), (8 bytes).
    Removing ht32_board.o(.text.HT32F_DVB_PBInit), (260 bytes).
    Removing ht32_board.o(.ARM.exidx.text.HT32F_DVB_PBInit), (8 bytes).
    Removing ht32_board.o(.text.__NVIC_EnableIRQ), (44 bytes).
    Removing ht32_board.o(.ARM.exidx.text.__NVIC_EnableIRQ), (8 bytes).
    Removing ht32_board.o(.text.HT32F_DVB_PBGetState), (48 bytes).
    Removing ht32_board.o(.ARM.exidx.text.HT32F_DVB_PBGetState), (8 bytes).
    Removing ht32_board.o(.ARM.exidx.text.HT32F_DVB_COMInit), (8 bytes).
    Removing ht32_board.o(.text.HT32F_DVB_BuzzerFun), (372 bytes).
    Removing ht32_board.o(.ARM.exidx.text.HT32F_DVB_BuzzerFun), (8 bytes).
    Removing ht32_board.o(.text.HT32F_DVB_BuzzerOutputCmd), (28 bytes).
    Removing ht32_board.o(.ARM.exidx.text.HT32F_DVB_BuzzerOutputCmd), (8 bytes).
    Removing ht32_board.o(.rodata.GPIO_PORT), (24 bytes).
    Removing ht32_board.o(.rodata.LED_GPIO_ID), (3 bytes).
    Removing ht32_board.o(.rodata.LED_GPIO_PIN), (6 bytes).
    Removing ht32_board.o(.rodata.LED_AFIO_MODE), (3 bytes).
    Removing ht32_board.o(.rodata.BUTTON_GPIO_ID), (3 bytes).
    Removing ht32_board.o(.rodata.BUTTON_GPIO_PIN), (6 bytes).
    Removing ht32_board.o(.rodata.BUTTON_AFIO_MODE), (3 bytes).
    Removing ht32_board.o(.rodata.BUTTON_GPIO_PINNum), (3 bytes).
    Removing ebi_lcd.o(.text), (0 bytes).
    Removing ebi_lcd.o(.text.LCD_Init), (276 bytes).
    Removing ebi_lcd.o(.ARM.exidx.text.LCD_Init), (8 bytes).
    Removing ebi_lcd.o(.text.LCD_Config), (668 bytes).
    Removing ebi_lcd.o(.ARM.exidx.text.LCD_Config), (8 bytes).
    Removing ebi_lcd.o(.text._delay), (44 bytes).
    Removing ebi_lcd.o(.ARM.exidx.text._delay), (8 bytes).
    Removing ebi_lcd.o(.text.LCD_WriteReg), (28 bytes).
    Removing ebi_lcd.o(.ARM.exidx.text.LCD_WriteReg), (8 bytes).
    Removing ebi_lcd.o(.text.LCD_Clear), (64 bytes).
    Removing ebi_lcd.o(.ARM.exidx.text.LCD_Clear), (8 bytes).
    Removing ebi_lcd.o(.text.LCD_ReadReg), (24 bytes).
    Removing ebi_lcd.o(.ARM.exidx.text.LCD_ReadReg), (8 bytes).
    Removing ebi_lcd.o(.text.LCD_StarterSet), (56 bytes).
    Removing ebi_lcd.o(.ARM.exidx.text.LCD_StarterSet), (8 bytes).
    Removing ebi_lcd.o(.text.LCD_WriteRAMPrior), (10 bytes).
    Removing ebi_lcd.o(.ARM.exidx.text.LCD_WriteRAMPrior), (8 bytes).
    Removing ebi_lcd.o(.text.LCD_WriteRAM), (24 bytes).
    Removing ebi_lcd.o(.ARM.exidx.text.LCD_WriteRAM), (8 bytes).
    Removing ebi_lcd.o(.text.LCD_BackColorSet), (20 bytes).
    Removing ebi_lcd.o(.ARM.exidx.text.LCD_BackColorSet), (8 bytes).
    Removing ebi_lcd.o(.text.LCD_TextColorSet), (20 bytes).
    Removing ebi_lcd.o(.ARM.exidx.text.LCD_TextColorSet), (8 bytes).
    Removing ebi_lcd.o(.text.LCD_CharDisplay), (44 bytes).
    Removing ebi_lcd.o(.ARM.exidx.text.LCD_CharDisplay), (8 bytes).
    Removing ebi_lcd.o(.text.LCD_CharDraw), (148 bytes).
    Removing ebi_lcd.o(.ARM.exidx.text.LCD_CharDraw), (8 bytes).
    Removing ebi_lcd.o(.text.LCD_DisplayOff), (12 bytes).
    Removing ebi_lcd.o(.ARM.exidx.text.LCD_DisplayOff), (8 bytes).
    Removing ebi_lcd.o(.text.LCD_DisplayOn), (12 bytes).
    Removing ebi_lcd.o(.ARM.exidx.text.LCD_DisplayOn), (8 bytes).
    Removing ebi_lcd.o(.text.LCD_StringLineDisplay), (98 bytes).
    Removing ebi_lcd.o(.ARM.exidx.text.LCD_StringLineDisplay), (8 bytes).
    Removing ebi_lcd.o(.text.LCD_LineDraw), (128 bytes).
    Removing ebi_lcd.o(.ARM.exidx.text.LCD_LineDraw), (8 bytes).
    Removing ebi_lcd.o(.text.LCD_WriteRAMWord), (20 bytes).
    Removing ebi_lcd.o(.ARM.exidx.text.LCD_WriteRAMWord), (8 bytes).
    Removing ebi_lcd.o(.text.LCD_CircleDraw), (296 bytes).
    Removing ebi_lcd.o(.ARM.exidx.text.LCD_CircleDraw), (8 bytes).
    Removing ebi_lcd.o(.text.LCD_RectDraw), (78 bytes).
    Removing ebi_lcd.o(.ARM.exidx.text.LCD_RectDraw), (8 bytes).
    Removing ebi_lcd.o(.text.LCD_PicDraw), (178 bytes).
    Removing ebi_lcd.o(.ARM.exidx.text.LCD_PicDraw), (8 bytes).
    Removing ebi_lcd.o(.text.LCD_SetDisplayArea), (128 bytes).
    Removing ebi_lcd.o(.ARM.exidx.text.LCD_SetDisplayArea), (8 bytes).
    Removing ebi_lcd.o(.rodata.ASCII_Font_Table), (4560 bytes).
    Removing ebi_lcd.o(.data.Color_Back), (2 bytes).
    Removing ebi_lcd.o(.bss.Color_Text), (2 bytes).
    Removing i2c_eeprom.o(.text), (0 bytes).
    Removing i2c_eeprom.o(.text.I2C_EEPROM_Init), (116 bytes).
    Removing i2c_eeprom.o(.ARM.exidx.text.I2C_EEPROM_Init), (8 bytes).
    Removing i2c_eeprom.o(.text.I2C_EEPROM_PageWrite), (136 bytes).
    Removing i2c_eeprom.o(.ARM.exidx.text.I2C_EEPROM_PageWrite), (8 bytes).
    Removing i2c_eeprom.o(.text._I2C_EEPROM_AckPolling), (96 bytes).
    Removing i2c_eeprom.o(.ARM.exidx.text._I2C_EEPROM_AckPolling), (8 bytes).
    Removing i2c_eeprom.o(.text.I2C_EEPROM_BufferWrite), (128 bytes).
    Removing i2c_eeprom.o(.ARM.exidx.text.I2C_EEPROM_BufferWrite), (8 bytes).
    Removing i2c_eeprom.o(.text.I2C_EEPROM_BufferRead), (216 bytes).
    Removing i2c_eeprom.o(.ARM.exidx.text.I2C_EEPROM_BufferRead), (8 bytes).
    Removing spi_flash.o(.text), (0 bytes).
    Removing spi_flash.o(.text.SPI_FLASH_Init), (188 bytes).
    Removing spi_flash.o(.ARM.exidx.text.SPI_FLASH_Init), (8 bytes).
    Removing spi_flash.o(.text.SPI_FLASH_SectorErase), (80 bytes).
    Removing spi_flash.o(.ARM.exidx.text.SPI_FLASH_SectorErase), (8 bytes).
    Removing spi_flash.o(.text.SPI_FLASH_WriteEnable), (44 bytes).
    Removing spi_flash.o(.ARM.exidx.text.SPI_FLASH_WriteEnable), (8 bytes).
    Removing spi_flash.o(.text.SPI_FLASH_SendByte), (68 bytes).
    Removing spi_flash.o(.ARM.exidx.text.SPI_FLASH_SendByte), (8 bytes).
    Removing spi_flash.o(.text.SPI_FLASH_WaitForWriteEnd), (76 bytes).
    Removing spi_flash.o(.ARM.exidx.text.SPI_FLASH_WaitForWriteEnd), (8 bytes).
    Removing spi_flash.o(.text.SPI_FLASH_BlockErase), (80 bytes).
    Removing spi_flash.o(.ARM.exidx.text.SPI_FLASH_BlockErase), (8 bytes).
    Removing spi_flash.o(.text.SPI_FLASH_ChipErase), (52 bytes).
    Removing spi_flash.o(.ARM.exidx.text.SPI_FLASH_ChipErase), (8 bytes).
    Removing spi_flash.o(.text.SPI_FLASH_PageWriteByDMA), (368 bytes).
    Removing spi_flash.o(.ARM.exidx.text.SPI_FLASH_PageWriteByDMA), (8 bytes).
    Removing spi_flash.o(.text.SPI_FLASH_PageWrite), (108 bytes).
    Removing spi_flash.o(.ARM.exidx.text.SPI_FLASH_PageWrite), (8 bytes).
    Removing spi_flash.o(.text.QSPI_FLASH_QuadPageWrite), (160 bytes).
    Removing spi_flash.o(.ARM.exidx.text.QSPI_FLASH_QuadPageWrite), (8 bytes).
    Removing spi_flash.o(.text.QSPI_FLASH_QuadPageWriteByDMA), (412 bytes).
    Removing spi_flash.o(.ARM.exidx.text.QSPI_FLASH_QuadPageWriteByDMA), (8 bytes).
    Removing spi_flash.o(.text.SPI_FLASH_BufferWriteBy), (396 bytes).
    Removing spi_flash.o(.ARM.exidx.text.SPI_FLASH_BufferWriteBy), (8 bytes).
    Removing spi_flash.o(.text.SPI_FLASH_BufferReadByDMA), (368 bytes).
    Removing spi_flash.o(.ARM.exidx.text.SPI_FLASH_BufferReadByDMA), (8 bytes).
    Removing spi_flash.o(.text.SPI_FLASH_BufferRead), (104 bytes).
    Removing spi_flash.o(.ARM.exidx.text.SPI_FLASH_BufferRead), (8 bytes).
    Removing spi_flash.o(.text.SPI_FLASH_BufferDualRead), (128 bytes).
    Removing spi_flash.o(.ARM.exidx.text.SPI_FLASH_BufferDualRead), (8 bytes).
    Removing spi_flash.o(.text.SPI_FLASH_BufferDualReadByDMA), (396 bytes).
    Removing spi_flash.o(.ARM.exidx.text.SPI_FLASH_BufferDualReadByDMA), (8 bytes).
    Removing spi_flash.o(.text.QSPI_FLASH_BufferQuadRead), (168 bytes).
    Removing spi_flash.o(.ARM.exidx.text.QSPI_FLASH_BufferQuadRead), (8 bytes).
    Removing spi_flash.o(.text.QSPI_FLASH_BufferQuadReadByDMA), (428 bytes).
    Removing spi_flash.o(.ARM.exidx.text.QSPI_FLASH_BufferQuadReadByDMA), (8 bytes).
    Removing spi_flash.o(.text.SPI_FLASH_ReadJEDECID), (104 bytes).
    Removing spi_flash.o(.ARM.exidx.text.SPI_FLASH_ReadJEDECID), (8 bytes).
    Removing spi_flash.o(.text.SPI_FLASH_WriteStatus), (60 bytes).
    Removing spi_flash.o(.ARM.exidx.text.SPI_FLASH_WriteStatus), (8 bytes).
    Removing spi_flash.o(.text.SPI_FLASH_WriteStatus2), (80 bytes).
    Removing spi_flash.o(.ARM.exidx.text.SPI_FLASH_WriteStatus2), (8 bytes).
    Removing spi_flash.o(.text.SPI_FLASH_WriteDisable), (44 bytes).
    Removing spi_flash.o(.ARM.exidx.text.SPI_FLASH_WriteDisable), (8 bytes).

1174 unused section(s) (total 43912 bytes) removed from the image.

==============================================================================

Image Symbol Table

    Local Symbols

    Symbol Name                              Value     Ov Type        Size  Object(Section)

    ../clib/division.s                       0x00000000   Number         0  aeabi_sdiv.o ABSOLUTE
    ../clib/division.s                       0x00000000   Number         0  aeabi_sdiv_div0.o ABSOLUTE
    ../clib/microlib/division.c              0x00000000   Number         0  uidiv.o ABSOLUTE
    ../clib/microlib/division.c              0x00000000   Number         0  uidiv_div0.o ABSOLUTE
    ../clib/microlib/division.c              0x00000000   Number         0  idiv_div0.o ABSOLUTE
    ../clib/microlib/division.c              0x00000000   Number         0  idiv0.o ABSOLUTE
    ../clib/microlib/division.c              0x00000000   Number         0  uldiv.o ABSOLUTE
    ../clib/microlib/init/entry.s            0x00000000   Number         0  entry.o ABSOLUTE
    ../clib/microlib/init/entry.s            0x00000000   Number         0  entry2.o ABSOLUTE
    ../clib/microlib/init/entry.s            0x00000000   Number         0  entry5.o ABSOLUTE
    ../clib/microlib/init/entry.s            0x00000000   Number         0  entry7a.o ABSOLUTE
    ../clib/microlib/init/entry.s            0x00000000   Number         0  entry7b.o ABSOLUTE
    ../clib/microlib/init/entry.s            0x00000000   Number         0  entry8a.o ABSOLUTE
    ../clib/microlib/init/entry.s            0x00000000   Number         0  entry8b.o ABSOLUTE
    ../clib/microlib/init/entry.s            0x00000000   Number         0  entry9a.o ABSOLUTE
    ../clib/microlib/init/entry.s            0x00000000   Number         0  entry9b.o ABSOLUTE
    ../clib/microlib/init/entry.s            0x00000000   Number         0  entry10a.o ABSOLUTE
    ../clib/microlib/init/entry.s            0x00000000   Number         0  entry10b.o ABSOLUTE
    ../clib/microlib/init/entry.s            0x00000000   Number         0  entry11a.o ABSOLUTE
    ../clib/microlib/init/entry.s            0x00000000   Number         0  entry11b.o ABSOLUTE
    ../clib/microlib/longlong.c              0x00000000   Number         0  llshl.o ABSOLUTE
    ../clib/microlib/longlong.c              0x00000000   Number         0  llushr.o ABSOLUTE
    ../clib/microlib/longlong.c              0x00000000   Number         0  llsshr.o ABSOLUTE
    ../clib/microlib/printf/printf.c         0x00000000   Number         0  printfa.o ABSOLUTE
    ../clib/microlib/stdio/streams.c         0x00000000   Number         0  stdout.o ABSOLUTE
    ../clib/microlib/stubs.s                 0x00000000   Number         0  iusefp.o ABSOLUTE
    ../fplib/microlib/f2d.c                  0x00000000   Number         0  f2d.o ABSOLUTE
    ../fplib/microlib/fpadd.c                0x00000000   Number         0  dadd.o ABSOLUTE
    ../fplib/microlib/fpdiv.c                0x00000000   Number         0  ddiv.o ABSOLUTE
    ../fplib/microlib/fpepilogue.c           0x00000000   Number         0  fepilogue.o ABSOLUTE
    ../fplib/microlib/fpepilogue.c           0x00000000   Number         0  depilogue.o ABSOLUTE
    ../fplib/microlib/fpfix.c                0x00000000   Number         0  dfixul.o ABSOLUTE
    ../fplib/microlib/fpflt.c                0x00000000   Number         0  fflti.o ABSOLUTE
    ../fplib/microlib/fpmul.c                0x00000000   Number         0  fmul.o ABSOLUTE
    ../fplib/microlib/fpmul.c                0x00000000   Number         0  dmul.o ABSOLUTE
    cdrcmple.s                               0x00000000   Number         0  cdrcmple.o ABSOLUTE
    dc.s                                     0x00000000   Number         0  dc.o ABSOLUTE
    ebi_lcd.c                                0x00000000   Number         0  ebi_lcd.o ABSOLUTE
    handlers.s                               0x00000000   Number         0  handlers.o ABSOLUTE
    ht32_board.c                             0x00000000   Number         0  ht32_board.o ABSOLUTE
    ht32_cm0plus_misc.c                      0x00000000   Number         0  ht32_cm0plus_misc.o ABSOLUTE
    ht32_op.s                                0x00000000   Number         0  ht32_op.o ABSOLUTE
    ht32_retarget.c                          0x00000000   Number         0  ht32_retarget.o ABSOLUTE
    ht32_serial.c                            0x00000000   Number         0  ht32_serial.o ABSOLUTE
    ht32_usbd_core.c                         0x00000000   Number         0  ht32_usbd_core.o ABSOLUTE
    ht32f5xxxx_01_it.c                       0x00000000   Number         0  ht32f5xxxx_01_it.o ABSOLUTE
    ht32f5xxxx_adc.c                         0x00000000   Number         0  ht32f5xxxx_adc.o ABSOLUTE
    ht32f5xxxx_aes.c                         0x00000000   Number         0  ht32f5xxxx_aes.o ABSOLUTE
    ht32f5xxxx_bftm.c                        0x00000000   Number         0  ht32f5xxxx_bftm.o ABSOLUTE
    ht32f5xxxx_ckcu.c                        0x00000000   Number         0  ht32f5xxxx_ckcu.o ABSOLUTE
    ht32f5xxxx_cmp.c                         0x00000000   Number         0  ht32f5xxxx_cmp.o ABSOLUTE
    ht32f5xxxx_crc.c                         0x00000000   Number         0  ht32f5xxxx_crc.o ABSOLUTE
    ht32f5xxxx_dac.c                         0x00000000   Number         0  ht32f5xxxx_dac.o ABSOLUTE
    ht32f5xxxx_div.c                         0x00000000   Number         0  ht32f5xxxx_div.o ABSOLUTE
    ht32f5xxxx_ebi.c                         0x00000000   Number         0  ht32f5xxxx_ebi.o ABSOLUTE
    ht32f5xxxx_exti.c                        0x00000000   Number         0  ht32f5xxxx_exti.o ABSOLUTE
    ht32f5xxxx_flash.c                       0x00000000   Number         0  ht32f5xxxx_flash.o ABSOLUTE
    ht32f5xxxx_gpio.c                        0x00000000   Number         0  ht32f5xxxx_gpio.o ABSOLUTE
    ht32f5xxxx_i2c.c                         0x00000000   Number         0  ht32f5xxxx_i2c.o ABSOLUTE
    ht32f5xxxx_i2s.c                         0x00000000   Number         0  ht32f5xxxx_i2s.o ABSOLUTE
    ht32f5xxxx_mctm.c                        0x00000000   Number         0  ht32f5xxxx_mctm.o ABSOLUTE
    ht32f5xxxx_pdma.c                        0x00000000   Number         0  ht32f5xxxx_pdma.o ABSOLUTE
    ht32f5xxxx_pwrcu.c                       0x00000000   Number         0  ht32f5xxxx_pwrcu.o ABSOLUTE
    ht32f5xxxx_rstcu.c                       0x00000000   Number         0  ht32f5xxxx_rstcu.o ABSOLUTE
    ht32f5xxxx_rtc.c                         0x00000000   Number         0  ht32f5xxxx_rtc.o ABSOLUTE
    ht32f5xxxx_sci.c                         0x00000000   Number         0  ht32f5xxxx_sci.o ABSOLUTE
    ht32f5xxxx_spi.c                         0x00000000   Number         0  ht32f5xxxx_spi.o ABSOLUTE
    ht32f5xxxx_tm.c                          0x00000000   Number         0  ht32f5xxxx_tm.o ABSOLUTE
    ht32f5xxxx_usart.c                       0x00000000   Number         0  ht32f5xxxx_usart.o ABSOLUTE
    ht32f5xxxx_usbd.c                        0x00000000   Number         0  ht32f5xxxx_usbd.o ABSOLUTE
    ht32f5xxxx_wdt.c                         0x00000000   Number         0  ht32f5xxxx_wdt.o ABSOLUTE
    i2c_eeprom.c                             0x00000000   Number         0  i2c_eeprom.o ABSOLUTE
    init.s                                   0x00000000   Number         0  init.o ABSOLUTE
    main.c                                   0x00000000   Number         0  main.o ABSOLUTE
    spi_flash.c                              0x00000000   Number         0  spi_flash.o ABSOLUTE
    startup_ht32f5xxxx_03.s                  0x00000000   Number         0  startup_ht32f5xxxx_03.o ABSOLUTE
    system_ht32f5xxxx_03.c                   0x00000000   Number         0  system_ht32f5xxxx_03.o ABSOLUTE
    RESET                                    0x00000000   Section      356  startup_ht32f5xxxx_03.o(RESET)
    BootProcess                              0x000000cd   Thumb Code    94  startup_ht32f5xxxx_03.o(RESET)
    .ARM.Collect$$$$00000000                 0x00000164   Section        0  entry.o(.ARM.Collect$$$$00000000)
    .ARM.Collect$$$$00000001                 0x00000164   Section        4  entry2.o(.ARM.Collect$$$$00000001)
    .ARM.Collect$$$$00000004                 0x00000168   Section        4  entry5.o(.ARM.Collect$$$$00000004)
    .ARM.Collect$$$$00000008                 0x0000016c   Section        0  entry7b.o(.ARM.Collect$$$$00000008)
    .ARM.Collect$$$$0000000A                 0x0000016c   Section        0  entry8b.o(.ARM.Collect$$$$0000000A)
    .ARM.Collect$$$$0000000B                 0x0000016c   Section        8  entry9a.o(.ARM.Collect$$$$0000000B)
    __lit__00000000                          0x00000174   Data           4  entry2.o(.ARM.Collect$$$$00002712)
    .ARM.Collect$$$$0000000D                 0x00000174   Section        0  entry10a.o(.ARM.Collect$$$$0000000D)
    .ARM.Collect$$$$0000000F                 0x00000174   Section        0  entry11a.o(.ARM.Collect$$$$0000000F)
    .ARM.Collect$$$$00002712                 0x00000174   Section        4  entry2.o(.ARM.Collect$$$$00002712)
    .text                                    0x00000178   Section        0  fmul.o(.text)
    .text                                    0x000001f2   Section        0  fflti.o(.text)
    .text                                    0x00000208   Section        0  f2d.o(.text)
    .text                                    0x00000230   Section        0  uidiv_div0.o(.text)
    .text                                    0x0000026e   Section        0  uldiv.o(.text)
    .text                                    0x000002ce   Section        0  iusefp.o(.text)
    .text                                    0x000002ce   Section        0  fepilogue.o(.text)
    .text                                    0x00000350   Section        0  dadd.o(.text)
    .text                                    0x000004b4   Section        0  dmul.o(.text)
    .text                                    0x00000584   Section        0  ddiv.o(.text)
    .text                                    0x00000674   Section        0  dfixul.o(.text)
    .text                                    0x000006b4   Section       40  cdrcmple.o(.text)
    .text                                    0x000006dc   Section       48  init.o(.text)
    .text                                    0x0000070c   Section        0  llshl.o(.text)
    .text                                    0x0000072c   Section        0  llushr.o(.text)
    .text                                    0x0000074e   Section        0  llsshr.o(.text)
    .text                                    0x00000774   Section        0  depilogue.o(.text)
    [Anonymous Symbol]                       0x00000834   Section        0  main.o(.text.ADS1115_ReadVoltage_A0)
    __arm_cp.2_0                             0x00000a18   Number         4  main.o(.text.ADS1115_ReadVoltage_A0)
    __arm_cp.2_1                             0x00000a1c   Number         4  main.o(.text.ADS1115_ReadVoltage_A0)
    __arm_cp.2_2                             0x00000a20   Number         4  main.o(.text.ADS1115_ReadVoltage_A0)
    __arm_cp.2_3                             0x00000a24   Number         4  main.o(.text.ADS1115_ReadVoltage_A0)
    __arm_cp.2_4                             0x00000a28   Number         4  main.o(.text.ADS1115_ReadVoltage_A0)
    __arm_cp.2_5                             0x00000a2c   Number         4  main.o(.text.ADS1115_ReadVoltage_A0)
    [Anonymous Symbol]                       0x00000a30   Section        0  ht32f5xxxx_gpio.o(.text.AFIO_GPxConfig)
    __arm_cp.19_0                            0x00000adc   Number         4  ht32f5xxxx_gpio.o(.text.AFIO_GPxConfig)
    [Anonymous Symbol]                       0x00000ae0   Section        0  ht32f5xxxx_ckcu.o(.text.CKCU_GetClocksFrequency)
    __arm_cp.15_0                            0x00000b8c   Number         4  ht32f5xxxx_ckcu.o(.text.CKCU_GetClocksFrequency)
    __arm_cp.15_2                            0x00000b90   Number         4  ht32f5xxxx_ckcu.o(.text.CKCU_GetClocksFrequency)
    [Anonymous Symbol]                       0x00000b94   Section        0  ht32f5xxxx_ckcu.o(.text.CKCU_GetPLLFrequency)
    __arm_cp.16_0                            0x00000c28   Number         4  ht32f5xxxx_ckcu.o(.text.CKCU_GetPLLFrequency)
    __arm_cp.16_1                            0x00000c2c   Number         4  ht32f5xxxx_ckcu.o(.text.CKCU_GetPLLFrequency)
    __arm_cp.16_2                            0x00000c30   Number         4  ht32f5xxxx_ckcu.o(.text.CKCU_GetPLLFrequency)
    __arm_cp.16_3                            0x00000c34   Number         4  ht32f5xxxx_ckcu.o(.text.CKCU_GetPLLFrequency)
    __arm_cp.16_4                            0x00000c38   Number         4  ht32f5xxxx_ckcu.o(.text.CKCU_GetPLLFrequency)
    [Anonymous Symbol]                       0x00000c3c   Section        0  ht32f5xxxx_ckcu.o(.text.CKCU_GetPeripFrequency)
    __arm_cp.18_0                            0x00000c94   Number         4  ht32f5xxxx_ckcu.o(.text.CKCU_GetPeripFrequency)
    [Anonymous Symbol]                       0x00000c98   Section        0  ht32f5xxxx_ckcu.o(.text.CKCU_PeripClockConfig)
    __arm_cp.31_0                            0x00000d08   Number         4  ht32f5xxxx_ckcu.o(.text.CKCU_PeripClockConfig)
    __arm_cp.31_1                            0x00000d0c   Number         4  ht32f5xxxx_ckcu.o(.text.CKCU_PeripClockConfig)
    __arm_cp.31_2                            0x00000d10   Number         4  ht32f5xxxx_ckcu.o(.text.CKCU_PeripClockConfig)
    [Anonymous Symbol]                       0x00000d14   Section        0  main.o(.text.Delay)
    [Anonymous Symbol]                       0x00000d2c   Section        0  ht32f5xxxx_gpio.o(.text.GPIO_PullResistorConfig)
    [Anonymous Symbol]                       0x00000da0   Section        0  ht32_board.o(.text.HT32F_DVB_COMInit)
    __arm_cp.8_0                             0x00000e1c   Number         4  ht32_board.o(.text.HT32F_DVB_COMInit)
    [Anonymous Symbol]                       0x00000e20   Section        0  ht32f5xxxx_01_it.o(.text.HardFault_Handler)
    __arm_cp.1_0                             0x00000e30   Number         4  ht32f5xxxx_01_it.o(.text.HardFault_Handler)
    [Anonymous Symbol]                       0x00000e34   Section        0  ht32f5xxxx_i2c.o(.text.I2C_AckCmd)
    [Anonymous Symbol]                       0x00000e60   Section        0  ht32f5xxxx_i2c.o(.text.I2C_CheckStatus)
    [Anonymous Symbol]                       0x00000e8a   Section        0  ht32f5xxxx_i2c.o(.text.I2C_Cmd)
    [Anonymous Symbol]                       0x00000eb8   Section        0  main.o(.text.I2C_Configuration)
    __arm_cp.1_0                             0x00000f48   Number         4  main.o(.text.I2C_Configuration)
    __arm_cp.1_1                             0x00000f4c   Number         4  main.o(.text.I2C_Configuration)
    [Anonymous Symbol]                       0x00000f50   Section        0  ht32f5xxxx_i2c.o(.text.I2C_GenerateSTOP)
    [Anonymous Symbol]                       0x00000f64   Section        0  ht32f5xxxx_i2c.o(.text.I2C_Init)
    __arm_cp.1_0                             0x00001080   Number         4  ht32f5xxxx_i2c.o(.text.I2C_Init)
    __arm_cp.1_1                             0x00001084   Number         4  ht32f5xxxx_i2c.o(.text.I2C_Init)
    [Anonymous Symbol]                       0x00001088   Section        0  ht32f5xxxx_i2c.o(.text.I2C_ReadRegister)
    [Anonymous Symbol]                       0x000010a8   Section        0  ht32f5xxxx_i2c.o(.text.I2C_ReceiveData)
    [Anonymous Symbol]                       0x000010b6   Section        0  ht32f5xxxx_i2c.o(.text.I2C_SendData)
    [Anonymous Symbol]                       0x000010c8   Section        0  ht32f5xxxx_i2c.o(.text.I2C_TargetAddressConfig)
    [Anonymous Symbol]                       0x00001108   Section        0  ht32f5xxxx_01_it.o(.text.NMI_Handler)
    [Anonymous Symbol]                       0x0000110a   Section        0  ht32f5xxxx_01_it.o(.text.PendSV_Handler)
    [Anonymous Symbol]                       0x0000110c   Section        0  ht32_retarget.o(.text.RETARGET_Configuration)
    [Anonymous Symbol]                       0x00001130   Section        0  ht32_serial.o(.text.SERIAL_PutChar)
    __arm_cp.0_0                             0x00001154   Number         4  ht32_serial.o(.text.SERIAL_PutChar)
    [Anonymous Symbol]                       0x00001158   Section        0  ht32f5xxxx_01_it.o(.text.SVC_Handler)
    [Anonymous Symbol]                       0x0000115a   Section        0  ht32f5xxxx_01_it.o(.text.SysTick_Handler)
    [Anonymous Symbol]                       0x0000115c   Section        0  system_ht32f5xxxx_03.o(.text.SystemInit)
    __arm_cp.0_0                             0x000012a4   Number         4  system_ht32f5xxxx_03.o(.text.SystemInit)
    __arm_cp.0_1                             0x000012a8   Number         4  system_ht32f5xxxx_03.o(.text.SystemInit)
    __arm_cp.0_2                             0x000012ac   Number         4  system_ht32f5xxxx_03.o(.text.SystemInit)
    __arm_cp.0_3                             0x000012b0   Number         4  system_ht32f5xxxx_03.o(.text.SystemInit)
    __arm_cp.0_4                             0x000012b4   Number         4  system_ht32f5xxxx_03.o(.text.SystemInit)
    __arm_cp.0_5                             0x000012b8   Number         4  system_ht32f5xxxx_03.o(.text.SystemInit)
    __arm_cp.0_6                             0x000012bc   Number         4  system_ht32f5xxxx_03.o(.text.SystemInit)
    __arm_cp.0_7                             0x000012c0   Number         4  system_ht32f5xxxx_03.o(.text.SystemInit)
    __arm_cp.0_8                             0x000012c4   Number         4  system_ht32f5xxxx_03.o(.text.SystemInit)
    __arm_cp.0_9                             0x000012c8   Number         4  system_ht32f5xxxx_03.o(.text.SystemInit)
    __arm_cp.0_10                            0x000012cc   Number         4  system_ht32f5xxxx_03.o(.text.SystemInit)
    [Anonymous Symbol]                       0x000012d0   Section        0  ht32f5xxxx_usart.o(.text.USART_Init)
    __arm_cp.1_0                             0x0000138c   Number         4  ht32f5xxxx_usart.o(.text.USART_Init)
    __arm_cp.1_1                             0x00001390   Number         4  ht32f5xxxx_usart.o(.text.USART_Init)
    __arm_cp.1_2                             0x00001394   Number         4  ht32f5xxxx_usart.o(.text.USART_Init)
    __arm_cp.1_3                             0x00001398   Number         4  ht32f5xxxx_usart.o(.text.USART_Init)
    __arm_cp.1_4                             0x0000139c   Number         4  ht32f5xxxx_usart.o(.text.USART_Init)
    __arm_cp.1_5                             0x000013a0   Number         4  ht32f5xxxx_usart.o(.text.USART_Init)
    [Anonymous Symbol]                       0x000013a4   Section        0  ht32f5xxxx_usart.o(.text.USART_TxRxCmd)
    [Anonymous Symbol]                       0x000013da   Section        0  ht32_retarget.o(.text.fputc)
    [Anonymous Symbol]                       0x000013ec   Section        0  main.o(.text.main)
    __arm_cp.0_0                             0x00001444   Number         4  main.o(.text.main)
    __arm_cp.0_1                             0x00001448   Number         4  main.o(.text.main)
    __arm_cp.0_2                             0x0000144c   Number         4  main.o(.text.main)
    __arm_cp.0_3                             0x00001450   Number         4  main.o(.text.main)
    __arm_cp.0_4                             0x00001454   Number         4  main.o(.text.main)
    i.__0printf                              0x00001458   Section        0  printfa.o(i.__0printf)
    i.__ARM_clz                              0x00001478   Section        0  depilogue.o(i.__ARM_clz)
    i.__scatterload_copy                     0x000014a6   Section       14  handlers.o(i.__scatterload_copy)
    i.__scatterload_null                     0x000014b4   Section        2  handlers.o(i.__scatterload_null)
    i.__scatterload_zeroinit                 0x000014b6   Section       14  handlers.o(i.__scatterload_zeroinit)
    _fp_digits                               0x000014c5   Thumb Code   344  printfa.o(i._fp_digits)
    i._fp_digits                             0x000014c4   Section        0  printfa.o(i._fp_digits)
    _printf_core                             0x00001639   Thumb Code  1754  printfa.o(i._printf_core)
    i._printf_core                           0x00001638   Section        0  printfa.o(i._printf_core)
    _printf_post_padding                     0x00001d25   Thumb Code    32  printfa.o(i._printf_post_padding)
    i._printf_post_padding                   0x00001d24   Section        0  printfa.o(i._printf_post_padding)
    _printf_pre_padding                      0x00001d45   Thumb Code    44  printfa.o(i._printf_pre_padding)
    i._printf_pre_padding                    0x00001d44   Section        0  printfa.o(i._printf_pre_padding)
    [Anonymous Symbol]                       0x00001d80   Section        0  main.o(.rodata.str1.1)
    .data                                    0x20000000   Section        4  stdout.o(.data)
    HardFault_Handler.gIsContinue            0x20000008   Data           4  ht32f5xxxx_01_it.o(.bss.HardFault_Handler.gIsContinue)
    [Anonymous Symbol]                       0x20000008   Section        0  ht32f5xxxx_01_it.o(.bss.HardFault_Handler.gIsContinue)
    STACK                                    0x20000010   Section      512  startup_ht32f5xxxx_03.o(STACK)

    Global Symbols

    Symbol Name                              Value     Ov Type        Size  Object(Section)

    BuildAttributes$$THM_ISAv3M$S$PE$A:L22$X:L11$S22$IEEE1$IW$~IW$USESV6$~STKCKD$USESV7$~SHL$OTIME$ROPI$EBA8$MICROLIB$REQ8$PRES8$EABIv2 0x00000000   Number         0  anon$$obj.o ABSOLUTE
    __Vectors                                0x00000000   Data           0  startup_ht32f5xxxx_03.o(RESET)
    __cpp_initialize__aeabi_                  - Undefined Weak Reference
    __cxa_finalize                            - Undefined Weak Reference
    __decompress                              - Undefined Weak Reference
    _clock_init                               - Undefined Weak Reference
    _microlib_exit                            - Undefined Weak Reference
    Reset_Handler                            0x000000c1   Thumb Code    12  startup_ht32f5xxxx_03.o(RESET)
    ADC_IRQHandler                           0x00000135   Thumb Code     0  startup_ht32f5xxxx_03.o(RESET)
    AES_IRQHandler                           0x00000135   Thumb Code     0  startup_ht32f5xxxx_03.o(RESET)
    BFTM0_IRQHandler                         0x00000135   Thumb Code     0  startup_ht32f5xxxx_03.o(RESET)
    BFTM1_IRQHandler                         0x00000135   Thumb Code     0  startup_ht32f5xxxx_03.o(RESET)
    COMP_DAC_IRQHandler                      0x00000135   Thumb Code     0  startup_ht32f5xxxx_03.o(RESET)
    COMP_IRQHandler                          0x00000135   Thumb Code     0  startup_ht32f5xxxx_03.o(RESET)
    EVWUP_IRQHandler                         0x00000135   Thumb Code     0  startup_ht32f5xxxx_03.o(RESET)
    EXTI0_1_IRQHandler                       0x00000135   Thumb Code     0  startup_ht32f5xxxx_03.o(RESET)
    EXTI2_3_IRQHandler                       0x00000135   Thumb Code     0  startup_ht32f5xxxx_03.o(RESET)
    EXTI4_15_IRQHandler                      0x00000135   Thumb Code     0  startup_ht32f5xxxx_03.o(RESET)
    FLASH_IRQHandler                         0x00000135   Thumb Code     0  startup_ht32f5xxxx_03.o(RESET)
    GPTM0_IRQHandler                         0x00000135   Thumb Code     0  startup_ht32f5xxxx_03.o(RESET)
    I2C0_IRQHandler                          0x00000135   Thumb Code     0  startup_ht32f5xxxx_03.o(RESET)
    I2C1_IRQHandler                          0x00000135   Thumb Code     0  startup_ht32f5xxxx_03.o(RESET)
    I2S_IRQHandler                           0x00000135   Thumb Code     0  startup_ht32f5xxxx_03.o(RESET)
    LVD_BOD_IRQHandler                       0x00000135   Thumb Code     0  startup_ht32f5xxxx_03.o(RESET)
    MCTM0_IRQHandler                         0x00000135   Thumb Code     0  startup_ht32f5xxxx_03.o(RESET)
    PDMA_CH0_1_IRQHandler                    0x00000135   Thumb Code     0  startup_ht32f5xxxx_03.o(RESET)
    PDMA_CH2_5_IRQHandler                    0x00000135   Thumb Code     0  startup_ht32f5xxxx_03.o(RESET)
    PWM0_IRQHandler                          0x00000135   Thumb Code     0  startup_ht32f5xxxx_03.o(RESET)
    PWM1_IRQHandler                          0x00000135   Thumb Code     0  startup_ht32f5xxxx_03.o(RESET)
    QSPI_IRQHandler                          0x00000135   Thumb Code     0  startup_ht32f5xxxx_03.o(RESET)
    RTC_IRQHandler                           0x00000135   Thumb Code     0  startup_ht32f5xxxx_03.o(RESET)
    SCI_IRQHandler                           0x00000135   Thumb Code     0  startup_ht32f5xxxx_03.o(RESET)
    SCTM0_IRQHandler                         0x00000135   Thumb Code     0  startup_ht32f5xxxx_03.o(RESET)
    SCTM1_IRQHandler                         0x00000135   Thumb Code     0  startup_ht32f5xxxx_03.o(RESET)
    SPI0_IRQHandler                          0x00000135   Thumb Code     0  startup_ht32f5xxxx_03.o(RESET)
    SPI1_IRQHandler                          0x00000135   Thumb Code     0  startup_ht32f5xxxx_03.o(RESET)
    UART0_IRQHandler                         0x00000135   Thumb Code     0  startup_ht32f5xxxx_03.o(RESET)
    UART0_UART2_IRQHandler                   0x00000135   Thumb Code     0  startup_ht32f5xxxx_03.o(RESET)
    UART1_IRQHandler                         0x00000135   Thumb Code     0  startup_ht32f5xxxx_03.o(RESET)
    UART1_UART3_IRQHandler                   0x00000135   Thumb Code     0  startup_ht32f5xxxx_03.o(RESET)
    USART0_IRQHandler                        0x00000135   Thumb Code     0  startup_ht32f5xxxx_03.o(RESET)
    USART1_IRQHandler                        0x00000135   Thumb Code     0  startup_ht32f5xxxx_03.o(RESET)
    USB_IRQHandler                           0x00000135   Thumb Code     0  startup_ht32f5xxxx_03.o(RESET)
    __main                                   0x00000165   Thumb Code     0  entry.o(.ARM.Collect$$$$00000000)
    _main_stk                                0x00000165   Thumb Code     0  entry2.o(.ARM.Collect$$$$00000001)
    _main_scatterload                        0x00000169   Thumb Code     0  entry5.o(.ARM.Collect$$$$00000004)
    __main_after_scatterload                 0x0000016d   Thumb Code     0  entry5.o(.ARM.Collect$$$$00000004)
    _main_clock                              0x0000016d   Thumb Code     0  entry7b.o(.ARM.Collect$$$$00000008)
    _main_cpp_init                           0x0000016d   Thumb Code     0  entry8b.o(.ARM.Collect$$$$0000000A)
    _main_init                               0x0000016d   Thumb Code     0  entry9a.o(.ARM.Collect$$$$0000000B)
    __rt_final_cpp                           0x00000175   Thumb Code     0  entry10a.o(.ARM.Collect$$$$0000000D)
    __rt_final_exit                          0x00000175   Thumb Code     0  entry11a.o(.ARM.Collect$$$$0000000F)
    __aeabi_fmul                             0x00000179   Thumb Code   122  fmul.o(.text)
    __aeabi_i2f                              0x000001f3   Thumb Code    22  fflti.o(.text)
    __aeabi_f2d                              0x00000209   Thumb Code    40  f2d.o(.text)
    __aeabi_uidiv                            0x00000231   Thumb Code     0  uidiv_div0.o(.text)
    __aeabi_uidivmod                         0x00000231   Thumb Code    62  uidiv_div0.o(.text)
    __aeabi_uldivmod                         0x0000026f   Thumb Code    96  uldiv.o(.text)
    __I$use$fp                               0x000002cf   Thumb Code     0  iusefp.o(.text)
    _float_round                             0x000002cf   Thumb Code    16  fepilogue.o(.text)
    _float_epilogue                          0x000002df   Thumb Code   114  fepilogue.o(.text)
    __aeabi_dadd                             0x00000351   Thumb Code   328  dadd.o(.text)
    __aeabi_dsub                             0x00000499   Thumb Code    12  dadd.o(.text)
    __aeabi_drsub                            0x000004a5   Thumb Code    12  dadd.o(.text)
    __aeabi_dmul                             0x000004b5   Thumb Code   202  dmul.o(.text)
    __aeabi_ddiv                             0x00000585   Thumb Code   234  ddiv.o(.text)
    __aeabi_d2ulz                            0x00000675   Thumb Code    54  dfixul.o(.text)
    __aeabi_cdrcmple                         0x000006b5   Thumb Code    38  cdrcmple.o(.text)
    __scatterload                            0x000006dd   Thumb Code    38  init.o(.text)
    __scatterload_rt2                        0x000006dd   Thumb Code     0  init.o(.text)
    __aeabi_llsl                             0x0000070d   Thumb Code    32  llshl.o(.text)
    _ll_shift_l                              0x0000070d   Thumb Code     0  llshl.o(.text)
    __aeabi_llsr                             0x0000072d   Thumb Code    34  llushr.o(.text)
    _ll_ushift_r                             0x0000072d   Thumb Code     0  llushr.o(.text)
    __aeabi_lasr                             0x0000074f   Thumb Code    38  llsshr.o(.text)
    _ll_sshift_r                             0x0000074f   Thumb Code     0  llsshr.o(.text)
    _double_round                            0x00000775   Thumb Code    26  depilogue.o(.text)
    _double_epilogue                         0x0000078f   Thumb Code   164  depilogue.o(.text)
    ADS1115_ReadVoltage_A0                   0x00000835   Thumb Code   484  main.o(.text.ADS1115_ReadVoltage_A0)
    AFIO_GPxConfig                           0x00000a31   Thumb Code   172  ht32f5xxxx_gpio.o(.text.AFIO_GPxConfig)
    CKCU_GetClocksFrequency                  0x00000ae1   Thumb Code   172  ht32f5xxxx_ckcu.o(.text.CKCU_GetClocksFrequency)
    CKCU_GetPLLFrequency                     0x00000b95   Thumb Code   148  ht32f5xxxx_ckcu.o(.text.CKCU_GetPLLFrequency)
    CKCU_GetPeripFrequency                   0x00000c3d   Thumb Code    88  ht32f5xxxx_ckcu.o(.text.CKCU_GetPeripFrequency)
    CKCU_PeripClockConfig                    0x00000c99   Thumb Code   112  ht32f5xxxx_ckcu.o(.text.CKCU_PeripClockConfig)
    Delay                                    0x00000d15   Thumb Code    24  main.o(.text.Delay)
    GPIO_PullResistorConfig                  0x00000d2d   Thumb Code   116  ht32f5xxxx_gpio.o(.text.GPIO_PullResistorConfig)
    HT32F_DVB_COMInit                        0x00000da1   Thumb Code   124  ht32_board.o(.text.HT32F_DVB_COMInit)
    HardFault_Handler                        0x00000e21   Thumb Code    16  ht32f5xxxx_01_it.o(.text.HardFault_Handler)
    I2C_AckCmd                               0x00000e35   Thumb Code    44  ht32f5xxxx_i2c.o(.text.I2C_AckCmd)
    I2C_CheckStatus                          0x00000e61   Thumb Code    42  ht32f5xxxx_i2c.o(.text.I2C_CheckStatus)
    I2C_Cmd                                  0x00000e8b   Thumb Code    44  ht32f5xxxx_i2c.o(.text.I2C_Cmd)
    I2C_Configuration                        0x00000eb9   Thumb Code   144  main.o(.text.I2C_Configuration)
    I2C_GenerateSTOP                         0x00000f51   Thumb Code    18  ht32f5xxxx_i2c.o(.text.I2C_GenerateSTOP)
    I2C_Init                                 0x00000f65   Thumb Code   284  ht32f5xxxx_i2c.o(.text.I2C_Init)
    I2C_ReadRegister                         0x00001089   Thumb Code    32  ht32f5xxxx_i2c.o(.text.I2C_ReadRegister)
    I2C_ReceiveData                          0x000010a9   Thumb Code    14  ht32f5xxxx_i2c.o(.text.I2C_ReceiveData)
    I2C_SendData                             0x000010b7   Thumb Code    18  ht32f5xxxx_i2c.o(.text.I2C_SendData)
    I2C_TargetAddressConfig                  0x000010c9   Thumb Code    64  ht32f5xxxx_i2c.o(.text.I2C_TargetAddressConfig)
    NMI_Handler                              0x00001109   Thumb Code     2  ht32f5xxxx_01_it.o(.text.NMI_Handler)
    PendSV_Handler                           0x0000110b   Thumb Code     2  ht32f5xxxx_01_it.o(.text.PendSV_Handler)
    RETARGET_Configuration                   0x0000110d   Thumb Code    34  ht32_retarget.o(.text.RETARGET_Configuration)
    SERIAL_PutChar                           0x00001131   Thumb Code    36  ht32_serial.o(.text.SERIAL_PutChar)
    SVC_Handler                              0x00001159   Thumb Code     2  ht32f5xxxx_01_it.o(.text.SVC_Handler)
    SysTick_Handler                          0x0000115b   Thumb Code     2  ht32f5xxxx_01_it.o(.text.SysTick_Handler)
    SystemInit                               0x0000115d   Thumb Code   328  system_ht32f5xxxx_03.o(.text.SystemInit)
    USART_Init                               0x000012d1   Thumb Code   188  ht32f5xxxx_usart.o(.text.USART_Init)
    USART_TxRxCmd                            0x000013a5   Thumb Code    54  ht32f5xxxx_usart.o(.text.USART_TxRxCmd)
    fputc                                    0x000013db   Thumb Code    18  ht32_retarget.o(.text.fputc)
    main                                     0x000013ed   Thumb Code    88  main.o(.text.main)
    __0printf                                0x00001459   Thumb Code    24  printfa.o(i.__0printf)
    __1printf                                0x00001459   Thumb Code     0  printfa.o(i.__0printf)
    __2printf                                0x00001459   Thumb Code     0  printfa.o(i.__0printf)
    __c89printf                              0x00001459   Thumb Code     0  printfa.o(i.__0printf)
    printf                                   0x00001459   Thumb Code     0  printfa.o(i.__0printf)
    __ARM_clz                                0x00001479   Thumb Code    46  depilogue.o(i.__ARM_clz)
    __scatterload_copy                       0x000014a7   Thumb Code    14  handlers.o(i.__scatterload_copy)
    __scatterload_null                       0x000014b5   Thumb Code     2  handlers.o(i.__scatterload_null)
    __scatterload_zeroinit                   0x000014b7   Thumb Code    14  handlers.o(i.__scatterload_zeroinit)
    gCOMInfo                                 0x00001d70   Data          16  ht32_board.o(.rodata.gCOMInfo)
    Region$$Table$$Base                      0x00001e28   Number         0  anon$$obj.o(Region$$Table)
    Region$$Table$$Limit                     0x00001e48   Number         0  anon$$obj.o(Region$$Table)
    __stdout                                 0x20000000   Data           4  stdout.o(.data)
    __HT_check_sp                            0x20000010   Data           0  startup_ht32f5xxxx_03.o(STACK)
    __initial_sp                             0x20000210   Data           0  startup_ht32f5xxxx_03.o(STACK)



==============================================================================

Memory Map of the image

  Image Entry point : 0x000000c1

  Load Region LR_1 (Base: 0x00000000, Size: 0x00001e4c, Max: 0xffffffff, ABSOLUTE)

    Execution Region ER_RO (Exec base: 0x00000000, Load base: 0x00000000, Size: 0x00001e48, Max: 0xffffffff, ABSOLUTE)

    Exec Addr    Load Addr    Size         Type   Attr      Idx    E Section Name        Object

    0x00000000   0x00000000   0x00000164   Code   RO           50  * RESET               startup_ht32f5xxxx_03.o
    0x00000164   0x00000164   0x00000000   Code   RO         1432  * .ARM.Collect$$$$00000000  mc_p.l(entry.o)
    0x00000164   0x00000164   0x00000004   Code   RO         1473    .ARM.Collect$$$$00000001  mc_p.l(entry2.o)
    0x00000168   0x00000168   0x00000004   Code   RO         1476    .ARM.Collect$$$$00000004  mc_p.l(entry5.o)
    0x0000016c   0x0000016c   0x00000000   Code   RO         1478    .ARM.Collect$$$$00000008  mc_p.l(entry7b.o)
    0x0000016c   0x0000016c   0x00000000   Code   RO         1480    .ARM.Collect$$$$0000000A  mc_p.l(entry8b.o)
    0x0000016c   0x0000016c   0x00000008   Code   RO         1481    .ARM.Collect$$$$0000000B  mc_p.l(entry9a.o)
    0x00000174   0x00000174   0x00000000   Code   RO         1483    .ARM.Collect$$$$0000000D  mc_p.l(entry10a.o)
    0x00000174   0x00000174   0x00000000   Code   RO         1485    .ARM.Collect$$$$0000000F  mc_p.l(entry11a.o)
    0x00000174   0x00000174   0x00000004   Code   RO         1474    .ARM.Collect$$$$00002712  mc_p.l(entry2.o)
    0x00000178   0x00000178   0x0000007a   Code   RO         1467    .text               mf_p.l(fmul.o)
    0x000001f2   0x000001f2   0x00000016   Code   RO         1469    .text               mf_p.l(fflti.o)
    0x00000208   0x00000208   0x00000028   Code   RO         1471    .text               mf_p.l(f2d.o)
    0x00000230   0x00000230   0x0000003e   Code   RO         1490    .text               mc_p.l(uidiv_div0.o)
    0x0000026e   0x0000026e   0x00000060   Code   RO         1496    .text               mc_p.l(uldiv.o)
    0x000002ce   0x000002ce   0x00000000   Code   RO         1498    .text               mc_p.l(iusefp.o)
    0x000002ce   0x000002ce   0x00000082   Code   RO         1499    .text               mf_p.l(fepilogue.o)
    0x00000350   0x00000350   0x00000164   Code   RO         1501    .text               mf_p.l(dadd.o)
    0x000004b4   0x000004b4   0x000000d0   Code   RO         1503    .text               mf_p.l(dmul.o)
    0x00000584   0x00000584   0x000000f0   Code   RO         1505    .text               mf_p.l(ddiv.o)
    0x00000674   0x00000674   0x00000040   Code   RO         1507    .text               mf_p.l(dfixul.o)
    0x000006b4   0x000006b4   0x00000028   Code   RO         1509    .text               mf_p.l(cdrcmple.o)
    0x000006dc   0x000006dc   0x00000030   Code   RO         1511    .text               mc_p.l(init.o)
    0x0000070c   0x0000070c   0x00000020   Code   RO         1513    .text               mc_p.l(llshl.o)
    0x0000072c   0x0000072c   0x00000022   Code   RO         1515    .text               mc_p.l(llushr.o)
    0x0000074e   0x0000074e   0x00000026   Code   RO         1517    .text               mc_p.l(llsshr.o)
    0x00000774   0x00000774   0x000000be   Code   RO         1519    .text               mf_p.l(depilogue.o)
    0x00000832   0x00000832   0x00000002   PAD
    0x00000834   0x00000834   0x000001fc   Code   RO            6    .text.ADS1115_ReadVoltage_A0  main.o
    0x00000a30   0x00000a30   0x000000b0   Code   RO          567    .text.AFIO_GPxConfig  ht32f5xxxx_gpio.o
    0x00000ae0   0x00000ae0   0x000000b4   Code   RO          298    .text.CKCU_GetClocksFrequency  ht32f5xxxx_ckcu.o
    0x00000b94   0x00000b94   0x000000a8   Code   RO          300    .text.CKCU_GetPLLFrequency  ht32f5xxxx_ckcu.o
    0x00000c3c   0x00000c3c   0x0000005c   Code   RO          304    .text.CKCU_GetPeripFrequency  ht32f5xxxx_ckcu.o
    0x00000c98   0x00000c98   0x0000007c   Code   RO          330    .text.CKCU_PeripClockConfig  ht32f5xxxx_ckcu.o
    0x00000d14   0x00000d14   0x00000018   Code   RO            8    .text.Delay         main.o
    0x00000d2c   0x00000d2c   0x00000074   Code   RO          533    .text.GPIO_PullResistorConfig  ht32f5xxxx_gpio.o
    0x00000da0   0x00000da0   0x00000080   Code   RO         1289    .text.HT32F_DVB_COMInit  ht32_board.o
    0x00000e20   0x00000e20   0x00000014   Code   RO           21    .text.HardFault_Handler  ht32f5xxxx_01_it.o
    0x00000e34   0x00000e34   0x0000002c   Code   RO          598    .text.I2C_AckCmd    ht32f5xxxx_i2c.o
    0x00000e60   0x00000e60   0x0000002a   Code   RO          612    .text.I2C_CheckStatus  ht32f5xxxx_i2c.o
    0x00000e8a   0x00000e8a   0x0000002c   Code   RO          590    .text.I2C_Cmd       ht32f5xxxx_i2c.o
    0x00000eb6   0x00000eb6   0x00000002   PAD
    0x00000eb8   0x00000eb8   0x00000098   Code   RO            4    .text.I2C_Configuration  main.o
    0x00000f50   0x00000f50   0x00000012   Code   RO          592    .text.I2C_GenerateSTOP  ht32f5xxxx_i2c.o
    0x00000f62   0x00000f62   0x00000002   PAD
    0x00000f64   0x00000f64   0x00000124   Code   RO          586    .text.I2C_Init      ht32f5xxxx_i2c.o
    0x00001088   0x00001088   0x00000020   Code   RO          608    .text.I2C_ReadRegister  ht32f5xxxx_i2c.o
    0x000010a8   0x000010a8   0x0000000e   Code   RO          606    .text.I2C_ReceiveData  ht32f5xxxx_i2c.o
    0x000010b6   0x000010b6   0x00000012   Code   RO          604    .text.I2C_SendData  ht32f5xxxx_i2c.o
    0x000010c8   0x000010c8   0x00000040   Code   RO          602    .text.I2C_TargetAddressConfig  ht32f5xxxx_i2c.o
    0x00001108   0x00001108   0x00000002   Code   RO           19    .text.NMI_Handler   ht32f5xxxx_01_it.o
    0x0000110a   0x0000110a   0x00000002   Code   RO           25    .text.PendSV_Handler  ht32f5xxxx_01_it.o
    0x0000110c   0x0000110c   0x00000022   Code   RO         1237    .text.RETARGET_Configuration  ht32_retarget.o
    0x0000112e   0x0000112e   0x00000002   PAD
    0x00001130   0x00001130   0x00000028   Code   RO         1262    .text.SERIAL_PutChar  ht32_serial.o
    0x00001158   0x00001158   0x00000002   Code   RO           23    .text.SVC_Handler   ht32f5xxxx_01_it.o
    0x0000115a   0x0000115a   0x00000002   Code   RO           27    .text.SysTick_Handler  ht32f5xxxx_01_it.o
    0x0000115c   0x0000115c   0x00000174   Code   RO           37    .text.SystemInit    system_ht32f5xxxx_03.o
    0x000012d0   0x000012d0   0x000000d4   Code   RO         1044    .text.USART_Init    ht32f5xxxx_usart.o
    0x000013a4   0x000013a4   0x00000036   Code   RO         1060    .text.USART_TxRxCmd  ht32f5xxxx_usart.o
    0x000013da   0x000013da   0x00000012   Code   RO         1247    .text.fputc         ht32_retarget.o
    0x000013ec   0x000013ec   0x0000006c   Code   RO            2    .text.main          main.o
    0x00001458   0x00001458   0x00000020   Code   RO         1440    i.__0printf         mc_p.l(printfa.o)
    0x00001478   0x00001478   0x0000002e   Code   RO         1521    i.__ARM_clz         mf_p.l(depilogue.o)
    0x000014a6   0x000014a6   0x0000000e   Code   RO         1525    i.__scatterload_copy  mc_p.l(handlers.o)
    0x000014b4   0x000014b4   0x00000002   Code   RO         1526    i.__scatterload_null  mc_p.l(handlers.o)
    0x000014b6   0x000014b6   0x0000000e   Code   RO         1527    i.__scatterload_zeroinit  mc_p.l(handlers.o)
    0x000014c4   0x000014c4   0x00000174   Code   RO         1447    i._fp_digits        mc_p.l(printfa.o)
    0x00001638   0x00001638   0x000006ec   Code   RO         1448    i._printf_core      mc_p.l(printfa.o)
    0x00001d24   0x00001d24   0x00000020   Code   RO         1449    i._printf_post_padding  mc_p.l(printfa.o)
    0x00001d44   0x00001d44   0x0000002c   Code   RO         1450    i._printf_pre_padding  mc_p.l(printfa.o)
    0x00001d70   0x00001d70   0x00000010   Data   RO         1303    .rodata.gCOMInfo    ht32_board.o
    0x00001d80   0x00001d80   0x000000a8   Data   RO           10    .rodata.str1.1      main.o
    0x00001e28   0x00001e28   0x00000020   Data   RO         1524    Region$$Table       anon$$obj.o


    Execution Region ER_RW (Exec base: 0x20000000, Load base: 0x00001e48, Size: 0x00000004, Max: 0xffffffff, ABSOLUTE)

    Exec Addr    Load Addr    Size         Type   Attr      Idx    E Section Name        Object

    0x20000000   0x00001e48   0x00000004   Data   RW         1487    .data               mc_p.l(stdout.o)


    Execution Region ER_ZI (Exec base: 0x20000008, Load base: 0x00001e4c, Size: 0x00000208, Max: 0xffffffff, ABSOLUTE)

    Exec Addr    Load Addr    Size         Type   Attr      Idx    E Section Name        Object

    0x20000008        -       0x00000004   Zero   RW           29    .bss.HardFault_Handler.gIsContinue  ht32f5xxxx_01_it.o
    0x2000000c   0x00001e4c   0x00000004   PAD
    0x20000010        -       0x00000200   Zero   RW           48    STACK               startup_ht32f5xxxx_03.o


==============================================================================

Image component sizes


      Code (inc. data)   RO Data    RW Data    ZI Data      Debug   Object Name

       128          4         16          0          0      11103   ht32_board.o
        52          0          0          0          0       2745   ht32_retarget.o
        40          4          0          0          0       1342   ht32_serial.o
        28          4          0          0          4        999   ht32f5xxxx_01_it.o
       564         72          0          0          0      12920   ht32f5xxxx_ckcu.o
       292          4          0          0          0       8742   ht32f5xxxx_gpio.o
       568          8          0          0          0       8388   ht32f5xxxx_i2c.o
       266         24          0          0          0       8956   ht32f5xxxx_usart.o
       792         52        168          0          0       4788   main.o
       356        238          0          0        512        772   startup_ht32f5xxxx_03.o
       372         44          0          0          0       3125   system_ht32f5xxxx_03.o

    ----------------------------------------------------------------------
      3464        454        216          0        520      63880   Object Totals
         0          0         32          0          0          0   (incl. Generated)
         6          0          0          0          4          0   (incl. Padding)

    ----------------------------------------------------------------------

      Code (inc. data)   RO Data    RW Data    ZI Data      Debug   Library Member Name

         0          0          0          0          0          0   entry.o
         0          0          0          0          0          0   entry10a.o
         0          0          0          0          0          0   entry11a.o
         8          4          0          0          0          0   entry2.o
         4          0          0          0          0          0   entry5.o
         0          0          0          0          0          0   entry7b.o
         0          0          0          0          0          0   entry8b.o
         8          4          0          0          0          0   entry9a.o
        30          0          0          0          0          0   handlers.o
        48         10          0          0          0         68   init.o
         0          0          0          0          0          0   iusefp.o
        32          0          0          0          0         68   llshl.o
        38          0          0          0          0         68   llsshr.o
        34          0          0          0          0         68   llushr.o
      2252         98          0          0          0        412   printfa.o
         0          0          0          4          0          0   stdout.o
        62          0          0          0          0         72   uidiv_div0.o
        96          0          0          0          0         84   uldiv.o
        40          2          0          0          0         68   cdrcmple.o
       356          4          0          0          0        140   dadd.o
       240          6          0          0          0         84   ddiv.o
       236          0          0          0          0        216   depilogue.o
        64         10          0          0          0         68   dfixul.o
       208          6          0          0          0         88   dmul.o
        40          0          0          0          0         60   f2d.o
       130          0          0          0          0        144   fepilogue.o
        22          0          0          0          0         68   fflti.o
       122          0          0          0          0         72   fmul.o

    ----------------------------------------------------------------------
      4072        144          0          4          0       1848   Library Totals
         2          0          0          0          0          0   (incl. Padding)

    ----------------------------------------------------------------------

      Code (inc. data)   RO Data    RW Data    ZI Data      Debug   Library Name

      2612        116          0          4          0        840   mc_p.l
      1458         28          0          0          0       1008   mf_p.l

    ----------------------------------------------------------------------
      4072        144          0          4          0       1848   Library Totals

    ----------------------------------------------------------------------

==============================================================================


      Code (inc. data)   RO Data    RW Data    ZI Data      Debug   

      7536        598        216          4        520      64812   Grand Totals
      7536        598        216          4        520      64812   ELF Image Totals
      7536        598        216          4          0          0   ROM Totals

==============================================================================

    Total RO  Size (Code + RO Data)                 7752 (   7.57kB)
    Total RW  Size (RW Data + ZI Data)               524 (   0.51kB)
    Total ROM Size (Code + RO Data + RW Data)       7756 (   7.57kB)

==============================================================================

