<html>
<body>
<pre>
<h1>µVision Build Log</h1>
<h2>Tool Versions:</h2>
IDE-Version: ÂµVision V5.43.1.0
Copyright (C) 2025 ARM Ltd and ARM Germany GmbH. All rights reserved.
License Information: Hsing-Yi Chiang, SHU-TE UNIVERSITY, LIC=----
 
Tool Versions:
Toolchain:       MDK-Lite  Version: 5.43.0.0
Toolchain Path:  C:\Users\kfwgx\AppData\Local\Keil_v5\ARM\ARMCLANG\Bin
C Compiler:      ArmClang.exe V6.24
Assembler:       Armasm.exe V6.24
Linker/Locator:  ArmLink.exe V6.24
Library Manager: ArmAr.exe V6.24
Hex Converter:   FromElf.exe V6.24
CPU DLL:         SARMCM3.DLL V5.43.0.0
Dialog DLL:      DARMCM1.DLL V1.19.6.0
Target DLL:      CMSIS_AGDI.dll V1.33.24.0
Dialog DLL:      TARMCM1.DLL V1.14.6.0
 
<h2>Project:</h2>
C:\Users\kfwgx\Project\08_Electronic_Nose\code\HT32_STD_5xxxx_FWLib_V1.19.2_9665\example\GPIO\InputOutput\MDK_ARMv5\Project_52367.uvprojx
Project File Date:  04/02/2026

<h2>Output:</h2>
*** Using Compiler 'V6.24', folder: 'C:\Users\kfwgx\AppData\Local\Keil_v5\ARM\ARMCLANG\Bin'
Build target 'HT32'
assembling ht32_op.s...
compiling ht32f5xxxx_bftm.c...
compiling ht32f5xxxx_01_it.c...
assembling startup_ht32f5xxxx_03.s...
compiling ht32f5xxxx_cmp.c...
compiling ht32f5xxxx_dac.c...
compiling ht32f5xxxx_div.c...
compiling main.c...
compiling system_ht32f5xxxx_03.c...
compiling ht32f5xxxx_crc.c...
compiling ht32f5xxxx_adc.c...
compiling ht32_usbd_core.c...
compiling ht32_cm0plus_misc.c...
compiling ht32f5xxxx_aes.c...
compiling ht32f5xxxx_ebi.c...
compiling ht32f5xxxx_ckcu.c...
compiling ht32f5xxxx_exti.c...
compiling ht32f5xxxx_i2s.c...
compiling ht32f5xxxx_mctm.c...
compiling ht32f5xxxx_i2c.c...
compiling ht32f5xxxx_flash.c...
compiling ht32f5xxxx_pdma.c...
compiling ht32f5xxxx_gpio.c...
compiling ht32f5xxxx_pwrcu.c...
compiling ht32f5xxxx_rstcu.c...
compiling ht32f5xxxx_rtc.c...
compiling ht32f5xxxx_sci.c...
compiling ht32f5xxxx_wdt.c...
compiling ht32f5xxxx_spi.c...
compiling ht32f5xxxx_usart.c...
compiling ht32_retarget.c...
compiling ht32f5xxxx_tm.c...
compiling ht32f5xxxx_usbd.c...
compiling ht32_serial.c...
compiling ht32_board.c...
compiling i2c_eeprom.c...
compiling ebi_lcd.c...
compiling spi_flash.c...
linking...
Program Size: Code=1964 RO-data=16 RW-data=0 ZI-data=520  
FromELF: creating hex file...
After Build - User command #1: fromelf --bin -o ".\HT32\52367\Obj\HT32.axf.bin" ".\HT32\52367\Obj\HT32.axf"
".\HT32\52367\Obj\HT32.axf" - 0 Error(s), 0 Warning(s).

<h2>Software Packages used:</h2>

Package Vendor: Holtek
                https://mcu.holtek.com.tw/pack/Holtek.HT32_DFP.1.0.76.pack
                Holtek::HT32_DFP@1.0.76
                Holtek HT32 Family Support
   * Component: HT32 Stack Usage Analysis Version: 1.0.0

<h2>Collection of Component include folders:</h2>
  ./RTE/_HT32
  C:/Users/kfwgx/AppData/Local/Arm/Packs/Holtek/HT32_DFP/1.0.76/ARM/INC/Holtek/HT32F5xxxx

<h2>Collection of Component Files used:</h2>

   * Component: Holtek::HT32 Stack Usage Analysis:HT32 Stack Usage Analysis@1.0.0
Build Time Elapsed:  00:00:03
</pre>
</body>
</html>
